Archive member included to satisfy reference by file (symbol)

d:/progra~2/gnuarm~1/102021~1.10/bin/../lib/gcc/arm-none-eabi/10.3.1/thumb/v7e-m/nofp\libgcc.a(_arm_muldf3.o)
                              CMakeFiles/emWin_Test_F407.elf.dir/Drivers/BSP/LCD/lcd.c.obj (__aeabi_dmul)
d:/progra~2/gnuarm~1/102021~1.10/bin/../lib/gcc/arm-none-eabi/10.3.1/thumb/v7e-m/nofp\libgcc.a(_arm_addsubdf3.o)
                              CMakeFiles/emWin_Test_F407.elf.dir/Drivers/BSP/LCD/lcd.c.obj (__aeabi_i2d)
d:/progra~2/gnuarm~1/102021~1.10/bin/../lib/gcc/arm-none-eabi/10.3.1/thumb/v7e-m/nofp\libgcc.a(_arm_fixunsdfsi.o)
                              CMakeFiles/emWin_Test_F407.elf.dir/Drivers/BSP/LCD/lcd.c.obj (__aeabi_d2uiz)
d:/progra~2/gnuarm~1/102021~1.10/bin/../lib/gcc/arm-none-eabi/10.3.1/thumb/v7e-m/nofp\libgcc.a(_aeabi_uldivmod.o)
                              CMakeFiles/emWin_Test_F407.elf.dir/Drivers/STM32F4xx_HAL_Driver/Src/stm32f4xx_hal_rcc.c.obj (__aeabi_uldivmod)
d:/progra~2/gnuarm~1/102021~1.10/bin/../lib/gcc/arm-none-eabi/10.3.1/thumb/v7e-m/nofp\libgcc.a(_udivmoddi4.o)
                              d:/progra~2/gnuarm~1/102021~1.10/bin/../lib/gcc/arm-none-eabi/10.3.1/thumb/v7e-m/nofp\libgcc.a(_aeabi_uldivmod.o) (__udivmoddi4)
d:/progra~2/gnuarm~1/102021~1.10/bin/../lib/gcc/arm-none-eabi/10.3.1/thumb/v7e-m/nofp\libgcc.a(_dvmd_tls.o)
                              d:/progra~2/gnuarm~1/102021~1.10/bin/../lib/gcc/arm-none-eabi/10.3.1/thumb/v7e-m/nofp\libgcc.a(_aeabi_uldivmod.o) (__aeabi_ldiv0)
d:/progra~2/gnuarm~1/102021~1.10/bin/../lib/gcc/arm-none-eabi/10.3.1/../../../../arm-none-eabi/lib/thumb/v7e-m/nofp\libg.a(lib_a-errno.o)
                              CMakeFiles/emWin_Test_F407.elf.dir/Core/Src/syscalls.c.obj (__errno)
d:/progra~2/gnuarm~1/102021~1.10/bin/../lib/gcc/arm-none-eabi/10.3.1/../../../../arm-none-eabi/lib/thumb/v7e-m/nofp\libg.a(lib_a-exit.o)
                              d:/progra~2/gnuarm~1/102021~1.10/bin/../lib/gcc/arm-none-eabi/10.3.1/../../../../arm-none-eabi/lib/thumb/v7e-m/nofp/crt0.o (exit)
d:/progra~2/gnuarm~1/102021~1.10/bin/../lib/gcc/arm-none-eabi/10.3.1/../../../../arm-none-eabi/lib/thumb/v7e-m/nofp\libg.a(lib_a-impure.o)
                              d:/progra~2/gnuarm~1/102021~1.10/bin/../lib/gcc/arm-none-eabi/10.3.1/../../../../arm-none-eabi/lib/thumb/v7e-m/nofp\libg.a(lib_a-exit.o) (_global_impure_ptr)
d:/progra~2/gnuarm~1/102021~1.10/bin/../lib/gcc/arm-none-eabi/10.3.1/../../../../arm-none-eabi/lib/thumb/v7e-m/nofp\libg.a(lib_a-init.o)
                              d:/progra~2/gnuarm~1/102021~1.10/bin/../lib/gcc/arm-none-eabi/10.3.1/../../../../arm-none-eabi/lib/thumb/v7e-m/nofp/crt0.o (__libc_init_array)
d:/progra~2/gnuarm~1/102021~1.10/bin/../lib/gcc/arm-none-eabi/10.3.1/../../../../arm-none-eabi/lib/thumb/v7e-m/nofp\libg.a(lib_a-memset.o)
                              d:/progra~2/gnuarm~1/102021~1.10/bin/../lib/gcc/arm-none-eabi/10.3.1/../../../../arm-none-eabi/lib/thumb/v7e-m/nofp/crt0.o (memset)
d:/progra~2/gnuarm~1/102021~1.10/bin/../lib/gcc/arm-none-eabi/10.3.1/../../../../arm-none-eabi/lib/thumb/v7e-m/nofp\libg.a(lib_a-printf.o)
                              CMakeFiles/emWin_Test_F407.elf.dir/Drivers/BSP/LCD/lcd.c.obj (printf)
d:/progra~2/gnuarm~1/102021~1.10/bin/../lib/gcc/arm-none-eabi/10.3.1/../../../../arm-none-eabi/lib/thumb/v7e-m/nofp\libg.a(lib_a-sprintf.o)
                              CMakeFiles/emWin_Test_F407.elf.dir/Core/Src/main.c.obj (sprintf)
d:/progra~2/gnuarm~1/102021~1.10/bin/../lib/gcc/arm-none-eabi/10.3.1/../../../../arm-none-eabi/lib/thumb/v7e-m/nofp\libg.a(lib_a-svfprintf.o)
                              d:/progra~2/gnuarm~1/102021~1.10/bin/../lib/gcc/arm-none-eabi/10.3.1/../../../../arm-none-eabi/lib/thumb/v7e-m/nofp\libg.a(lib_a-sprintf.o) (_svfprintf_r)
d:/progra~2/gnuarm~1/102021~1.10/bin/../lib/gcc/arm-none-eabi/10.3.1/../../../../arm-none-eabi/lib/thumb/v7e-m/nofp\libg.a(lib_a-vfprintf.o)
                              d:/progra~2/gnuarm~1/102021~1.10/bin/../lib/gcc/arm-none-eabi/10.3.1/../../../../arm-none-eabi/lib/thumb/v7e-m/nofp\libg.a(lib_a-printf.o) (_vfprintf_r)
d:/progra~2/gnuarm~1/102021~1.10/bin/../lib/gcc/arm-none-eabi/10.3.1/../../../../arm-none-eabi/lib/thumb/v7e-m/nofp\libg.a(lib_a-wsetup.o)
                              d:/progra~2/gnuarm~1/102021~1.10/bin/../lib/gcc/arm-none-eabi/10.3.1/../../../../arm-none-eabi/lib/thumb/v7e-m/nofp\libg.a(lib_a-vfprintf.o) (__swsetup_r)
d:/progra~2/gnuarm~1/102021~1.10/bin/../lib/gcc/arm-none-eabi/10.3.1/../../../../arm-none-eabi/lib/thumb/v7e-m/nofp\libg.a(lib_a-__call_atexit.o)
                              d:/progra~2/gnuarm~1/102021~1.10/bin/../lib/gcc/arm-none-eabi/10.3.1/../../../../arm-none-eabi/lib/thumb/v7e-m/nofp\libg.a(lib_a-exit.o) (__call_exitprocs)
d:/progra~2/gnuarm~1/102021~1.10/bin/../lib/gcc/arm-none-eabi/10.3.1/../../../../arm-none-eabi/lib/thumb/v7e-m/nofp\libg.a(lib_a-atexit.o)
[...]
Memory Configuration

Name             Origin             Length             Attributes
RAM              0x20000000         0x00020000         xrw
CCMRAM           0x10000000         0x00010000         xrw
FLASH            0x08000000         0x00100000         xr
*default*        0x00000000         0xffffffff

Linker script and memory map

LOAD d:/progra~2/gnuarm~1/102021~1.10/bin/../lib/gcc/arm-none-eabi/10.3.1/thumb/v7e-m/nofp/crti.o
LOAD d:/progra~2/gnuarm~1/102021~1.10/bin/../lib/gcc/arm-none-eabi/10.3.1/thumb/v7e-m/nofp/crtbegin.o
LOAD d:/progra~2/gnuarm~1/102021~1.10/bin/../lib/gcc/arm-none-eabi/10.3.1/../../../../arm-none-eabi/lib/thumb/v7e-m/nofp/crt0.o
LOAD CMakeFiles/emWin_Test_F407.elf.dir/Core/Src/fsmc.c.obj
LOAD CMakeFiles/emWin_Test_F407.elf.dir/Core/Src/gpio.c.obj
LOAD CMakeFiles/emWin_Test_F407.elf.dir/Core/Src/main.c.obj
LOAD CMakeFiles/emWin_Test_F407.elf.dir/Core/Src/stm32f4xx_hal_msp.c.obj
LOAD CMakeFiles/emWin_Test_F407.elf.dir/Core/Src/stm32f4xx_it.c.obj
LOAD CMakeFiles/emWin_Test_F407.elf.dir/Core/Src/syscalls.c.obj
LOAD CMakeFiles/emWin_Test_F407.elf.dir/Core/Src/sysmem.c.obj
LOAD CMakeFiles/emWin_Test_F407.elf.dir/Core/Src/system_stm32f4xx.c.obj
LOAD CMakeFiles/emWin_Test_F407.elf.dir/Core/Src/usart.c.obj
LOAD CMakeFiles/emWin_Test_F407.elf.dir/Core/Startup/startup_stm32f407zgtx.s.obj
LOAD CMakeFiles/emWin_Test_F407.elf.dir/Drivers/BSP/LCD/lcd.c.obj
LOAD CMakeFiles/emWin_Test_F407.elf.dir/Drivers/BSP/LED/led.c.obj
LOAD CMakeFiles/emWin_Test_F407.elf.dir/Drivers/STM32F4xx_HAL_Driver/Src/stm32f4xx_hal.c.obj
LOAD CMakeFiles/emWin_Test_F407.elf.dir/Drivers/STM32F4xx_HAL_Driver/Src/stm32f4xx_hal_cortex.c.obj
LOAD CMakeFiles/emWin_Test_F407.elf.dir/Drivers/STM32F4xx_HAL_Driver/Src/stm32f4xx_hal_dma.c.obj
LOAD CMakeFiles/emWin_Test_F407.elf.dir/Drivers/STM32F4xx_HAL_Driver/Src/stm32f4xx_hal_dma_ex.c.obj
LOAD CMakeFiles/emWin_Test_F407.elf.dir/Drivers/STM32F4xx_HAL_Driver/Src/stm32f4xx_hal_exti.c.obj
LOAD CMakeFiles/emWin_Test_F407.elf.dir/Drivers/STM32F4xx_HAL_Driver/Src/stm32f4xx_hal_flash.c.obj
LOAD CMakeFiles/emWin_Test_F407.elf.dir/Drivers/STM32F4xx_HAL_Driver/Src/stm32f4xx_hal_flash_ex.c.obj
LOAD CMakeFiles/emWin_Test_F407.elf.dir/Drivers/STM32F4xx_HAL_Driver/Src/stm32f4xx_hal_flash_ramfunc.c.obj
LOAD CMakeFiles/emWin_Test_F407.elf.dir/Drivers/STM32F4xx_HAL_Driver/Src/stm32f4xx_hal_gpio.c.obj
LOAD CMakeFiles/emWin_Test_F407.elf.dir/Drivers/STM32F4xx_HAL_Driver/Src/stm32f4xx_hal_nand.c.obj
LOAD CMakeFiles/emWin_Test_F407.elf.dir/Drivers/STM32F4xx_HAL_Driver/Src/stm32f4xx_hal_nor.c.obj
LOAD CMakeFiles/emWin_Test_F407.elf.dir/Drivers/STM32F4xx_HAL_Driver/Src/stm32f4xx_hal_pccard.c.obj
LOAD CMakeFiles/emWin_Test_F407.elf.dir/Drivers/STM32F4xx_HAL_Driver/Src/stm32f4xx_hal_pwr.c.obj
LOAD CMakeFiles/emWin_Test_F407.elf.dir/Drivers/STM32F4xx_HAL_Driver/Src/stm32f4xx_hal_pwr_ex.c.obj
LOAD CMakeFiles/emWin_Test_F407.elf.dir/Drivers/STM32F4xx_HAL_Driver/Src/stm32f4xx_hal_rcc.c.obj
LOAD CMakeFiles/emWin_Test_F407.elf.dir/Drivers/STM32F4xx_HAL_Driver/Src/stm32f4xx_hal_rcc_ex.c.obj
LOAD CMakeFiles/emWin_Test_F407.elf.dir/Drivers/STM32F4xx_HAL_Driver/Src/stm32f4xx_hal_sram.c.obj
LOAD CMakeFiles/emWin_Test_F407.elf.dir/Drivers/STM32F4xx_HAL_Driver/Src/stm32f4xx_hal_uart.c.obj
LOAD CMakeFiles/emWin_Test_F407.elf.dir/Drivers/STM32F4xx_HAL_Driver/Src/stm32f4xx_ll_fsmc.c.obj
LOAD CMakeFiles/emWin_Test_F407.elf.dir/Drivers/SYSTEM/delay/delay.c.obj
LOAD CMakeFiles/emWin_Test_F407.elf.dir/Drivers/SYSTEM/sys/sys.c.obj
LOAD CMakeFiles/emWin_Test_F407.elf.dir/Drivers/SYSTEM/usart/usart.c.obj
START GROUP
LOAD d:/progra~2/gnuarm~1/102021~1.10/bin/../lib/gcc/arm-none-eabi/10.3.1/thumb/v7e-m/nofp\libgcc.a
LOAD d:/progra~2/gnuarm~1/102021~1.10/bin/../lib/gcc/arm-none-eabi/10.3.1/../../../../arm-none-eabi/lib/thumb/v7e-m/nofp\libg.a
LOAD d:/progra~2/gnuarm~1/102021~1.10/bin/../lib/gcc/arm-none-eabi/10.3.1/../../../../arm-none-eabi/lib/thumb/v7e-m/nofp\libc.a
END GROUP
LOAD d:/progra~2/gnuarm~1/102021~1.10/bin/../lib/gcc/arm-none-eabi/10.3.1/thumb/v7e-m/nofp/crtend.o
LOAD d:/progra~2/gnuarm~1/102021~1.10/bin/../lib/gcc/arm-none-eabi/10.3.1/thumb/v7e-m/nofp/crtn.o
                0x20020000                _estack = (ORIGIN (RAM) + LENGTH (RAM))
                0x00000200                _Min_Heap_Size = 0x200
                0x00000400                _Min_Stack_Size = 0x400

.isr_vector     0x08000000      0x188
                0x08000000                . = ALIGN (0x4)
 *(.isr_vector)
 .isr_vector    0x08000000      0x188 CMakeFiles/emWin_Test_F407.elf.dir/Core/Startup/startup_stm32f407zgtx.s.obj
                0x08000000                g_pfnVectors
                0x08000188                . = ALIGN (0x4)

.text           0x080001c0     0xd908
                0x080001c0                . = ALIGN (0x4)
 *(.text)
 .text          0x080001c0       0x40 d:/progra~2/gnuarm~1/102021~1.10/bin/../lib/gcc/arm-none-eabi/10.3.1/thumb/v7e-m/nofp/crtbegin.o
 .text          0x08000200      0x378 d:/progra~2/gnuarm~1/102021~1.10/bin/../lib/gcc/arm-none-eabi/10.3.1/thumb/v7e-m/nofp\libgcc.a(_arm_addsubdf3.o)
                0x08000200                __aeabi_drsub
                0x08000208                __aeabi_dsub
                0x08000208                __subdf3
                0x0800020c                __aeabi_dadd
                0x0800020c                __adddf3
                0x08000484                __floatunsidf
                0x08000484                __aeabi_ui2d
                0x080004a4                __floatsidf
                0x080004a4                __aeabi_i2d
                0x080004c8                __aeabi_f2d
                0x080004c8                __extendsfdf2
                0x0800050c                __floatundidf
                0x0800050c                __aeabi_ul2d
                0x0800051c                __floatdidf
                0x0800051c                __aeabi_l2d
 .text          0x08000578       0x40 d:/progra~2/gnuarm~1/102021~1.10/bin/../lib/gcc/arm-none-eabi/10.3.1/thumb/v7e-m/nofp\libgcc.a(_arm_fixunsdfsi.o)
                0x08000578                __aeabi_d2uiz
                0x08000578                __fixunsdfsi
 .text          0x080005b8       0x30 d:/progra~2/gnuarm~1/102021~1.10/bin/../lib/gcc/arm-none-eabi/10.3.1/thumb/v7e-m/nofp\libgcc.a(_aeabi_uldivmod.o)
                0x080005b8                __aeabi_uldivmod
 .text          0x080005e8      0x2d0 d:/progra~2/gnuarm~1/102021~1.10/bin/../lib/gcc/arm-none-eabi/10.3.1/thumb/v7e-m/nofp\libgcc.a(_udivmoddi4.o)
                0x080005e8                __udivmoddi4
 .text          0x080008b8        0x4 d:/progra~2/gnuarm~1/102021~1.10/bin/../lib/gcc/arm-none-eabi/10.3.1/thumb/v7e-m/nofp\libgcc.a(_dvmd_tls.o)
                0x080008b8                __aeabi_idiv0
                0x080008b8                __aeabi_ldiv0
 *fill*         0x080008bc        0x4 
 .text          0x080008c0       0xa0 d:/progra~2/gnuarm~1/102021~1.10/bin/../lib/gcc/arm-none-eabi/10.3.1/../../../../arm-none-eabi/lib/thumb/v7e-m/nofp\libg.a(lib_a-memchr.o)
                0x080008c0                memchr
 .text          0x08000960      0x134 d:/progra~2/gnuarm~1/102021~1.10/bin/../lib/gcc/arm-none-eabi/10.3.1/../../../../arm-none-eabi/lib/thumb/v7e-m/nofp\libg.a(lib_a-memcpy.o)
                0x08000960                memcpy
 *fill*         0x08000a94       0x2c 
 .text          0x08000ac0       0xdc d:/progra~2/gnuarm~1/102021~1.10/bin/../lib/gcc/arm-none-eabi/10.3.1/../../../../arm-none-eabi/lib/thumb/v7e-m/nofp\libg.a(lib_a-strlen.o)
                0x08000ac0                strlen
 .text          0x08000b9c      0x424 d:/progra~2/gnuarm~1/102021~1.10/bin/../lib/gcc/arm-none-eabi/10.3.1/thumb/v7e-m/nofp\libgcc.a(_arm_muldivdf3.o)
                0x08000b9c                __aeabi_dmul
                0x08000b9c                __muldf3
                0x08000df0                __divdf3
                0x08000df0                __aeabi_ddiv
 .text          0x08000fc0      0x110 d:/progra~2/gnuarm~1/102021~1.10/bin/../lib/gcc/arm-none-eabi/10.3.1/thumb/v7e-m/nofp\libgcc.a(_arm_cmpdf2.o)
                0x08000fc0                __gtdf2
                0x08000fc0                __gedf2
                0x08000fc8                __ltdf2
                0x08000fc8                __ledf2
                0x08000fd0                __nedf2
                0x08000fd0                __eqdf2
                0x08000fd0                __cmpdf2
                0x0800104c                __aeabi_cdrcmple
                0x0800105c                __aeabi_cdcmpeq
                0x0800105c                __aeabi_cdcmple
                0x0800106c                __aeabi_dcmpeq
                0x08001080                __aeabi_dcmplt
                0x08001094                __aeabi_dcmple
                0x080010a8                __aeabi_dcmpge
                0x080010bc                __aeabi_dcmpgt
 .text          0x080010d0       0x2c d:/progra~2/gnuarm~1/102021~1.10/bin/../lib/gcc/arm-none-eabi/10.3.1/thumb/v7e-m/nofp\libgcc.a(_arm_unorddf2.o)
                0x080010d0                __unorddf2
                0x080010d0                __aeabi_dcmpun
 .text          0x080010fc       0x50 d:/progra~2/gnuarm~1/102021~1.10/bin/../lib/gcc/arm-none-eabi/10.3.1/thumb/v7e-m/nofp\libgcc.a(_arm_fixdfsi.o)
                0x080010fc                __aeabi_d2iz
                0x080010fc                __fixdfsi
 *(.text*)
 .text.HAL_FSMC_MspInit
                0x0800114c       0xb4 CMakeFiles/emWin_Test_F407.elf.dir/Core/Src/fsmc.c.obj
 .text.MX_FSMC_Init
                0x08001200       0x90 CMakeFiles/emWin_Test_F407.elf.dir/Core/Src/fsmc.c.obj
                0x08001200                MX_FSMC_Init
 .text.HAL_SRAM_MspInit
                0x08001290       0x88 CMakeFiles/emWin_Test_F407.elf.dir/Core/Src/fsmc.c.obj
                0x08001290                HAL_SRAM_MspInit
 .text.MX_GPIO_Init
                0x08001318      0x114 CMakeFiles/emWin_Test_F407.elf.dir/Core/Src/gpio.c.obj
                0x08001318                MX_GPIO_Init
 .text.Error_Handler
                0x0800142c        0x4 CMakeFiles/emWin_Test_F407.elf.dir/Core/Src/main.c.obj
                0x0800142c                Error_Handler
 .text.SystemClock_Config
                0x08001430       0xa8 CMakeFiles/emWin_Test_F407.elf.dir/Core/Src/main.c.obj
                0x08001430                SystemClock_Config
 .text.main     0x080014d8      0x1c0 CMakeFiles/emWin_Test_F407.elf.dir/Core/Src/main.c.obj
                0x080014d8                main
 .text.HAL_MspInit
                0x08001698       0x38 CMakeFiles/emWin_Test_F407.elf.dir/Core/Src/stm32f4xx_hal_msp.c.obj
                0x08001698                HAL_MspInit
 .text.NMI_Handler
                0x080016d0        0x2 CMakeFiles/emWin_Test_F407.elf.dir/Core/Src/stm32f4xx_it.c.obj
                0x080016d0                NMI_Handler
 .text.HardFault_Handler
                0x080016d2        0x2 CMakeFiles/emWin_Test_F407.elf.dir/Core/Src/stm32f4xx_it.c.obj
                0x080016d2                HardFault_Handler
 .text.MemManage_Handler
                0x080016d4        0x2 CMakeFiles/emWin_Test_F407.elf.dir/Core/Src/stm32f4xx_it.c.obj
                0x080016d4                MemManage_Handler
 .text.BusFault_Handler
                0x080016d6        0x2 CMakeFiles/emWin_Test_F407.elf.dir/Core/Src/stm32f4xx_it.c.obj
                0x080016d6                BusFault_Handler
 .text.UsageFault_Handler
                0x080016d8        0x2 CMakeFiles/emWin_Test_F407.elf.dir/Core/Src/stm32f4xx_it.c.obj
                0x080016d8                UsageFault_Handler
 .text.SVC_Handler
                0x080016da        0x2 CMakeFiles/emWin_Test_F407.elf.dir/Core/Src/stm32f4xx_it.c.obj
                0x080016da                SVC_Handler
 .text.DebugMon_Handler
                0x080016dc        0x2 CMakeFiles/emWin_Test_F407.elf.dir/Core/Src/stm32f4xx_it.c.obj
                0x080016dc                DebugMon_Handler
 .text.PendSV_Handler
                0x080016de        0x2 CMakeFiles/emWin_Test_F407.elf.dir/Core/Src/stm32f4xx_it.c.obj
                0x080016de                PendSV_Handler
 .text.SysTick_Handler
                0x080016e0        0x8 CMakeFiles/emWin_Test_F407.elf.dir/Core/Src/stm32f4xx_it.c.obj
                0x080016e0                SysTick_Handler
 .text._getpid  0x080016e8        0x4 CMakeFiles/emWin_Test_F407.elf.dir/Core/Src/syscalls.c.obj
                0x080016e8                _getpid
 .text._kill    0x080016ec       0x10 CMakeFiles/emWin_Test_F407.elf.dir/Core/Src/syscalls.c.obj
                0x080016ec                _kill
 .text._exit    0x080016fc        0xc CMakeFiles/emWin_Test_F407.elf.dir/Core/Src/syscalls.c.obj
                0x080016fc                _exit
 .text._read    0x08001708       0x20 CMakeFiles/emWin_Test_F407.elf.dir/Core/Src/syscalls.c.obj
                0x08001708                _read
 .text._write   0x08001728       0x1c CMakeFiles/emWin_Test_F407.elf.dir/Core/Src/syscalls.c.obj
                0x08001728                _write
 .text._close   0x08001744        0x6 CMakeFiles/emWin_Test_F407.elf.dir/Core/Src/syscalls.c.obj
                0x08001744                _close
 .text._fstat   0x0800174a        0xa CMakeFiles/emWin_Test_F407.elf.dir/Core/Src/syscalls.c.obj
                0x0800174a                _fstat
 .text._isatty  0x08001754        0x4 CMakeFiles/emWin_Test_F407.elf.dir/Core/Src/syscalls.c.obj
                0x08001754                _isatty
 .text._lseek   0x08001758        0x4 CMakeFiles/emWin_Test_F407.elf.dir/Core/Src/syscalls.c.obj
                0x08001758                _lseek
 .text._sbrk    0x0800175c       0x48 CMakeFiles/emWin_Test_F407.elf.dir/Core/Src/sysmem.c.obj
                0x0800175c                _sbrk
 .text.SystemInit
                0x080017a4        0x2 CMakeFiles/emWin_Test_F407.elf.dir/Core/Src/system_stm32f4xx.c.obj
                0x080017a4                SystemInit
 *fill*         0x080017a6        0x2 
 .text.MX_USART1_UART_Init
                0x080017a8       0x34 CMakeFiles/emWin_Test_F407.elf.dir/Core/Src/usart.c.obj
                0x080017a8                MX_USART1_UART_Init
 .text.HAL_UART_MspInit
                0x080017dc       0x74 CMakeFiles/emWin_Test_F407.elf.dir/Core/Src/usart.c.obj
                0x080017dc                HAL_UART_MspInit
 .text.Reset_Handler
                0x08001850       0x50 CMakeFiles/emWin_Test_F407.elf.dir/Core/Startup/startup_stm32f407zgtx.s.obj
                0x08001850                Reset_Handler
 .text.Default_Handler
                0x080018a0        0x2 CMakeFiles/emWin_Test_F407.elf.dir/Core/Startup/startup_stm32f407zgtx.s.obj
                0x080018a0                RTC_Alarm_IRQHandler
                0x080018a0                HASH_RNG_IRQHandler
                0x080018a0                EXTI2_IRQHandler
                0x080018a0                TIM8_CC_IRQHandler
                0x080018a0                TIM1_CC_IRQHandler
                0x080018a0                DMA2_Stream5_IRQHandler
                0x080018a0                DMA1_Stream5_IRQHandler
                0x080018a0                PVD_IRQHandler
                0x080018a0                SDIO_IRQHandler
                0x080018a0                TAMP_STAMP_IRQHandler
                0x080018a0                CAN2_RX1_IRQHandler
                0x080018a0                EXTI3_IRQHandler
                0x080018a0                TIM8_TRG_COM_TIM14_IRQHandler
                0x080018a0                TIM1_UP_TIM10_IRQHandler
                0x080018a0                TIM8_UP_TIM13_IRQHandler
                0x080018a0                I2C3_ER_IRQHandler
                0x080018a0                EXTI0_IRQHandler
                0x080018a0                I2C2_EV_IRQHandler
                0x080018a0                DMA1_Stream2_IRQHandler
                0x080018a0                CAN1_RX0_IRQHandler
                0x080018a0                FPU_IRQHandler
                0x080018a0                OTG_HS_WKUP_IRQHandler
                0x080018a0                CAN2_SCE_IRQHandler
                0x080018a0                DMA2_Stream2_IRQHandler
                0x080018a0                SPI1_IRQHandler
                0x080018a0                TIM6_DAC_IRQHandler
                0x080018a0                TIM1_BRK_TIM9_IRQHandler
                0x080018a0                DCMI_IRQHandler
                0x080018a0                CAN2_RX0_IRQHandler
                0x080018a0                DMA2_Stream3_IRQHandler
                0x080018a0                USART6_IRQHandler
                0x080018a0                USART3_IRQHandler
                0x080018a0                CAN1_RX1_IRQHandler
                0x080018a0                UART5_IRQHandler
                0x080018a0                DMA2_Stream0_IRQHandler
                0x080018a0                TIM4_IRQHandler
                0x080018a0                I2C1_EV_IRQHandler
                0x080018a0                DMA1_Stream6_IRQHandler
                0x080018a0                DMA1_Stream1_IRQHandler
                0x080018a0                UART4_IRQHandler
                0x080018a0                TIM3_IRQHandler
                0x080018a0                RCC_IRQHandler
                0x080018a0                TIM8_BRK_TIM12_IRQHandler
                0x080018a0                Default_Handler
                0x080018a0                EXTI15_10_IRQHandler
                0x080018a0                ADC_IRQHandler
                0x080018a0                DMA1_Stream7_IRQHandler
                0x080018a0                TIM7_IRQHandler
                0x080018a0                CAN2_TX_IRQHandler
                0x080018a0                TIM5_IRQHandler
                0x080018a0                DMA2_Stream7_IRQHandler
                0x080018a0                I2C3_EV_IRQHandler
                0x080018a0                EXTI9_5_IRQHandler
                0x080018a0                RTC_WKUP_IRQHandler
                0x080018a0                ETH_WKUP_IRQHandler
                0x080018a0                SPI2_IRQHandler
                0x080018a0                OTG_HS_EP1_IN_IRQHandler
                0x080018a0                DMA1_Stream0_IRQHandler
                0x080018a0                CAN1_TX_IRQHandler
                0x080018a0                EXTI4_IRQHandler
                0x080018a0                FSMC_IRQHandler
                0x080018a0                ETH_IRQHandler
                0x080018a0                OTG_HS_EP1_OUT_IRQHandler
                0x080018a0                WWDG_IRQHandler
                0x080018a0                TIM2_IRQHandler
                0x080018a0                OTG_FS_WKUP_IRQHandler
                0x080018a0                TIM1_TRG_COM_TIM11_IRQHandler
                0x080018a0                OTG_HS_IRQHandler
                0x080018a0                EXTI1_IRQHandler
                0x080018a0                USART2_IRQHandler
                0x080018a0                I2C2_ER_IRQHandler
                0x080018a0                DMA2_Stream1_IRQHandler
                0x080018a0                CAN1_SCE_IRQHandler
                0x080018a0                FLASH_IRQHandler
                0x080018a0                DMA2_Stream4_IRQHandler
                0x080018a0                OTG_FS_IRQHandler
                0x080018a0                SPI3_IRQHandler
                0x080018a0                DMA1_Stream4_IRQHandler
                0x080018a0                I2C1_ER_IRQHandler
                0x080018a0                DMA2_Stream6_IRQHandler
                0x080018a0                DMA1_Stream3_IRQHandler
 .text.lcd_rd_data
                0x080018a2       0x1a CMakeFiles/emWin_Test_F407.elf.dir/Drivers/BSP/LCD/lcd.c.obj
 .text.lcd_wr_data
                0x080018bc       0x22 CMakeFiles/emWin_Test_F407.elf.dir/Drivers/BSP/LCD/lcd.c.obj
                0x080018bc                lcd_wr_data
 .text.lcd_wr_regno
                0x080018de       0x22 CMakeFiles/emWin_Test_F407.elf.dir/Drivers/BSP/LCD/lcd.c.obj
                0x080018de                lcd_wr_regno
 .text.lcd_ex_st7789_reginit
                0x08001900      0x1a8 CMakeFiles/emWin_Test_F407.elf.dir/Drivers/BSP/LCD/lcd.c.obj
                0x08001900                lcd_ex_st7789_reginit
 .text.lcd_ex_ili9341_reginit
                0x08001aa8      0x22c CMakeFiles/emWin_Test_F407.elf.dir/Drivers/BSP/LCD/lcd.c.obj
                0x08001aa8                lcd_ex_ili9341_reginit
 .text.lcd_ex_nt35310_reginit
                0x08001cd4      0xef2 CMakeFiles/emWin_Test_F407.elf.dir/Drivers/BSP/LCD/lcd.c.obj
                0x08001cd4                lcd_ex_nt35310_reginit
 .text.lcd_ex_st7796_reginit
                0x08002bc6      0x1c6 CMakeFiles/emWin_Test_F407.elf.dir/Drivers/BSP/LCD/lcd.c.obj
                0x08002bc6                lcd_ex_st7796_reginit
 .text.lcd_ex_ili9806_reginit
                0x08002d8c      0x340 CMakeFiles/emWin_Test_F407.elf.dir/Drivers/BSP/LCD/lcd.c.obj
                0x08002d8c                lcd_ex_ili9806_reginit
 .text.lcd_ex_ssd1963_reginit
                0x080030cc      0x16e CMakeFiles/emWin_Test_F407.elf.dir/Drivers/BSP/LCD/lcd.c.obj
                0x080030cc                lcd_ex_ssd1963_reginit
 .text.lcd_write_reg
                0x0800323a        0xe CMakeFiles/emWin_Test_F407.elf.dir/Drivers/BSP/LCD/lcd.c.obj
                0x0800323a                lcd_write_reg
 .text.lcd_ex_nt35510_reginit
                0x08003248      0xefc CMakeFiles/emWin_Test_F407.elf.dir/Drivers/BSP/LCD/lcd.c.obj
                0x08003248                lcd_ex_nt35510_reginit
 .text.lcd_write_ram_prepare
                0x08004144       0x14 CMakeFiles/emWin_Test_F407.elf.dir/Drivers/BSP/LCD/lcd.c.obj
                0x08004144                lcd_write_ram_prepare
 .text.lcd_set_cursor
                0x08004158      0x10c CMakeFiles/emWin_Test_F407.elf.dir/Drivers/BSP/LCD/lcd.c.obj
                0x08004158                lcd_set_cursor
 .text.lcd_scan_dir
                0x08004264      0x1e0 CMakeFiles/emWin_Test_F407.elf.dir/Drivers/BSP/LCD/lcd.c.obj
                0x08004264                lcd_scan_dir
 .text.lcd_draw_point
                0x08004444       0x18 CMakeFiles/emWin_Test_F407.elf.dir/Drivers/BSP/LCD/lcd.c.obj
                0x08004444                lcd_draw_point
 *fill*         0x0800445c        0x4 
 .text.lcd_ssd_backlight_set
                0x08004460       0x50 CMakeFiles/emWin_Test_F407.elf.dir/Drivers/BSP/LCD/lcd.c.obj
                0x08004460                lcd_ssd_backlight_set
 .text.lcd_display_dir
                0x080044b0      0x148 CMakeFiles/emWin_Test_F407.elf.dir/Drivers/BSP/LCD/lcd.c.obj
                0x080044b0                lcd_display_dir
 .text.lcd_clear
                0x080045f8       0x34 CMakeFiles/emWin_Test_F407.elf.dir/Drivers/BSP/LCD/lcd.c.obj
                0x080045f8                lcd_clear
 .text.lcd_init
                0x0800462c      0x414 CMakeFiles/emWin_Test_F407.elf.dir/Drivers/BSP/LCD/lcd.c.obj
                0x0800462c                lcd_init
 .text.lcd_show_char
                0x08004a40      0x118 CMakeFiles/emWin_Test_F407.elf.dir/Drivers/BSP/LCD/lcd.c.obj
                0x08004a40                lcd_show_char
 .text.lcd_show_string
                0x08004b58       0x62 CMakeFiles/emWin_Test_F407.elf.dir/Drivers/BSP/LCD/lcd.c.obj
                0x08004b58                lcd_show_string
 *fill*         0x08004bba        0x2 
 .text.led_init
                0x08004bbc       0x78 CMakeFiles/emWin_Test_F407.elf.dir/Drivers/BSP/LED/led.c.obj
                0x08004bbc                led_init
 .text.HAL_InitTick
                0x08004c34       0x4c CMakeFiles/emWin_Test_F407.elf.dir/Drivers/STM32F4xx_HAL_Driver/Src/stm32f4xx_hal.c.obj
                0x08004c34                HAL_InitTick
 .text.HAL_Init
                0x08004c80       0x34 CMakeFiles/emWin_Test_F407.elf.dir/Drivers/STM32F4xx_HAL_Driver/Src/stm32f4xx_hal.c.obj
                0x08004c80                HAL_Init
 .text.HAL_IncTick
                0x08004cb4       0x18 CMakeFiles/emWin_Test_F407.elf.dir/Drivers/STM32F4xx_HAL_Driver/Src/stm32f4xx_hal.c.obj
                0x08004cb4                HAL_IncTick
 .text.HAL_GetTick
                0x08004ccc        0xc CMakeFiles/emWin_Test_F407.elf.dir/Drivers/STM32F4xx_HAL_Driver/Src/stm32f4xx_hal.c.obj
                0x08004ccc                HAL_GetTick
 .text.HAL_GetREVID
                0x08004cd8        0xc CMakeFiles/emWin_Test_F407.elf.dir/Drivers/STM32F4xx_HAL_Driver/Src/stm32f4xx_hal.c.obj
                0x08004cd8                HAL_GetREVID
 .text.HAL_NVIC_SetPriorityGrouping
                0x08004ce4       0x24 CMakeFiles/emWin_Test_F407.elf.dir/Drivers/STM32F4xx_HAL_Driver/Src/stm32f4xx_hal_cortex.c.obj
                0x08004ce4                HAL_NVIC_SetPriorityGrouping
 .text.HAL_NVIC_SetPriority
                0x08004d08       0x70 CMakeFiles/emWin_Test_F407.elf.dir/Drivers/STM32F4xx_HAL_Driver/Src/stm32f4xx_hal_cortex.c.obj
                0x08004d08                HAL_NVIC_SetPriority
 .text.HAL_SYSTICK_Config
                0x08004d78       0x28 CMakeFiles/emWin_Test_F407.elf.dir/Drivers/STM32F4xx_HAL_Driver/Src/stm32f4xx_hal_cortex.c.obj
                0x08004d78                HAL_SYSTICK_Config
 .text.HAL_DMA_Abort
                0x08004da0       0x94 CMakeFiles/emWin_Test_F407.elf.dir/Drivers/STM32F4xx_HAL_Driver/Src/stm32f4xx_hal_dma.c.obj
                0x08004da0                HAL_DMA_Abort
 .text.HAL_DMA_Abort_IT
                0x08004e34       0x26 CMakeFiles/emWin_Test_F407.elf.dir/Drivers/STM32F4xx_HAL_Driver/Src/stm32f4xx_hal_dma.c.obj
                0x08004e34                HAL_DMA_Abort_IT
 *fill*         0x08004e5a        0x2 
 .text.HAL_GPIO_Init
                0x08004e5c      0x1e4 CMakeFiles/emWin_Test_F407.elf.dir/Drivers/STM32F4xx_HAL_Driver/Src/stm32f4xx_hal_gpio.c.obj
                0x08004e5c                HAL_GPIO_Init
 .text.HAL_GPIO_WritePin
                0x08005040        0xc CMakeFiles/emWin_Test_F407.elf.dir/Drivers/STM32F4xx_HAL_Driver/Src/stm32f4xx_hal_gpio.c.obj
                0x08005040                HAL_GPIO_WritePin
 .text.HAL_GPIO_TogglePin
                0x0800504c       0x12 CMakeFiles/emWin_Test_F407.elf.dir/Drivers/STM32F4xx_HAL_Driver/Src/stm32f4xx_hal_gpio.c.obj
                0x0800504c                HAL_GPIO_TogglePin
 *fill*         0x0800505e        0x2 
 .text.HAL_RCC_OscConfig
                0x08005060      0x3f8 CMakeFiles/emWin_Test_F407.elf.dir/Drivers/STM32F4xx_HAL_Driver/Src/stm32f4xx_hal_rcc.c.obj
                0x08005060                HAL_RCC_OscConfig
 .text.HAL_RCC_GetSysClockFreq
                0x08005458       0xd4 CMakeFiles/emWin_Test_F407.elf.dir/Drivers/STM32F4xx_HAL_Driver/Src/stm32f4xx_hal_rcc.c.obj
                0x08005458                HAL_RCC_GetSysClockFreq
 .text.HAL_RCC_ClockConfig
                0x0800552c      0x160 CMakeFiles/emWin_Test_F407.elf.dir/Drivers/STM32F4xx_HAL_Driver/Src/stm32f4xx_hal_rcc.c.obj
                0x0800552c                HAL_RCC_ClockConfig
 .text.HAL_RCC_GetHCLKFreq
                0x0800568c        0xc CMakeFiles/emWin_Test_F407.elf.dir/Drivers/STM32F4xx_HAL_Driver/Src/stm32f4xx_hal_rcc.c.obj
                0x0800568c                HAL_RCC_GetHCLKFreq
 .text.HAL_RCC_GetPCLK1Freq
                0x08005698       0x20 CMakeFiles/emWin_Test_F407.elf.dir/Drivers/STM32F4xx_HAL_Driver/Src/stm32f4xx_hal_rcc.c.obj
                0x08005698                HAL_RCC_GetPCLK1Freq
 .text.HAL_RCC_GetPCLK2Freq
                0x080056b8       0x20 CMakeFiles/emWin_Test_F407.elf.dir/Drivers/STM32F4xx_HAL_Driver/Src/stm32f4xx_hal_rcc.c.obj
                0x080056b8                HAL_RCC_GetPCLK2Freq
 .text.HAL_SRAM_Init
                0x080056d8       0x58 CMakeFiles/emWin_Test_F407.elf.dir/Drivers/STM32F4xx_HAL_Driver/Src/stm32f4xx_hal_sram.c.obj
                0x080056d8                HAL_SRAM_Init
 .text.UART_EndRxTransfer
                0x08005730       0x5c CMakeFiles/emWin_Test_F407.elf.dir/Drivers/STM32F4xx_HAL_Driver/Src/stm32f4xx_hal_uart.c.obj
 .text.UART_Transmit_IT
                0x0800578c       0x60 CMakeFiles/emWin_Test_F407.elf.dir/Drivers/STM32F4xx_HAL_Driver/Src/stm32f4xx_hal_uart.c.obj
 .text.UART_SetConfig
                0x080057ec      0x110 CMakeFiles/emWin_Test_F407.elf.dir/Drivers/STM32F4xx_HAL_Driver/Src/stm32f4xx_hal_uart.c.obj
 .text.HAL_UART_Init
                0x080058fc       0x60 CMakeFiles/emWin_Test_F407.elf.dir/Drivers/STM32F4xx_HAL_Driver/Src/stm32f4xx_hal_uart.c.obj
                0x080058fc                HAL_UART_Init
 .text.HAL_UART_TxCpltCallback
                0x0800595c        0x2 CMakeFiles/emWin_Test_F407.elf.dir/Drivers/STM32F4xx_HAL_Driver/Src/stm32f4xx_hal_uart.c.obj
                0x0800595c                HAL_UART_TxCpltCallback
 .text.UART_EndTransmit_IT
                0x0800595e       0x1a CMakeFiles/emWin_Test_F407.elf.dir/Drivers/STM32F4xx_HAL_Driver/Src/stm32f4xx_hal_uart.c.obj
 .text.HAL_UART_ErrorCallback
                0x08005978        0x2 CMakeFiles/emWin_Test_F407.elf.dir/Drivers/STM32F4xx_HAL_Driver/Src/stm32f4xx_hal_uart.c.obj
                0x08005978                HAL_UART_ErrorCallback
 .text.UART_DMAAbortOnError
                0x0800597a       0x10 CMakeFiles/emWin_Test_F407.elf.dir/Drivers/STM32F4xx_HAL_Driver/Src/stm32f4xx_hal_uart.c.obj
 .text.HAL_UARTEx_RxEventCallback
                0x0800598a        0x2 CMakeFiles/emWin_Test_F407.elf.dir/Drivers/STM32F4xx_HAL_Driver/Src/stm32f4xx_hal_uart.c.obj
                0x0800598a                HAL_UARTEx_RxEventCallback
 .text.UART_Receive_IT
                0x0800598c       0xe6 CMakeFiles/emWin_Test_F407.elf.dir/Drivers/STM32F4xx_HAL_Driver/Src/stm32f4xx_hal_uart.c.obj
 *fill*         0x08005a72        0x2 
 .text.HAL_UART_IRQHandler
                0x08005a74      0x288 CMakeFiles/emWin_Test_F407.elf.dir/Drivers/STM32F4xx_HAL_Driver/Src/stm32f4xx_hal_uart.c.obj
                0x08005a74                HAL_UART_IRQHandler
 .text.UART_Start_Receive_IT
                0x08005cfc       0x36 CMakeFiles/emWin_Test_F407.elf.dir/Drivers/STM32F4xx_HAL_Driver/Src/stm32f4xx_hal_uart.c.obj
                0x08005cfc                UART_Start_Receive_IT
 .text.HAL_UART_Receive_IT
                0x08005d32       0x26 CMakeFiles/emWin_Test_F407.elf.dir/Drivers/STM32F4xx_HAL_Driver/Src/stm32f4xx_hal_uart.c.obj
                0x08005d32                HAL_UART_Receive_IT
 .text.FSMC_NORSRAM_Init
                0x08005d58       0x68 CMakeFiles/emWin_Test_F407.elf.dir/Drivers/STM32F4xx_HAL_Driver/Src/stm32f4xx_ll_fsmc.c.obj
                0x08005d58                FSMC_NORSRAM_Init
 .text.FSMC_NORSRAM_Timing_Init
                0x08005dc0       0x50 CMakeFiles/emWin_Test_F407.elf.dir/Drivers/STM32F4xx_HAL_Driver/Src/stm32f4xx_ll_fsmc.c.obj
                0x08005dc0                FSMC_NORSRAM_Timing_Init
 .text.FSMC_NORSRAM_Extended_Timing_Init
                0x08005e10       0x44 CMakeFiles/emWin_Test_F407.elf.dir/Drivers/STM32F4xx_HAL_Driver/Src/stm32f4xx_ll_fsmc.c.obj
                0x08005e10                FSMC_NORSRAM_Extended_Timing_Init
 .text.delay_init
                0x08005e54        0xc CMakeFiles/emWin_Test_F407.elf.dir/Drivers/SYSTEM/delay/delay.c.obj
                0x08005e54                delay_init
 .text.delay_us
                0x08005e60       0x3c CMakeFiles/emWin_Test_F407.elf.dir/Drivers/SYSTEM/delay/delay.c.obj
                0x08005e60                delay_us
 .text.delay_ms
                0x08005e9c       0x10 CMakeFiles/emWin_Test_F407.elf.dir/Drivers/SYSTEM/delay/delay.c.obj
                0x08005e9c                delay_ms
 .text.HAL_Delay
                0x08005eac        0xa CMakeFiles/emWin_Test_F407.elf.dir/Drivers/SYSTEM/delay/delay.c.obj
                0x08005eac                HAL_Delay
 *fill*         0x08005eb6        0x2 
 .text.sys_stm32_clock_init
                0x08005eb8       0xcc CMakeFiles/emWin_Test_F407.elf.dir/Drivers/SYSTEM/sys/sys.c.obj
                0x08005eb8                sys_stm32_clock_init
 .text.usart_init
                0x08005f84       0x38 CMakeFiles/emWin_Test_F407.elf.dir/Drivers/SYSTEM/usart/usart.c.obj
                0x08005f84                usart_init
 .text.HAL_UART_RxCpltCallback
                0x08005fbc       0x88 CMakeFiles/emWin_Test_F407.elf.dir/Drivers/SYSTEM/usart/usart.c.obj
                0x08005fbc                HAL_UART_RxCpltCallback
 .text.USART1_IRQHandler
                0x08006044       0x10 CMakeFiles/emWin_Test_F407.elf.dir/Drivers/SYSTEM/usart/usart.c.obj
                0x08006044                USART1_IRQHandler
 .text.__errno  0x08006054        0xc d:/progra~2/gnuarm~1/102021~1.10/bin/../lib/gcc/arm-none-eabi/10.3.1/../../../../arm-none-eabi/lib/thumb/v7e-m/nofp\libg.a(lib_a-errno.o)
                0x08006054                __errno
 .text.__libc_init_array
                0x08006060       0x48 d:/progra~2/gnuarm~1/102021~1.10/bin/../lib/gcc/arm-none-eabi/10.3.1/../../../../arm-none-eabi/lib/thumb/v7e-m/nofp\libg.a(lib_a-init.o)
                0x08006060                __libc_init_array
 .text.memset   0x080060a8       0xa4 d:/progra~2/gnuarm~1/102021~1.10/bin/../lib/gcc/arm-none-eabi/10.3.1/../../../../arm-none-eabi/lib/thumb/v7e-m/nofp\libg.a(lib_a-memset.o)
                0x080060a8                memset
 .text.printf   0x0800614c       0x28 d:/progra~2/gnuarm~1/102021~1.10/bin/../lib/gcc/arm-none-eabi/10.3.1/../../../../arm-none-eabi/lib/thumb/v7e-m/nofp\libg.a(lib_a-printf.o)
                0x0800614c                printf
 .text.sprintf  0x08006174       0x40 d:/progra~2/gnuarm~1/102021~1.10/bin/../lib/gcc/arm-none-eabi/10.3.1/../../../../arm-none-eabi/lib/thumb/v7e-m/nofp\libg.a(lib_a-sprintf.o)
                0x08006174                sprintf
 .text._svfprintf_r
                0x080061b4     0x1a3c d:/progra~2/gnuarm~1/102021~1.10/bin/../lib/gcc/arm-none-eabi/10.3.1/../../../../arm-none-eabi/lib/thumb/v7e-m/nofp\libg.a(lib_a-svfprintf.o)
                0x080061b4                _svfprintf_r
 .text._vfprintf_r
                0x08007bf0     0x1ad4 d:/progra~2/gnuarm~1/102021~1.10/bin/../lib/gcc/arm-none-eabi/10.3.1/../../../../arm-none-eabi/lib/thumb/v7e-m/nofp\libg.a(lib_a-vfprintf.o)
                0x08007bf0                _vfprintf_r
 .text.__sbprintf
                0x080096c4       0x80 d:/progra~2/gnuarm~1/102021~1.10/bin/../lib/gcc/arm-none-eabi/10.3.1/../../../../arm-none-eabi/lib/thumb/v7e-m/nofp\libg.a(lib_a-vfprintf.o)
 .text.__swsetup_r
                0x08009744       0xd4 d:/progra~2/gnuarm~1/102021~1.10/bin/../lib/gcc/arm-none-eabi/10.3.1/../../../../arm-none-eabi/lib/thumb/v7e-m/nofp\libg.a(lib_a-wsetup.o)
                0x08009744                __swsetup_r
 .text.startup.register_fini
                0x08009818       0x14 d:/progra~2/gnuarm~1/102021~1.10/bin/../lib/gcc/arm-none-eabi/10.3.1/../../../../arm-none-eabi/lib/thumb/v7e-m/nofp\libg.a(lib_a-__call_atexit.o)
 .text.atexit   0x0800982c        0xc d:/progra~2/gnuarm~1/102021~1.10/bin/../lib/gcc/arm-none-eabi/10.3.1/../../../../arm-none-eabi/lib/thumb/v7e-m/nofp\libg.a(lib_a-atexit.o)
                0x0800982c                atexit
 .text.quorem   0x08009838      0x124 d:/progra~2/gnuarm~1/102021~1.10/bin/../lib/gcc/arm-none-eabi/10.3.1/../../../../arm-none-eabi/lib/thumb/v7e-m/nofp\libg.a(lib_a-dtoa.o)
 *fill*         0x0800995c        0x4 
 .text._dtoa_r  0x08009960      0xec4 d:/progra~2/gnuarm~1/102021~1.10/bin/../lib/gcc/arm-none-eabi/10.3.1/../../../../arm-none-eabi/lib/thumb/v7e-m/nofp\libg.a(lib_a-dtoa.o)
                0x08009960                _dtoa_r
 .text.__sflush_r
                0x0800a824      0x120 d:/progra~2/gnuarm~1/102021~1.10/bin/../lib/gcc/arm-none-eabi/10.3.1/../../../../arm-none-eabi/lib/thumb/v7e-m/nofp\libg.a(lib_a-fflush.o)
                0x0800a824                __sflush_r
 .text._fflush_r
                0x0800a944       0x5c d:/progra~2/gnuarm~1/102021~1.10/bin/../lib/gcc/arm-none-eabi/10.3.1/../../../../arm-none-eabi/lib/thumb/v7e-m/nofp\libg.a(lib_a-fflush.o)
                0x0800a944                _fflush_r
 .text._cleanup_r
                0x0800a9a0        0xc d:/progra~2/gnuarm~1/102021~1.10/bin/../lib/gcc/arm-none-eabi/10.3.1/../../../../arm-none-eabi/lib/thumb/v7e-m/nofp\libg.a(lib_a-findfp.o)
                0x0800a9a0                _cleanup_r
 .text.__sinit  0x0800a9ac      0x10c d:/progra~2/gnuarm~1/102021~1.10/bin/../lib/gcc/arm-none-eabi/10.3.1/../../../../arm-none-eabi/lib/thumb/v7e-m/nofp\libg.a(lib_a-findfp.o)
                0x0800a9ac                __sinit
 .text.__sfp_lock_acquire
                0x0800aab8        0xc d:/progra~2/gnuarm~1/102021~1.10/bin/../lib/gcc/arm-none-eabi/10.3.1/../../../../arm-none-eabi/lib/thumb/v7e-m/nofp\libg.a(lib_a-findfp.o)
                0x0800aab8                __sfp_lock_acquire
 .text.__sfp_lock_release
                0x0800aac4        0xc d:/progra~2/gnuarm~1/102021~1.10/bin/../lib/gcc/arm-none-eabi/10.3.1/../../../../arm-none-eabi/lib/thumb/v7e-m/nofp\libg.a(lib_a-findfp.o)
                0x0800aac4                __sfp_lock_release
 .text.__libc_fini_array
                0x0800aad0       0x2c d:/progra~2/gnuarm~1/102021~1.10/bin/../lib/gcc/arm-none-eabi/10.3.1/../../../../arm-none-eabi/lib/thumb/v7e-m/nofp\libg.a(lib_a-fini.o)
                0x0800aad0                __libc_fini_array
 .text._malloc_trim_r
                0x0800aafc       0xa0 d:/progra~2/gnuarm~1/102021~1.10/bin/../lib/gcc/arm-none-eabi/10.3.1/../../../../arm-none-eabi/lib/thumb/v7e-m/nofp\libg.a(lib_a-freer.o)
                0x0800aafc                _malloc_trim_r
 .text._free_r  0x0800ab9c      0x20c d:/progra~2/gnuarm~1/102021~1.10/bin/../lib/gcc/arm-none-eabi/10.3.1/../../../../arm-none-eabi/lib/thumb/v7e-m/nofp\libg.a(lib_a-freer.o)
                0x0800ab9c                _free_r
 .text._fwalk_reent
                0x0800ada8       0x48 d:/progra~2/gnuarm~1/102021~1.10/bin/../lib/gcc/arm-none-eabi/10.3.1/../../../../arm-none-eabi/lib/thumb/v7e-m/nofp\libg.a(lib_a-fwalk.o)
                0x0800ada8                _fwalk_reent
 .text._localeconv_r
                0x0800adf0        0x8 d:/progra~2/gnuarm~1/102021~1.10/bin/../lib/gcc/arm-none-eabi/10.3.1/../../../../arm-none-eabi/lib/thumb/v7e-m/nofp\libg.a(lib_a-localeconv.o)
                0x0800adf0                _localeconv_r
 .text.__retarget_lock_init_recursive
                0x0800adf8        0x4 d:/progra~2/gnuarm~1/102021~1.10/bin/../lib/gcc/arm-none-eabi/10.3.1/../../../../arm-none-eabi/lib/thumb/v7e-m/nofp\libg.a(lib_a-lock.o)
                0x0800adf8                __retarget_lock_init_recursive
 .text.__retarget_lock_close_recursive
                0x0800adfc        0x4 d:/progra~2/gnuarm~1/102021~1.10/bin/../lib/gcc/arm-none-eabi/10.3.1/../../../../arm-none-eabi/lib/thumb/v7e-m/nofp\libg.a(lib_a-lock.o)
                0x0800adfc                __retarget_lock_close_recursive
 .text.__retarget_lock_acquire_recursive
                0x0800ae00        0x4 d:/progra~2/gnuarm~1/102021~1.10/bin/../lib/gcc/arm-none-eabi/10.3.1/../../../../arm-none-eabi/lib/thumb/v7e-m/nofp\libg.a(lib_a-lock.o)
                0x0800ae00                __retarget_lock_acquire_recursive
 .text.__retarget_lock_release_recursive
                0x0800ae04        0x4 d:/progra~2/gnuarm~1/102021~1.10/bin/../lib/gcc/arm-none-eabi/10.3.1/../../../../arm-none-eabi/lib/thumb/v7e-m/nofp\libg.a(lib_a-lock.o)
                0x0800ae04                __retarget_lock_release_recursive
 .text.__smakebuf_r
                0x0800ae08       0xe0 d:/progra~2/gnuarm~1/102021~1.10/bin/../lib/gcc/arm-none-eabi/10.3.1/../../../../arm-none-eabi/lib/thumb/v7e-m/nofp\libg.a(lib_a-makebuf.o)
                0x0800ae08                __smakebuf_r
 .text._malloc_r
                0x0800aee8      0x560 d:/progra~2/gnuarm~1/102021~1.10/bin/../lib/gcc/arm-none-eabi/10.3.1/../../../../arm-none-eabi/lib/thumb/v7e-m/nofp\libg.a(lib_a-mallocr.o)
                0x0800aee8                _malloc_r
 .text.__malloc_lock
                0x0800b448        0xc d:/progra~2/gnuarm~1/102021~1.10/bin/../lib/gcc/arm-none-eabi/10.3.1/../../../../arm-none-eabi/lib/thumb/v7e-m/nofp\libg.a(lib_a-mlock.o)
                0x0800b448                __malloc_lock
 .text.__malloc_unlock
                0x0800b454        0xc d:/progra~2/gnuarm~1/102021~1.10/bin/../lib/gcc/arm-none-eabi/10.3.1/../../../../arm-none-eabi/lib/thumb/v7e-m/nofp\libg.a(lib_a-mlock.o)
                0x0800b454                __malloc_unlock
 .text._Balloc  0x0800b460       0x4c d:/progra~2/gnuarm~1/102021~1.10/bin/../lib/gcc/arm-none-eabi/10.3.1/../../../../arm-none-eabi/lib/thumb/v7e-m/nofp\libg.a(lib_a-mprec.o)
                0x0800b460                _Balloc
 .text._Bfree   0x0800b4ac       0x14 d:/progra~2/gnuarm~1/102021~1.10/bin/../lib/gcc/arm-none-eabi/10.3.1/../../../../arm-none-eabi/lib/thumb/v7e-m/nofp\libg.a(lib_a-mprec.o)
                0x0800b4ac                _Bfree
 .text.__multadd
                0x0800b4c0       0xa0 d:/progra~2/gnuarm~1/102021~1.10/bin/../lib/gcc/arm-none-eabi/10.3.1/../../../../arm-none-eabi/lib/thumb/v7e-m/nofp\libg.a(lib_a-mprec.o)
                0x0800b4c0                __multadd
 .text.__hi0bits
                0x0800b560       0x40 d:/progra~2/gnuarm~1/102021~1.10/bin/../lib/gcc/arm-none-eabi/10.3.1/../../../../arm-none-eabi/lib/thumb/v7e-m/nofp\libg.a(lib_a-mprec.o)
                0x0800b560                __hi0bits
 .text.__lo0bits
                0x0800b5a0       0x5c d:/progra~2/gnuarm~1/102021~1.10/bin/../lib/gcc/arm-none-eabi/10.3.1/../../../../arm-none-eabi/lib/thumb/v7e-m/nofp\libg.a(lib_a-mprec.o)
                0x0800b5a0                __lo0bits
 .text.__i2b    0x0800b5fc       0x5c d:/progra~2/gnuarm~1/102021~1.10/bin/../lib/gcc/arm-none-eabi/10.3.1/../../../../arm-none-eabi/lib/thumb/v7e-m/nofp\libg.a(lib_a-mprec.o)
                0x0800b5fc                __i2b
 .text.__multiply
                0x0800b658      0x15c d:/progra~2/gnuarm~1/102021~1.10/bin/../lib/gcc/arm-none-eabi/10.3.1/../../../../arm-none-eabi/lib/thumb/v7e-m/nofp\libg.a(lib_a-mprec.o)
                0x0800b658                __multiply
 .text.__pow5mult
                0x0800b7b4       0xc0 d:/progra~2/gnuarm~1/102021~1.10/bin/../lib/gcc/arm-none-eabi/10.3.1/../../../../arm-none-eabi/lib/thumb/v7e-m/nofp\libg.a(lib_a-mprec.o)
                0x0800b7b4                __pow5mult
 .text.__lshift
                0x0800b874       0xf0 d:/progra~2/gnuarm~1/102021~1.10/bin/../lib/gcc/arm-none-eabi/10.3.1/../../../../arm-none-eabi/lib/thumb/v7e-m/nofp\libg.a(lib_a-mprec.o)
                0x0800b874                __lshift
 .text.__mcmp   0x0800b964       0x40 d:/progra~2/gnuarm~1/102021~1.10/bin/../lib/gcc/arm-none-eabi/10.3.1/../../../../arm-none-eabi/lib/thumb/v7e-m/nofp\libg.a(lib_a-mprec.o)
                0x0800b964                __mcmp
 .text.__mdiff  0x0800b9a4      0x14c d:/progra~2/gnuarm~1/102021~1.10/bin/../lib/gcc/arm-none-eabi/10.3.1/../../../../arm-none-eabi/lib/thumb/v7e-m/nofp\libg.a(lib_a-mprec.o)
                0x0800b9a4                __mdiff
 .text.__d2b    0x0800baf0       0xc4 d:/progra~2/gnuarm~1/102021~1.10/bin/../lib/gcc/arm-none-eabi/10.3.1/../../../../arm-none-eabi/lib/thumb/v7e-m/nofp\libg.a(lib_a-mprec.o)
                0x0800baf0                __d2b
 .text.frexp    0x0800bbb4       0x70 d:/progra~2/gnuarm~1/102021~1.10/bin/../lib/gcc/arm-none-eabi/10.3.1/../../../../arm-none-eabi/lib/thumb/v7e-m/nofp\libg.a(lib_a-s_frexp.o)
                0x0800bbb4                frexp
 .text._sbrk_r  0x0800bc24       0x24 d:/progra~2/gnuarm~1/102021~1.10/bin/../lib/gcc/arm-none-eabi/10.3.1/../../../../arm-none-eabi/lib/thumb/v7e-m/nofp\libg.a(lib_a-sbrkr.o)
                0x0800bc24                _sbrk_r
 .text.__sread  0x0800bc48       0x24 d:/progra~2/gnuarm~1/102021~1.10/bin/../lib/gcc/arm-none-eabi/10.3.1/../../../../arm-none-eabi/lib/thumb/v7e-m/nofp\libg.a(lib_a-stdio.o)
                0x0800bc48                __sread
 .text.__swrite
                0x0800bc6c       0x40 d:/progra~2/gnuarm~1/102021~1.10/bin/../lib/gcc/arm-none-eabi/10.3.1/../../../../arm-none-eabi/lib/thumb/v7e-m/nofp\libg.a(lib_a-stdio.o)
                0x0800bc6c                __swrite
 .text.__sseek  0x0800bcac       0x20 d:/progra~2/gnuarm~1/102021~1.10/bin/../lib/gcc/arm-none-eabi/10.3.1/../../../../arm-none-eabi/lib/thumb/v7e-m/nofp\libg.a(lib_a-stdio.o)
                0x0800bcac                __sseek
 .text.__sclose
                0x0800bccc        0x8 d:/progra~2/gnuarm~1/102021~1.10/bin/../lib/gcc/arm-none-eabi/10.3.1/../../../../arm-none-eabi/lib/thumb/v7e-m/nofp\libg.a(lib_a-stdio.o)
                0x0800bccc                __sclose
 .text.strncpy  0x0800bcd4       0x64 d:/progra~2/gnuarm~1/102021~1.10/bin/../lib/gcc/arm-none-eabi/10.3.1/../../../../arm-none-eabi/lib/thumb/v7e-m/nofp\libg.a(lib_a-strncpy.o)
                0x0800bcd4                strncpy
 .text.__ssprint_r
                0x0800bd38       0xf8 d:/progra~2/gnuarm~1/102021~1.10/bin/../lib/gcc/arm-none-eabi/10.3.1/../../../../arm-none-eabi/lib/thumb/v7e-m/nofp\libg.a(lib_a-svfiprintf.o)
                0x0800bd38                __ssprint_r
 .text.__sprint_r.part.0
                0x0800be30       0x78 d:/progra~2/gnuarm~1/102021~1.10/bin/../lib/gcc/arm-none-eabi/10.3.1/../../../../arm-none-eabi/lib/thumb/v7e-m/nofp\libg.a(lib_a-vfiprintf.o)
 .text.__sprint_r
                0x0800bea8       0x14 d:/progra~2/gnuarm~1/102021~1.10/bin/../lib/gcc/arm-none-eabi/10.3.1/../../../../arm-none-eabi/lib/thumb/v7e-m/nofp\libg.a(lib_a-vfiprintf.o)
                0x0800bea8                __sprint_r
 .text._vfiprintf_r
                0x0800bebc      0xda0 d:/progra~2/gnuarm~1/102021~1.10/bin/../lib/gcc/arm-none-eabi/10.3.1/../../../../arm-none-eabi/lib/thumb/v7e-m/nofp\libg.a(lib_a-vfiprintf.o)
                0x0800bebc                _vfiprintf_r
 .text.__sbprintf
                0x0800cc5c       0x80 d:/progra~2/gnuarm~1/102021~1.10/bin/../lib/gcc/arm-none-eabi/10.3.1/../../../../arm-none-eabi/lib/thumb/v7e-m/nofp\libg.a(lib_a-vfiprintf.o)
 .text._write_r
                0x0800ccdc       0x2c d:/progra~2/gnuarm~1/102021~1.10/bin/../lib/gcc/arm-none-eabi/10.3.1/../../../../arm-none-eabi/lib/thumb/v7e-m/nofp\libg.a(lib_a-writer.o)
                0x0800ccdc                _write_r
 .text.__register_exitproc
                0x0800cd08       0x8c d:/progra~2/gnuarm~1/102021~1.10/bin/../lib/gcc/arm-none-eabi/10.3.1/../../../../arm-none-eabi/lib/thumb/v7e-m/nofp\libg.a(lib_a-__atexit.o)
                0x0800cd08                __register_exitproc
 .text.__assert_func
                0x0800cd94       0x40 d:/progra~2/gnuarm~1/102021~1.10/bin/../lib/gcc/arm-none-eabi/10.3.1/../../../../arm-none-eabi/lib/thumb/v7e-m/nofp\libg.a(lib_a-assert.o)
                0x0800cd94                __assert_func
 .text._calloc_r
                0x0800cdd4       0x78 d:/progra~2/gnuarm~1/102021~1.10/bin/../lib/gcc/arm-none-eabi/10.3.1/../../../../arm-none-eabi/lib/thumb/v7e-m/nofp\libg.a(lib_a-callocr.o)
                0x0800cdd4                _calloc_r
 .text._close_r
                0x0800ce4c       0x24 d:/progra~2/gnuarm~1/102021~1.10/bin/../lib/gcc/arm-none-eabi/10.3.1/../../../../arm-none-eabi/lib/thumb/v7e-m/nofp\libg.a(lib_a-closer.o)
                0x0800ce4c                _close_r
 .text._fclose_r
                0x0800ce70       0xcc d:/progra~2/gnuarm~1/102021~1.10/bin/../lib/gcc/arm-none-eabi/10.3.1/../../../../arm-none-eabi/lib/thumb/v7e-m/nofp\libg.a(lib_a-fclose.o)
                0x0800ce70                _fclose_r
 .text.fiprintf
                0x0800cf3c       0x28 d:/progra~2/gnuarm~1/102021~1.10/bin/../lib/gcc/arm-none-eabi/10.3.1/../../../../arm-none-eabi/lib/thumb/v7e-m/nofp\libg.a(lib_a-fiprintf.o)
                0x0800cf3c                fiprintf
 .text.__fputwc
                0x0800cf64       0xa8 d:/progra~2/gnuarm~1/102021~1.10/bin/../lib/gcc/arm-none-eabi/10.3.1/../../../../arm-none-eabi/lib/thumb/v7e-m/nofp\libg.a(lib_a-fputwc.o)
                0x0800cf64                __fputwc
 .text._fputwc_r
                0x0800d00c       0x68 d:/progra~2/gnuarm~1/102021~1.10/bin/../lib/gcc/arm-none-eabi/10.3.1/../../../../arm-none-eabi/lib/thumb/v7e-m/nofp\libg.a(lib_a-fputwc.o)
                0x0800d00c                _fputwc_r
 .text._fstat_r
                0x0800d074       0x2c d:/progra~2/gnuarm~1/102021~1.10/bin/../lib/gcc/arm-none-eabi/10.3.1/../../../../arm-none-eabi/lib/thumb/v7e-m/nofp\libg.a(lib_a-fstatr.o)
                0x0800d074                _fstat_r
 .text.__sfvwrite_r
                0x0800d0a0      0x2e8 d:/progra~2/gnuarm~1/102021~1.10/bin/../lib/gcc/arm-none-eabi/10.3.1/../../../../arm-none-eabi/lib/thumb/v7e-m/nofp\libg.a(lib_a-fvwrite.o)
                0x0800d0a0                __sfvwrite_r
 .text._isatty_r
                0x0800d388       0x24 d:/progra~2/gnuarm~1/102021~1.10/bin/../lib/gcc/arm-none-eabi/10.3.1/../../../../arm-none-eabi/lib/thumb/v7e-m/nofp\libg.a(lib_a-isattyr.o)
                0x0800d388                _isatty_r
 .text.__locale_mb_cur_max
                0x0800d3ac        0xc d:/progra~2/gnuarm~1/102021~1.10/bin/../lib/gcc/arm-none-eabi/10.3.1/../../../../arm-none-eabi/lib/thumb/v7e-m/nofp\libg.a(lib_a-locale.o)
                0x0800d3ac                __locale_mb_cur_max
 .text._lseek_r
                0x0800d3b8       0x2c d:/progra~2/gnuarm~1/102021~1.10/bin/../lib/gcc/arm-none-eabi/10.3.1/../../../../arm-none-eabi/lib/thumb/v7e-m/nofp\libg.a(lib_a-lseekr.o)
                0x0800d3b8                _lseek_r
 .text.__ascii_mbtowc
                0x0800d3e4       0x2c d:/progra~2/gnuarm~1/102021~1.10/bin/../lib/gcc/arm-none-eabi/10.3.1/../../../../arm-none-eabi/lib/thumb/v7e-m/nofp\libg.a(lib_a-mbtowc_r.o)
                0x0800d3e4                __ascii_mbtowc
 .text.memmove  0x0800d410       0xf8 d:/progra~2/gnuarm~1/102021~1.10/bin/../lib/gcc/arm-none-eabi/10.3.1/../../../../arm-none-eabi/lib/thumb/v7e-m/nofp\libg.a(lib_a-memmove.o)
                0x0800d410                memmove
 .text._read_r  0x0800d508       0x2c d:/progra~2/gnuarm~1/102021~1.10/bin/../lib/gcc/arm-none-eabi/10.3.1/../../../../arm-none-eabi/lib/thumb/v7e-m/nofp\libg.a(lib_a-readr.o)
                0x0800d508                _read_r
 .text._realloc_r
                0x0800d534      0x3d8 d:/progra~2/gnuarm~1/102021~1.10/bin/../lib/gcc/arm-none-eabi/10.3.1/../../../../arm-none-eabi/lib/thumb/v7e-m/nofp\libg.a(lib_a-reallocr.o)
                0x0800d534                _realloc_r
 .text.__swbuf_r
                0x0800d90c       0xb0 d:/progra~2/gnuarm~1/102021~1.10/bin/../lib/gcc/arm-none-eabi/10.3.1/../../../../arm-none-eabi/lib/thumb/v7e-m/nofp\libg.a(lib_a-wbuf.o)
                0x0800d90c                __swbuf_r
 .text._wcrtomb_r
                0x0800d9bc       0x3c d:/progra~2/gnuarm~1/102021~1.10/bin/../lib/gcc/arm-none-eabi/10.3.1/../../../../arm-none-eabi/lib/thumb/v7e-m/nofp\libg.a(lib_a-wcrtomb.o)
                0x0800d9bc                _wcrtomb_r
 .text.__ascii_wctomb
                0x0800d9f8       0x1c d:/progra~2/gnuarm~1/102021~1.10/bin/../lib/gcc/arm-none-eabi/10.3.1/../../../../arm-none-eabi/lib/thumb/v7e-m/nofp\libg.a(lib_a-wctomb_r.o)
                0x0800d9f8                __ascii_wctomb
 .text.abort    0x0800da14       0x10 d:/progra~2/gnuarm~1/102021~1.10/bin/../lib/gcc/arm-none-eabi/10.3.1/../../../../arm-none-eabi/lib/thumb/v7e-m/nofp\libg.a(lib_a-abort.o)
                0x0800da14                abort
 .text.raise    0x0800da24       0x5c d:/progra~2/gnuarm~1/102021~1.10/bin/../lib/gcc/arm-none-eabi/10.3.1/../../../../arm-none-eabi/lib/thumb/v7e-m/nofp\libg.a(lib_a-signal.o)
                0x0800da24                raise
 .text._kill_r  0x0800da80       0x2c d:/progra~2/gnuarm~1/102021~1.10/bin/../lib/gcc/arm-none-eabi/10.3.1/../../../../arm-none-eabi/lib/thumb/v7e-m/nofp\libg.a(lib_a-signalr.o)
                0x0800da80                _kill_r
 .text._getpid_r
                0x0800daac        0x4 d:/progra~2/gnuarm~1/102021~1.10/bin/../lib/gcc/arm-none-eabi/10.3.1/../../../../arm-none-eabi/lib/thumb/v7e-m/nofp\libg.a(lib_a-signalr.o)
                0x0800daac                _getpid_r
 *(.glue_7)
 .glue_7        0x0800dab0        0x0 linker stubs
 *(.glue_7t)
 .glue_7t       0x0800dab0        0x0 linker stubs
 *(.eh_frame)
 .eh_frame      0x0800dab0        0x0 d:/progra~2/gnuarm~1/102021~1.10/bin/../lib/gcc/arm-none-eabi/10.3.1/thumb/v7e-m/nofp/crtbegin.o
 *(.init)
 .init          0x0800dab0        0x4 d:/progra~2/gnuarm~1/102021~1.10/bin/../lib/gcc/arm-none-eabi/10.3.1/thumb/v7e-m/nofp/crti.o
                0x0800dab0                _init
 .init          0x0800dab4        0x8 d:/progra~2/gnuarm~1/102021~1.10/bin/../lib/gcc/arm-none-eabi/10.3.1/thumb/v7e-m/nofp/crtn.o
 *(.fini)
 .fini          0x0800dabc        0x4 d:/progra~2/gnuarm~1/102021~1.10/bin/../lib/gcc/arm-none-eabi/10.3.1/thumb/v7e-m/nofp/crti.o
                0x0800dabc                _fini
 .fini          0x0800dac0        0x8 d:/progra~2/gnuarm~1/102021~1.10/bin/../lib/gcc/arm-none-eabi/10.3.1/thumb/v7e-m/nofp/crtn.o
                0x0800dac8                . = ALIGN (0x4)
                0x0800dac8                _etext = .

.vfp11_veneer   0x0800dac8        0x0
 .vfp11_veneer  0x0800dac8        0x0 linker stubs

.v4_bx          0x0800dac8        0x0
 .v4_bx         0x0800dac8        0x0 linker stubs

.iplt           0x0800dac8        0x0
 .iplt          0x0800dac8        0x0 d:/progra~2/gnuarm~1/102021~1.10/bin/../lib/gcc/arm-none-eabi/10.3.1/thumb/v7e-m/nofp/crtbegin.o

.rodata         0x0800dac8     0x33f0
                0x0800dac8                . = ALIGN (0x4)
 *(.rodata)
 *(.rodata*)
 .rodata.main.str1.4
                0x0800dac8       0x2e CMakeFiles/emWin_Test_F407.elf.dir/Core/Src/main.c.obj
 *fill*         0x0800daf6        0x2 
 .rodata.AHBPrescTable
                0x0800daf8       0x10 CMakeFiles/emWin_Test_F407.elf.dir/Core/Src/system_stm32f4xx.c.obj
                0x0800daf8                AHBPrescTable
 .rodata.APBPrescTable
                0x0800db08        0x8 CMakeFiles/emWin_Test_F407.elf.dir/Core/Src/system_stm32f4xx.c.obj
                0x0800db08                APBPrescTable
 .rodata.lcd_init.str1.4
                0x0800db10        0xc CMakeFiles/emWin_Test_F407.elf.dir/Drivers/BSP/LCD/lcd.c.obj
 .rodata.asc2_1206
                0x0800db1c      0x474 CMakeFiles/emWin_Test_F407.elf.dir/Drivers/BSP/LCD/lcd.c.obj
                0x0800db1c                asc2_1206
 .rodata.asc2_1608
                0x0800df90      0x5f0 CMakeFiles/emWin_Test_F407.elf.dir/Drivers/BSP/LCD/lcd.c.obj
                0x0800df90                asc2_1608
 .rodata.asc2_2412
                0x0800e580      0xd5c CMakeFiles/emWin_Test_F407.elf.dir/Drivers/BSP/LCD/lcd.c.obj
                0x0800e580                asc2_2412
 .rodata.asc2_3216
                0x0800f2dc     0x17c0 CMakeFiles/emWin_Test_F407.elf.dir/Drivers/BSP/LCD/lcd.c.obj
                0x0800f2dc                asc2_3216
 .rodata._global_impure_ptr
                0x08010a9c        0x4 d:/progra~2/gnuarm~1/102021~1.10/bin/../lib/gcc/arm-none-eabi/10.3.1/../../../../arm-none-eabi/lib/thumb/v7e-m/nofp\libg.a(lib_a-impure.o)
                0x08010a9c                _global_impure_ptr
 .rodata._svfprintf_r.str1.4
                0x08010aa0       0x42 d:/progra~2/gnuarm~1/102021~1.10/bin/../lib/gcc/arm-none-eabi/10.3.1/../../../../arm-none-eabi/lib/thumb/v7e-m/nofp\libg.a(lib_a-svfprintf.o)
 *fill*         0x08010ae2        0x2 
 .rodata.blanks.1
                0x08010ae4       0x10 d:/progra~2/gnuarm~1/102021~1.10/bin/../lib/gcc/arm-none-eabi/10.3.1/../../../../arm-none-eabi/lib/thumb/v7e-m/nofp\libg.a(lib_a-svfprintf.o)
 .rodata.zeroes.0
                0x08010af4       0x10 d:/progra~2/gnuarm~1/102021~1.10/bin/../lib/gcc/arm-none-eabi/10.3.1/../../../../arm-none-eabi/lib/thumb/v7e-m/nofp\libg.a(lib_a-svfprintf.o)
 .rodata._vfprintf_r.str1.4
                0x08010b04       0x42 d:/progra~2/gnuarm~1/102021~1.10/bin/../lib/gcc/arm-none-eabi/10.3.1/../../../../arm-none-eabi/lib/thumb/v7e-m/nofp\libg.a(lib_a-vfprintf.o)
 .rodata.blanks.1
                0x08010b04       0x10 d:/progra~2/gnuarm~1/102021~1.10/bin/../lib/gcc/arm-none-eabi/10.3.1/../../../../arm-none-eabi/lib/thumb/v7e-m/nofp\libg.a(lib_a-vfprintf.o)
 .rodata.zeroes.0
                0x08010b14       0x10 d:/progra~2/gnuarm~1/102021~1.10/bin/../lib/gcc/arm-none-eabi/10.3.1/../../../../arm-none-eabi/lib/thumb/v7e-m/nofp\libg.a(lib_a-vfprintf.o)
 .rodata._dtoa_r.str1.4
                0x08010b24       0xa2 d:/progra~2/gnuarm~1/102021~1.10/bin/../lib/gcc/arm-none-eabi/10.3.1/../../../../arm-none-eabi/lib/thumb/v7e-m/nofp\libg.a(lib_a-dtoa.o)
                                 0xa6 (size before relaxing)
 *fill*         0x08010bc6        0x2 
 .rodata.__multadd.str1.4
                0x08010bc8       0x7f d:/progra~2/gnuarm~1/102021~1.10/bin/../lib/gcc/arm-none-eabi/10.3.1/../../../../arm-none-eabi/lib/thumb/v7e-m/nofp\libg.a(lib_a-mprec.o)
                                 0x93 (size before relaxing)
 *fill*         0x08010c47        0x1 
 .rodata.__mprec_bigtens
                0x08010c48       0x28 d:/progra~2/gnuarm~1/102021~1.10/bin/../lib/gcc/arm-none-eabi/10.3.1/../../../../arm-none-eabi/lib/thumb/v7e-m/nofp\libg.a(lib_a-mprec.o)
                0x08010c48                __mprec_bigtens
 .rodata.__mprec_tens
                0x08010c70       0xc8 d:/progra~2/gnuarm~1/102021~1.10/bin/../lib/gcc/arm-none-eabi/10.3.1/../../../../arm-none-eabi/lib/thumb/v7e-m/nofp\libg.a(lib_a-mprec.o)
                0x08010c70                __mprec_tens
 .rodata.p05.0  0x08010d38        0xc d:/progra~2/gnuarm~1/102021~1.10/bin/../lib/gcc/arm-none-eabi/10.3.1/../../../../arm-none-eabi/lib/thumb/v7e-m/nofp\libg.a(lib_a-mprec.o)
 .rodata._vfiprintf_r.str1.4
                0x08010d44       0x2f d:/progra~2/gnuarm~1/102021~1.10/bin/../lib/gcc/arm-none-eabi/10.3.1/../../../../arm-none-eabi/lib/thumb/v7e-m/nofp\libg.a(lib_a-vfiprintf.o)
 .rodata.blanks.1
                0x08010d44       0x10 d:/progra~2/gnuarm~1/102021~1.10/bin/../lib/gcc/arm-none-eabi/10.3.1/../../../../arm-none-eabi/lib/thumb/v7e-m/nofp\libg.a(lib_a-vfiprintf.o)
 .rodata.zeroes.0
                0x08010d54       0x10 d:/progra~2/gnuarm~1/102021~1.10/bin/../lib/gcc/arm-none-eabi/10.3.1/../../../../arm-none-eabi/lib/thumb/v7e-m/nofp\libg.a(lib_a-vfiprintf.o)
 .rodata.__assert_func.str1.4
                0x08010d64       0x3f d:/progra~2/gnuarm~1/102021~1.10/bin/../lib/gcc/arm-none-eabi/10.3.1/../../../../arm-none-eabi/lib/thumb/v7e-m/nofp\libg.a(lib_a-assert.o)
                                 0x43 (size before relaxing)
 *fill*         0x08010da3        0x1 
 .rodata._setlocale_r.str1.4
                0x08010da4        0xa d:/progra~2/gnuarm~1/102021~1.10/bin/../lib/gcc/arm-none-eabi/10.3.1/../../../../arm-none-eabi/lib/thumb/v7e-m/nofp\libg.a(lib_a-locale.o)
                                  0xd (size before relaxing)
 *fill*         0x08010dae        0x2 
 .rodata.str1.4
                0x08010db0        0x2 d:/progra~2/gnuarm~1/102021~1.10/bin/../lib/gcc/arm-none-eabi/10.3.1/../../../../arm-none-eabi/lib/thumb/v7e-m/nofp\libg.a(lib_a-locale.o)
 *fill*         0x08010db2        0x2 
 .rodata._ctype_
                0x08010db4      0x101 d:/progra~2/gnuarm~1/102021~1.10/bin/../lib/gcc/arm-none-eabi/10.3.1/../../../../arm-none-eabi/lib/thumb/v7e-m/nofp\libg.a(lib_a-ctype_.o)
                0x08010db4                _ctype_
                0x08010eb8                . = ALIGN (0x4)
 *fill*         0x08010eb5        0x3 

.ARM.extab
 *(.ARM.extab* .gnu.linkonce.armextab.*)

.ARM            0x08010eb8        0x8
                0x08010eb8                __exidx_start = .
 *(.ARM.exidx*)
 .ARM.exidx     0x08010eb8        0x8 d:/progra~2/gnuarm~1/102021~1.10/bin/../lib/gcc/arm-none-eabi/10.3.1/thumb/v7e-m/nofp\libgcc.a(_udivmoddi4.o)
                0x08010ec0                __exidx_end = .

.rel.dyn        0x08010ec0        0x0
 .rel.iplt      0x08010ec0        0x0 d:/progra~2/gnuarm~1/102021~1.10/bin/../lib/gcc/arm-none-eabi/10.3.1/thumb/v7e-m/nofp/crtbegin.o

.preinit_array  0x08010ec0        0x0
                0x08010ec0                PROVIDE (__preinit_array_start = .)
 *(.preinit_array*)
                0x08010ec0                PROVIDE (__preinit_array_end = .)

.init_array     0x08010ec0        0x8
                0x08010ec0                PROVIDE (__init_array_start = .)
 *(SORT_BY_NAME(.init_array.*))
 .init_array.00000
                0x08010ec0        0x4 d:/progra~2/gnuarm~1/102021~1.10/bin/../lib/gcc/arm-none-eabi/10.3.1/../../../../arm-none-eabi/lib/thumb/v7e-m/nofp\libg.a(lib_a-__call_atexit.o)
 *(.init_array*)
 .init_array    0x08010ec4        0x4 d:/progra~2/gnuarm~1/102021~1.10/bin/../lib/gcc/arm-none-eabi/10.3.1/thumb/v7e-m/nofp/crtbegin.o
                0x08010ec8                PROVIDE (__init_array_end = .)

.fini_array     0x08010ec8        0x4
                0x08010ec8                PROVIDE (__fini_array_start = .)
 *(SORT_BY_NAME(.fini_array.*))
 *(.fini_array*)
 .fini_array    0x08010ec8        0x4 d:/progra~2/gnuarm~1/102021~1.10/bin/../lib/gcc/arm-none-eabi/10.3.1/thumb/v7e-m/nofp/crtbegin.o
                0x08010ecc                PROVIDE (__fini_array_end = .)
                0x08010ecc                _sidata = LOADADDR (.data)

.data           0x20000000      0x9c0 load address 0x08010ecc
                0x20000000                . = ALIGN (0x4)
                0x20000000                _sdata = .
 *(.data)
 *(.data*)
 .data.SystemCoreClock
                0x20000000        0x4 CMakeFiles/emWin_Test_F407.elf.dir/Core/Src/system_stm32f4xx.c.obj
                0x20000000                SystemCoreClock
 .data.g_back_color
                0x20000004        0x4 CMakeFiles/emWin_Test_F407.elf.dir/Drivers/BSP/LCD/lcd.c.obj
                0x20000004                g_back_color
 .data.g_point_color
                0x20000008        0x4 CMakeFiles/emWin_Test_F407.elf.dir/Drivers/BSP/LCD/lcd.c.obj
                0x20000008                g_point_color
 .data.uwTickFreq
                0x2000000c        0x1 CMakeFiles/emWin_Test_F407.elf.dir/Drivers/STM32F4xx_HAL_Driver/Src/stm32f4xx_hal.c.obj
                0x2000000c                uwTickFreq
 *fill*         0x2000000d        0x3 
 .data.uwTickPrio
                0x20000010        0x4 CMakeFiles/emWin_Test_F407.elf.dir/Drivers/STM32F4xx_HAL_Driver/Src/stm32f4xx_hal.c.obj
                0x20000010                uwTickPrio
 .data._impure_ptr
                0x20000014        0x4 d:/progra~2/gnuarm~1/102021~1.10/bin/../lib/gcc/arm-none-eabi/10.3.1/../../../../arm-none-eabi/lib/thumb/v7e-m/nofp\libg.a(lib_a-impure.o)
                0x20000014                _impure_ptr
 .data.impure_data
                0x20000018      0x428 d:/progra~2/gnuarm~1/102021~1.10/bin/../lib/gcc/arm-none-eabi/10.3.1/../../../../arm-none-eabi/lib/thumb/v7e-m/nofp\libg.a(lib_a-impure.o)
 .data.__atexit_recursive_mutex
                0x20000440        0x4 d:/progra~2/gnuarm~1/102021~1.10/bin/../lib/gcc/arm-none-eabi/10.3.1/../../../../arm-none-eabi/lib/thumb/v7e-m/nofp\libg.a(lib_a-__call_atexit.o)
                0x20000440                __atexit_recursive_mutex
 .data.__malloc_av_
                0x20000444      0x408 d:/progra~2/gnuarm~1/102021~1.10/bin/../lib/gcc/arm-none-eabi/10.3.1/../../../../arm-none-eabi/lib/thumb/v7e-m/nofp\libg.a(lib_a-mallocr.o)
                0x20000444                __malloc_av_
 .data.__malloc_sbrk_base
                0x2000084c        0x4 d:/progra~2/gnuarm~1/102021~1.10/bin/../lib/gcc/arm-none-eabi/10.3.1/../../../../arm-none-eabi/lib/thumb/v7e-m/nofp\libg.a(lib_a-mallocr.o)
                0x2000084c                __malloc_sbrk_base
 .data.__malloc_trim_threshold
                0x20000850        0x4 d:/progra~2/gnuarm~1/102021~1.10/bin/../lib/gcc/arm-none-eabi/10.3.1/../../../../arm-none-eabi/lib/thumb/v7e-m/nofp\libg.a(lib_a-mallocr.o)
                0x20000850                __malloc_trim_threshold
 .data.__global_locale
                0x20000854      0x16c d:/progra~2/gnuarm~1/102021~1.10/bin/../lib/gcc/arm-none-eabi/10.3.1/../../../../arm-none-eabi/lib/thumb/v7e-m/nofp\libg.a(lib_a-locale.o)
                0x20000854                __global_locale
                0x200009c0                . = ALIGN (0x4)
                0x200009c0                _edata = .
                0x0801188c                _siccmram = LOADADDR (.ccmram)

.igot.plt       0x200009c0        0x0 load address 0x0801188c
 .igot.plt      0x200009c0        0x0 d:/progra~2/gnuarm~1/102021~1.10/bin/../lib/gcc/arm-none-eabi/10.3.1/thumb/v7e-m/nofp/crtbegin.o

.ccmram         0x10000000        0x0 load address 0x0801188c
                0x10000000                . = ALIGN (0x4)
                0x10000000                _sccmram = .
 *(.ccmram)
 *(.ccmram*)
                0x10000000                . = ALIGN (0x4)
                0x10000000                _eccmram = .
                0x10000000                . = ALIGN (0x4)

.bss            0x200009c0      0x284
                0x200009c0                _sbss = .
                0x200009c0                __bss_start__ = _sbss
 *(.bss)
 .bss           0x200009c0       0x1c d:/progra~2/gnuarm~1/102021~1.10/bin/../lib/gcc/arm-none-eabi/10.3.1/thumb/v7e-m/nofp/crtbegin.o
 *(.bss*)
 .bss.FSMC_Initialized
                0x200009dc        0x4 CMakeFiles/emWin_Test_F407.elf.dir/Core/Src/fsmc.c.obj
 .bss.hsram1    0x200009e0       0x50 CMakeFiles/emWin_Test_F407.elf.dir/Core/Src/fsmc.c.obj
                0x200009e0                hsram1
 .bss.__sbrk_heap_end
                0x20000a30        0x4 CMakeFiles/emWin_Test_F407.elf.dir/Core/Src/sysmem.c.obj
 .bss.huart1    0x20000a34       0x48 CMakeFiles/emWin_Test_F407.elf.dir/Core/Src/usart.c.obj
                0x20000a34                huart1
 .bss.g_sram_handle
                0x20000a7c       0x50 CMakeFiles/emWin_Test_F407.elf.dir/Drivers/BSP/LCD/lcd.c.obj
                0x20000a7c                g_sram_handle
 .bss.lcddev    0x20000acc        0xe CMakeFiles/emWin_Test_F407.elf.dir/Drivers/BSP/LCD/lcd.c.obj
                0x20000acc                lcddev
 *fill*         0x20000ada        0x2 
 .bss.uwTick    0x20000adc        0x4 CMakeFiles/emWin_Test_F407.elf.dir/Drivers/STM32F4xx_HAL_Driver/Src/stm32f4xx_hal.c.obj
                0x20000adc                uwTick
 .bss.g_fac_us  0x20000ae0        0x4 CMakeFiles/emWin_Test_F407.elf.dir/Drivers/SYSTEM/delay/delay.c.obj
 .bss.g_rx_buffer
                0x20000ae4        0x1 CMakeFiles/emWin_Test_F407.elf.dir/Drivers/SYSTEM/usart/usart.c.obj
                0x20000ae4                g_rx_buffer
 *fill*         0x20000ae5        0x3 
 .bss.g_uart1_handle
                0x20000ae8       0x48 CMakeFiles/emWin_Test_F407.elf.dir/Drivers/SYSTEM/usart/usart.c.obj
                0x20000ae8                g_uart1_handle
 .bss.g_usart_rx_buf
                0x20000b30       0xc8 CMakeFiles/emWin_Test_F407.elf.dir/Drivers/SYSTEM/usart/usart.c.obj
                0x20000b30                g_usart_rx_buf
 .bss.g_usart_rx_sta
                0x20000bf8        0x2 CMakeFiles/emWin_Test_F407.elf.dir/Drivers/SYSTEM/usart/usart.c.obj
                0x20000bf8                g_usart_rx_sta
 *fill*         0x20000bfa        0x2 
 .bss.__lock___atexit_recursive_mutex
                0x20000bfc        0x1 d:/progra~2/gnuarm~1/102021~1.10/bin/../lib/gcc/arm-none-eabi/10.3.1/../../../../arm-none-eabi/lib/thumb/v7e-m/nofp\libg.a(lib_a-lock.o)
                0x20000bfc                __lock___atexit_recursive_mutex
 *fill*         0x20000bfd        0x3 
 .bss.__lock___malloc_recursive_mutex
                0x20000c00        0x1 d:/progra~2/gnuarm~1/102021~1.10/bin/../lib/gcc/arm-none-eabi/10.3.1/../../../../arm-none-eabi/lib/thumb/v7e-m/nofp\libg.a(lib_a-lock.o)
                0x20000c00                __lock___malloc_recursive_mutex
 *fill*         0x20000c01        0x3 
 .bss.__lock___sfp_recursive_mutex
                0x20000c04        0x1 d:/progra~2/gnuarm~1/102021~1.10/bin/../lib/gcc/arm-none-eabi/10.3.1/../../../../arm-none-eabi/lib/thumb/v7e-m/nofp\libg.a(lib_a-lock.o)
                0x20000c04                __lock___sfp_recursive_mutex
 *fill*         0x20000c05        0x3 
 .bss.__lock___sinit_recursive_mutex
                0x20000c08        0x1 d:/progra~2/gnuarm~1/102021~1.10/bin/../lib/gcc/arm-none-eabi/10.3.1/../../../../arm-none-eabi/lib/thumb/v7e-m/nofp\libg.a(lib_a-lock.o)
                0x20000c08                __lock___sinit_recursive_mutex
 *fill*         0x20000c09        0x3 
 .bss.__malloc_current_mallinfo
                0x20000c0c       0x28 d:/progra~2/gnuarm~1/102021~1.10/bin/../lib/gcc/arm-none-eabi/10.3.1/../../../../arm-none-eabi/lib/thumb/v7e-m/nofp\libg.a(lib_a-mallocr.o)
                0x20000c0c                __malloc_current_mallinfo
 .bss.__malloc_max_sbrked_mem
                0x20000c34        0x4 d:/progra~2/gnuarm~1/102021~1.10/bin/../lib/gcc/arm-none-eabi/10.3.1/../../../../arm-none-eabi/lib/thumb/v7e-m/nofp\libg.a(lib_a-mallocr.o)
                0x20000c34                __malloc_max_sbrked_mem
 .bss.__malloc_max_total_mem
                0x20000c38        0x4 d:/progra~2/gnuarm~1/102021~1.10/bin/../lib/gcc/arm-none-eabi/10.3.1/../../../../arm-none-eabi/lib/thumb/v7e-m/nofp\libg.a(lib_a-mallocr.o)
                0x20000c38                __malloc_max_total_mem
 .bss.__malloc_top_pad
                0x20000c3c        0x4 d:/progra~2/gnuarm~1/102021~1.10/bin/../lib/gcc/arm-none-eabi/10.3.1/../../../../arm-none-eabi/lib/thumb/v7e-m/nofp\libg.a(lib_a-mallocr.o)
                0x20000c3c                __malloc_top_pad
 .bss.errno     0x20000c40        0x4 d:/progra~2/gnuarm~1/102021~1.10/bin/../lib/gcc/arm-none-eabi/10.3.1/../../../../arm-none-eabi/lib/thumb/v7e-m/nofp\libg.a(lib_a-reent.o)
                0x20000c40                errno
 *(COMMON)
                0x20000c44                . = ALIGN (0x4)
                0x20000c44                _ebss = .
                0x20000c44                __bss_end__ = _ebss

._user_heap_stack
                0x20000c44      0x604
                0x20000c48                . = ALIGN (0x8)
 *fill*         0x20000c44        0x4 
                [!provide]                PROVIDE (end = .)
                0x20000c48                PROVIDE (_end = .)
                0x20000e48                . = (. + _Min_Heap_Size)
 *fill*         0x20000c48      0x200 
                0x20001248                . = (. + _Min_Stack_Size)
 *fill*         0x20000e48      0x400 
                0x20001248                . = ALIGN (0x8)

/DISCARD/
 libc.a(*)
 libm.a(*)
 libgcc.a(*)
OUTPUT(emWin_Test_F407.elf elf32-littlearm)
LOAD linker stubs
LOAD d:/progra~2/gnuarm~1/102021~1.10/bin/../lib/gcc/arm-none-eabi/10.3.1/../../../../arm-none-eabi/lib/thumb/v7e-m/nofp\libc.a
LOAD d:/progra~2/gnuarm~1/102021~1.10/bin/../lib/gcc/arm-none-eabi/10.3.1/../../../../arm-none-eabi/lib/thumb/v7e-m/nofp\libm.a
LOAD d:/progra~2/gnuarm~1/102021~1.10/bin/../lib/gcc/arm-none-eabi/10.3.1/thumb/v7e-m/nofp\libgcc.a

.ARM.attributes
                0x00000000       0x2a
 .ARM.attributes
                0x00000000       0x1e d:/progra~2/gnuarm~1/102021~1.10/bin/../lib/gcc/arm-none-eabi/10.3.1/thumb/v7e-m/nofp/crti.o
 .ARM.attributes
                0x0000001e       0x2e d:/progra~2/gnuarm~1/102021~1.10/bin/../lib/gcc/arm-none-eabi/10.3.1/thumb/v7e-m/nofp/crtbegin.o
 .ARM.attributes
                0x0000004c       0x2e CMakeFiles/emWin_Test_F407.elf.dir/Core/Src/fsmc.c.obj
 .ARM.attributes
                0x0000007a       0x2e CMakeFiles/emWin_Test_F407.elf.dir/Core/Src/gpio.c.obj
 .ARM.attributes
                0x000000a8       0x2e CMakeFiles/emWin_Test_F407.elf.dir/Core/Src/main.c.obj
 .ARM.attributes
                0x000000d6       0x2e CMakeFiles/emWin_Test_F407.elf.dir/Core/Src/stm32f4xx_hal_msp.c.obj
 .ARM.attributes
                0x00000104       0x2e CMakeFiles/emWin_Test_F407.elf.dir/Core/Src/stm32f4xx_it.c.obj
 .ARM.attributes
                0x00000132       0x2e CMakeFiles/emWin_Test_F407.elf.dir/Core/Src/syscalls.c.obj
 .ARM.attributes
                0x00000160       0x2e CMakeFiles/emWin_Test_F407.elf.dir/Core/Src/sysmem.c.obj
 .ARM.attributes
                0x0000018e       0x2e CMakeFiles/emWin_Test_F407.elf.dir/Core/Src/system_stm32f4xx.c.obj
 .ARM.attributes
                0x000001bc       0x2e CMakeFiles/emWin_Test_F407.elf.dir/Core/Src/usart.c.obj
 .ARM.attributes
                0x000001ea       0x21 CMakeFiles/emWin_Test_F407.elf.dir/Core/Startup/startup_stm32f407zgtx.s.obj
 .ARM.attributes
                0x0000020b       0x2e CMakeFiles/emWin_Test_F407.elf.dir/Drivers/BSP/LCD/lcd.c.obj
 .ARM.attributes
                0x00000239       0x2e CMakeFiles/emWin_Test_F407.elf.dir/Drivers/BSP/LED/led.c.obj
 .ARM.attributes
                0x00000267       0x2e CMakeFiles/emWin_Test_F407.elf.dir/Drivers/STM32F4xx_HAL_Driver/Src/stm32f4xx_hal.c.obj
 .ARM.attributes
                0x00000295       0x2e CMakeFiles/emWin_Test_F407.elf.dir/Drivers/STM32F4xx_HAL_Driver/Src/stm32f4xx_hal_cortex.c.obj
 .ARM.attributes
                0x000002c3       0x2e CMakeFiles/emWin_Test_F407.elf.dir/Drivers/STM32F4xx_HAL_Driver/Src/stm32f4xx_hal_dma.c.obj
 .ARM.attributes
                0x000002f1       0x2e CMakeFiles/emWin_Test_F407.elf.dir/Drivers/STM32F4xx_HAL_Driver/Src/stm32f4xx_hal_gpio.c.obj
 .ARM.attributes
                0x0000031f       0x2e CMakeFiles/emWin_Test_F407.elf.dir/Drivers/STM32F4xx_HAL_Driver/Src/stm32f4xx_hal_rcc.c.obj
 .ARM.attributes
                0x0000034d       0x2e CMakeFiles/emWin_Test_F407.elf.dir/Drivers/STM32F4xx_HAL_Driver/Src/stm32f4xx_hal_sram.c.obj
 .ARM.attributes
                0x0000037b       0x2e CMakeFiles/emWin_Test_F407.elf.dir/Drivers/STM32F4xx_HAL_Driver/Src/stm32f4xx_hal_uart.c.obj
 .ARM.attributes
                0x000003a9       0x2e CMakeFiles/emWin_Test_F407.elf.dir/Drivers/STM32F4xx_HAL_Driver/Src/stm32f4xx_ll_fsmc.c.obj
 .ARM.attributes
                0x000003d7       0x2e CMakeFiles/emWin_Test_F407.elf.dir/Drivers/SYSTEM/delay/delay.c.obj
 .ARM.attributes
                0x00000405       0x2e CMakeFiles/emWin_Test_F407.elf.dir/Drivers/SYSTEM/sys/sys.c.obj
 .ARM.attributes
                0x00000433       0x2e CMakeFiles/emWin_Test_F407.elf.dir/Drivers/SYSTEM/usart/usart.c.obj
 .ARM.attributes
                0x00000461       0x1e d:/progra~2/gnuarm~1/102021~1.10/bin/../lib/gcc/arm-none-eabi/10.3.1/thumb/v7e-m/nofp\libgcc.a(_arm_addsubdf3.o)
 .ARM.attributes
                0x0000047f       0x1e d:/progra~2/gnuarm~1/102021~1.10/bin/../lib/gcc/arm-none-eabi/10.3.1/thumb/v7e-m/nofp\libgcc.a(_arm_fixunsdfsi.o)
 .ARM.attributes
                0x0000049d       0x1e d:/progra~2/gnuarm~1/102021~1.10/bin/../lib/gcc/arm-none-eabi/10.3.1/thumb/v7e-m/nofp\libgcc.a(_aeabi_uldivmod.o)
 .ARM.attributes
                0x000004bb       0x2e d:/progra~2/gnuarm~1/102021~1.10/bin/../lib/gcc/arm-none-eabi/10.3.1/thumb/v7e-m/nofp\libgcc.a(_udivmoddi4.o)
 .ARM.attributes
                0x000004e9       0x1e d:/progra~2/gnuarm~1/102021~1.10/bin/../lib/gcc/arm-none-eabi/10.3.1/thumb/v7e-m/nofp\libgcc.a(_dvmd_tls.o)
 .ARM.attributes
                0x00000507       0x2e d:/progra~2/gnuarm~1/102021~1.10/bin/../lib/gcc/arm-none-eabi/10.3.1/../../../../arm-none-eabi/lib/thumb/v7e-m/nofp\libg.a(lib_a-errno.o)
 .ARM.attributes
                0x00000535       0x2e d:/progra~2/gnuarm~1/102021~1.10/bin/../lib/gcc/arm-none-eabi/10.3.1/../../../../arm-none-eabi/lib/thumb/v7e-m/nofp\libg.a(lib_a-impure.o)
 .ARM.attributes
                0x00000563       0x2e d:/progra~2/gnuarm~1/102021~1.10/bin/../lib/gcc/arm-none-eabi/10.3.1/../../../../arm-none-eabi/lib/thumb/v7e-m/nofp\libg.a(lib_a-init.o)
 .ARM.attributes
                0x00000591       0x2e d:/progra~2/gnuarm~1/102021~1.10/bin/../lib/gcc/arm-none-eabi/10.3.1/../../../../arm-none-eabi/lib/thumb/v7e-m/nofp\libg.a(lib_a-memset.o)
 .ARM.attributes
                0x000005bf       0x2e d:/progra~2/gnuarm~1/102021~1.10/bin/../lib/gcc/arm-none-eabi/10.3.1/../../../../arm-none-eabi/lib/thumb/v7e-m/nofp\libg.a(lib_a-printf.o)
 .ARM.attributes
                0x000005ed       0x2e d:/progra~2/gnuarm~1/102021~1.10/bin/../lib/gcc/arm-none-eabi/10.3.1/../../../../arm-none-eabi/lib/thumb/v7e-m/nofp\libg.a(lib_a-sprintf.o)
 .ARM.attributes
                0x0000061b       0x2e d:/progra~2/gnuarm~1/102021~1.10/bin/../lib/gcc/arm-none-eabi/10.3.1/../../../../arm-none-eabi/lib/thumb/v7e-m/nofp\libg.a(lib_a-svfprintf.o)
 .ARM.attributes
                0x00000649       0x2e d:/progra~2/gnuarm~1/102021~1.10/bin/../lib/gcc/arm-none-eabi/10.3.1/../../../../arm-none-eabi/lib/thumb/v7e-m/nofp\libg.a(lib_a-vfprintf.o)
 .ARM.attributes
                0x00000677       0x2e d:/progra~2/gnuarm~1/102021~1.10/bin/../lib/gcc/arm-none-eabi/10.3.1/../../../../arm-none-eabi/lib/thumb/v7e-m/nofp\libg.a(lib_a-wsetup.o)
 .ARM.attributes
                0x000006a5       0x2e d:/progra~2/gnuarm~1/102021~1.10/bin/../lib/gcc/arm-none-eabi/10.3.1/../../../../arm-none-eabi/lib/thumb/v7e-m/nofp\libg.a(lib_a-__call_atexit.o)
 .ARM.attributes
                0x000006d3       0x2e d:/progra~2/gnuarm~1/102021~1.10/bin/../lib/gcc/arm-none-eabi/10.3.1/../../../../arm-none-eabi/lib/thumb/v7e-m/nofp\libg.a(lib_a-atexit.o)
 .ARM.attributes
                0x00000701       0x2e d:/progra~2/gnuarm~1/102021~1.10/bin/../lib/gcc/arm-none-eabi/10.3.1/../../../../arm-none-eabi/lib/thumb/v7e-m/nofp\libg.a(lib_a-dtoa.o)
 .ARM.attributes
                0x0000072f       0x2e d:/progra~2/gnuarm~1/102021~1.10/bin/../lib/gcc/arm-none-eabi/10.3.1/../../../../arm-none-eabi/lib/thumb/v7e-m/nofp\libg.a(lib_a-fflush.o)
 .ARM.attributes
                0x0000075d       0x2e d:/progra~2/gnuarm~1/102021~1.10/bin/../lib/gcc/arm-none-eabi/10.3.1/../../../../arm-none-eabi/lib/thumb/v7e-m/nofp\libg.a(lib_a-findfp.o)
 .ARM.attributes
                0x0000078b       0x2e d:/progra~2/gnuarm~1/102021~1.10/bin/../lib/gcc/arm-none-eabi/10.3.1/../../../../arm-none-eabi/lib/thumb/v7e-m/nofp\libg.a(lib_a-fini.o)
 .ARM.attributes
                0x000007b9       0x2e d:/progra~2/gnuarm~1/102021~1.10/bin/../lib/gcc/arm-none-eabi/10.3.1/../../../../arm-none-eabi/lib/thumb/v7e-m/nofp\libg.a(lib_a-freer.o)
 .ARM.attributes
                0x000007e7       0x2e d:/progra~2/gnuarm~1/102021~1.10/bin/../lib/gcc/arm-none-eabi/10.3.1/../../../../arm-none-eabi/lib/thumb/v7e-m/nofp\libg.a(lib_a-fwalk.o)
 .ARM.attributes
                0x00000815       0x2e d:/progra~2/gnuarm~1/102021~1.10/bin/../lib/gcc/arm-none-eabi/10.3.1/../../../../arm-none-eabi/lib/thumb/v7e-m/nofp\libg.a(lib_a-localeconv.o)
 .ARM.attributes
                0x00000843       0x2e d:/progra~2/gnuarm~1/102021~1.10/bin/../lib/gcc/arm-none-eabi/10.3.1/../../../../arm-none-eabi/lib/thumb/v7e-m/nofp\libg.a(lib_a-lock.o)
 .ARM.attributes
                0x00000871       0x2e d:/progra~2/gnuarm~1/102021~1.10/bin/../lib/gcc/arm-none-eabi/10.3.1/../../../../arm-none-eabi/lib/thumb/v7e-m/nofp\libg.a(lib_a-makebuf.o)
 .ARM.attributes
                0x0000089f       0x2e d:/progra~2/gnuarm~1/102021~1.10/bin/../lib/gcc/arm-none-eabi/10.3.1/../../../../arm-none-eabi/lib/thumb/v7e-m/nofp\libg.a(lib_a-mallocr.o)
 .ARM.attributes
                0x000008cd       0x1c d:/progra~2/gnuarm~1/102021~1.10/bin/../lib/gcc/arm-none-eabi/10.3.1/../../../../arm-none-eabi/lib/thumb/v7e-m/nofp\libg.a(lib_a-memchr.o)
 .ARM.attributes
                0x000008e9       0x1c d:/progra~2/gnuarm~1/102021~1.10/bin/../lib/gcc/arm-none-eabi/10.3.1/../../../../arm-none-eabi/lib/thumb/v7e-m/nofp\libg.a(lib_a-memcpy.o)
 .ARM.attributes
                0x00000905       0x2e d:/progra~2/gnuarm~1/102021~1.10/bin/../lib/gcc/arm-none-eabi/10.3.1/../../../../arm-none-eabi/lib/thumb/v7e-m/nofp\libg.a(lib_a-mlock.o)
 .ARM.attributes
                0x00000933       0x2e d:/progra~2/gnuarm~1/102021~1.10/bin/../lib/gcc/arm-none-eabi/10.3.1/../../../../arm-none-eabi/lib/thumb/v7e-m/nofp\libg.a(lib_a-mprec.o)
 .ARM.attributes
                0x00000961       0x2e d:/progra~2/gnuarm~1/102021~1.10/bin/../lib/gcc/arm-none-eabi/10.3.1/../../../../arm-none-eabi/lib/thumb/v7e-m/nofp\libg.a(lib_a-s_frexp.o)
 .ARM.attributes
                0x0000098f       0x2e d:/progra~2/gnuarm~1/102021~1.10/bin/../lib/gcc/arm-none-eabi/10.3.1/../../../../arm-none-eabi/lib/thumb/v7e-m/nofp\libg.a(lib_a-sbrkr.o)
 .ARM.attributes
                0x000009bd       0x2e d:/progra~2/gnuarm~1/102021~1.10/bin/../lib/gcc/arm-none-eabi/10.3.1/../../../../arm-none-eabi/lib/thumb/v7e-m/nofp\libg.a(lib_a-stdio.o)
 .ARM.attributes
                0x000009eb       0x1c d:/progra~2/gnuarm~1/102021~1.10/bin/../lib/gcc/arm-none-eabi/10.3.1/../../../../arm-none-eabi/lib/thumb/v7e-m/nofp\libg.a(lib_a-strlen.o)
 .ARM.attributes
                0x00000a07       0x2e d:/progra~2/gnuarm~1/102021~1.10/bin/../lib/gcc/arm-none-eabi/10.3.1/../../../../arm-none-eabi/lib/thumb/v7e-m/nofp\libg.a(lib_a-strncpy.o)
 .ARM.attributes
                0x00000a35       0x2e d:/progra~2/gnuarm~1/102021~1.10/bin/../lib/gcc/arm-none-eabi/10.3.1/../../../../arm-none-eabi/lib/thumb/v7e-m/nofp\libg.a(lib_a-svfiprintf.o)
 .ARM.attributes
                0x00000a63       0x2e d:/progra~2/gnuarm~1/102021~1.10/bin/../lib/gcc/arm-none-eabi/10.3.1/../../../../arm-none-eabi/lib/thumb/v7e-m/nofp\libg.a(lib_a-vfiprintf.o)
 .ARM.attributes
                0x00000a91       0x2e d:/progra~2/gnuarm~1/102021~1.10/bin/../lib/gcc/arm-none-eabi/10.3.1/../../../../arm-none-eabi/lib/thumb/v7e-m/nofp\libg.a(lib_a-writer.o)
 .ARM.attributes
                0x00000abf       0x2e d:/progra~2/gnuarm~1/102021~1.10/bin/../lib/gcc/arm-none-eabi/10.3.1/../../../../arm-none-eabi/lib/thumb/v7e-m/nofp\libg.a(lib_a-__atexit.o)
 .ARM.attributes
                0x00000aed       0x2e d:/progra~2/gnuarm~1/102021~1.10/bin/../lib/gcc/arm-none-eabi/10.3.1/../../../../arm-none-eabi/lib/thumb/v7e-m/nofp\libg.a(lib_a-assert.o)
 .ARM.attributes
                0x00000b1b       0x2e d:/progra~2/gnuarm~1/102021~1.10/bin/../lib/gcc/arm-none-eabi/10.3.1/../../../../arm-none-eabi/lib/thumb/v7e-m/nofp\libg.a(lib_a-callocr.o)
 .ARM.attributes
                0x00000b49       0x2e d:/progra~2/gnuarm~1/102021~1.10/bin/../lib/gcc/arm-none-eabi/10.3.1/../../../../arm-none-eabi/lib/thumb/v7e-m/nofp\libg.a(lib_a-closer.o)
 .ARM.attributes
                0x00000b77       0x2e d:/progra~2/gnuarm~1/102021~1.10/bin/../lib/gcc/arm-none-eabi/10.3.1/../../../../arm-none-eabi/lib/thumb/v7e-m/nofp\libg.a(lib_a-fclose.o)
 .ARM.attributes
                0x00000ba5       0x2e d:/progra~2/gnuarm~1/102021~1.10/bin/../lib/gcc/arm-none-eabi/10.3.1/../../../../arm-none-eabi/lib/thumb/v7e-m/nofp\libg.a(lib_a-fiprintf.o)
 .ARM.attributes
                0x00000bd3       0x2e d:/progra~2/gnuarm~1/102021~1.10/bin/../lib/gcc/arm-none-eabi/10.3.1/../../../../arm-none-eabi/lib/thumb/v7e-m/nofp\libg.a(lib_a-fputwc.o)
 .ARM.attributes
                0x00000c01       0x2e d:/progra~2/gnuarm~1/102021~1.10/bin/../lib/gcc/arm-none-eabi/10.3.1/../../../../arm-none-eabi/lib/thumb/v7e-m/nofp\libg.a(lib_a-fstatr.o)
 .ARM.attributes
                0x00000c2f       0x2e d:/progra~2/gnuarm~1/102021~1.10/bin/../lib/gcc/arm-none-eabi/10.3.1/../../../../arm-none-eabi/lib/thumb/v7e-m/nofp\libg.a(lib_a-fvwrite.o)
 .ARM.attributes
                0x00000c5d       0x2e d:/progra~2/gnuarm~1/102021~1.10/bin/../lib/gcc/arm-none-eabi/10.3.1/../../../../arm-none-eabi/lib/thumb/v7e-m/nofp\libg.a(lib_a-isattyr.o)
 .ARM.attributes
                0x00000c8b       0x2e d:/progra~2/gnuarm~1/102021~1.10/bin/../lib/gcc/arm-none-eabi/10.3.1/../../../../arm-none-eabi/lib/thumb/v7e-m/nofp\libg.a(lib_a-locale.o)
 .ARM.attributes
                0x00000cb9       0x2e d:/progra~2/gnuarm~1/102021~1.10/bin/../lib/gcc/arm-none-eabi/10.3.1/../../../../arm-none-eabi/lib/thumb/v7e-m/nofp\libg.a(lib_a-lseekr.o)
 .ARM.attributes
                0x00000ce7       0x2e d:/progra~2/gnuarm~1/102021~1.10/bin/../lib/gcc/arm-none-eabi/10.3.1/../../../../arm-none-eabi/lib/thumb/v7e-m/nofp\libg.a(lib_a-mbtowc_r.o)
 .ARM.attributes
                0x00000d15       0x2e d:/progra~2/gnuarm~1/102021~1.10/bin/../lib/gcc/arm-none-eabi/10.3.1/../../../../arm-none-eabi/lib/thumb/v7e-m/nofp\libg.a(lib_a-memmove.o)
 .ARM.attributes
                0x00000d43       0x2e d:/progra~2/gnuarm~1/102021~1.10/bin/../lib/gcc/arm-none-eabi/10.3.1/../../../../arm-none-eabi/lib/thumb/v7e-m/nofp\libg.a(lib_a-readr.o)
 .ARM.attributes
                0x00000d71       0x2e d:/progra~2/gnuarm~1/102021~1.10/bin/../lib/gcc/arm-none-eabi/10.3.1/../../../../arm-none-eabi/lib/thumb/v7e-m/nofp\libg.a(lib_a-reallocr.o)
 .ARM.attributes
                0x00000d9f       0x2e d:/progra~2/gnuarm~1/102021~1.10/bin/../lib/gcc/arm-none-eabi/10.3.1/../../../../arm-none-eabi/lib/thumb/v7e-m/nofp\libg.a(lib_a-reent.o)
 .ARM.attributes
                0x00000dcd       0x2e d:/progra~2/gnuarm~1/102021~1.10/bin/../lib/gcc/arm-none-eabi/10.3.1/../../../../arm-none-eabi/lib/thumb/v7e-m/nofp\libg.a(lib_a-wbuf.o)
 .ARM.attributes
                0x00000dfb       0x2e d:/progra~2/gnuarm~1/102021~1.10/bin/../lib/gcc/arm-none-eabi/10.3.1/../../../../arm-none-eabi/lib/thumb/v7e-m/nofp\libg.a(lib_a-wcrtomb.o)
 .ARM.attributes
                0x00000e29       0x2e d:/progra~2/gnuarm~1/102021~1.10/bin/../lib/gcc/arm-none-eabi/10.3.1/../../../../arm-none-eabi/lib/thumb/v7e-m/nofp\libg.a(lib_a-wctomb_r.o)
 .ARM.attributes
                0x00000e57       0x2e d:/progra~2/gnuarm~1/102021~1.10/bin/../lib/gcc/arm-none-eabi/10.3.1/../../../../arm-none-eabi/lib/thumb/v7e-m/nofp\libg.a(lib_a-abort.o)
 .ARM.attributes
                0x00000e85       0x2e d:/progra~2/gnuarm~1/102021~1.10/bin/../lib/gcc/arm-none-eabi/10.3.1/../../../../arm-none-eabi/lib/thumb/v7e-m/nofp\libg.a(lib_a-ctype_.o)
 .ARM.attributes
                0x00000eb3       0x2e d:/progra~2/gnuarm~1/102021~1.10/bin/../lib/gcc/arm-none-eabi/10.3.1/../../../../arm-none-eabi/lib/thumb/v7e-m/nofp\libg.a(lib_a-signal.o)
 .ARM.attributes
                0x00000ee1       0x2e d:/progra~2/gnuarm~1/102021~1.10/bin/../lib/gcc/arm-none-eabi/10.3.1/../../../../arm-none-eabi/lib/thumb/v7e-m/nofp\libg.a(lib_a-signalr.o)
 .ARM.attributes
                0x00000f0f       0x1e d:/progra~2/gnuarm~1/102021~1.10/bin/../lib/gcc/arm-none-eabi/10.3.1/thumb/v7e-m/nofp\libgcc.a(_arm_muldivdf3.o)
 .ARM.attributes
                0x00000f2d       0x1e d:/progra~2/gnuarm~1/102021~1.10/bin/../lib/gcc/arm-none-eabi/10.3.1/thumb/v7e-m/nofp\libgcc.a(_arm_cmpdf2.o)
 .ARM.attributes
                0x00000f4b       0x1e d:/progra~2/gnuarm~1/102021~1.10/bin/../lib/gcc/arm-none-eabi/10.3.1/thumb/v7e-m/nofp\libgcc.a(_arm_unorddf2.o)
 .ARM.attributes
                0x00000f69       0x1e d:/progra~2/gnuarm~1/102021~1.10/bin/../lib/gcc/arm-none-eabi/10.3.1/thumb/v7e-m/nofp\libgcc.a(_arm_fixdfsi.o)
 .ARM.attributes
                0x00000f87       0x1e d:/progra~2/gnuarm~1/102021~1.10/bin/../lib/gcc/arm-none-eabi/10.3.1/thumb/v7e-m/nofp/crtn.o

.comment        0x00000000       0x49
 .comment       0x00000000       0x49 CMakeFiles/emWin_Test_F407.elf.dir/Core/Src/fsmc.c.obj
                                 0x4a (size before relaxing)
 .comment       0x00000049       0x4a CMakeFiles/emWin_Test_F407.elf.dir/Core/Src/gpio.c.obj
 .comment       0x00000049       0x4a CMakeFiles/emWin_Test_F407.elf.dir/Core/Src/main.c.obj
 .comment       0x00000049       0x4a CMakeFiles/emWin_Test_F407.elf.dir/Core/Src/stm32f4xx_hal_msp.c.obj
 .comment       0x00000049       0x4a CMakeFiles/emWin_Test_F407.elf.dir/Core/Src/stm32f4xx_it.c.obj
 .comment       0x00000049       0x4a CMakeFiles/emWin_Test_F407.elf.dir/Core/Src/syscalls.c.obj
 .comment       0x00000049       0x4a CMakeFiles/emWin_Test_F407.elf.dir/Core/Src/sysmem.c.obj
 .comment       0x00000049       0x4a CMakeFiles/emWin_Test_F407.elf.dir/Core/Src/system_stm32f4xx.c.obj
 .comment       0x00000049       0x4a CMakeFiles/emWin_Test_F407.elf.dir/Core/Src/usart.c.obj
 .comment       0x00000049       0x4a CMakeFiles/emWin_Test_F407.elf.dir/Drivers/BSP/LCD/lcd.c.obj
 .comment       0x00000049       0x4a CMakeFiles/emWin_Test_F407.elf.dir/Drivers/BSP/LED/led.c.obj
 .comment       0x00000049       0x4a CMakeFiles/emWin_Test_F407.elf.dir/Drivers/STM32F4xx_HAL_Driver/Src/stm32f4xx_hal.c.obj
 .comment       0x00000049       0x4a CMakeFiles/emWin_Test_F407.elf.dir/Drivers/STM32F4xx_HAL_Driver/Src/stm32f4xx_hal_cortex.c.obj
 .comment       0x00000049       0x4a CMakeFiles/emWin_Test_F407.elf.dir/Drivers/STM32F4xx_HAL_Driver/Src/stm32f4xx_hal_dma.c.obj
 .comment       0x00000049       0x4a CMakeFiles/emWin_Test_F407.elf.dir/Drivers/STM32F4xx_HAL_Driver/Src/stm32f4xx_hal_gpio.c.obj
 .comment       0x00000049       0x4a CMakeFiles/emWin_Test_F407.elf.dir/Drivers/STM32F4xx_HAL_Driver/Src/stm32f4xx_hal_rcc.c.obj
 .comment       0x00000049       0x4a CMakeFiles/emWin_Test_F407.elf.dir/Drivers/STM32F4xx_HAL_Driver/Src/stm32f4xx_hal_sram.c.obj
 .comment       0x00000049       0x4a CMakeFiles/emWin_Test_F407.elf.dir/Drivers/STM32F4xx_HAL_Driver/Src/stm32f4xx_hal_uart.c.obj
 .comment       0x00000049       0x4a CMakeFiles/emWin_Test_F407.elf.dir/Drivers/STM32F4xx_HAL_Driver/Src/stm32f4xx_ll_fsmc.c.obj
 .comment       0x00000049       0x4a CMakeFiles/emWin_Test_F407.elf.dir/Drivers/SYSTEM/delay/delay.c.obj
 .comment       0x00000049       0x4a CMakeFiles/emWin_Test_F407.elf.dir/Drivers/SYSTEM/sys/sys.c.obj
 .comment       0x00000049       0x4a CMakeFiles/emWin_Test_F407.elf.dir/Drivers/SYSTEM/usart/usart.c.obj

.debug_info     0x00000000    0x18c87
 .debug_info    0x00000000      0xbcb CMakeFiles/emWin_Test_F407.elf.dir/Core/Src/fsmc.c.obj
 .debug_info    0x00000bcb      0x549 CMakeFiles/emWin_Test_F407.elf.dir/Core/Src/gpio.c.obj
 .debug_info    0x00001114      0xa97 CMakeFiles/emWin_Test_F407.elf.dir/Core/Src/main.c.obj
 .debug_info    0x00001bab      0x2a4 CMakeFiles/emWin_Test_F407.elf.dir/Core/Src/stm32f4xx_hal_msp.c.obj
 .debug_info    0x00001e4f      0x12f CMakeFiles/emWin_Test_F407.elf.dir/Core/Src/stm32f4xx_it.c.obj
 .debug_info    0x00001f7e      0x7af CMakeFiles/emWin_Test_F407.elf.dir/Core/Src/syscalls.c.obj
 .debug_info    0x0000272d      0x174 CMakeFiles/emWin_Test_F407.elf.dir/Core/Src/sysmem.c.obj
 .debug_info    0x000028a1      0x37d CMakeFiles/emWin_Test_F407.elf.dir/Core/Src/system_stm32f4xx.c.obj
 .debug_info    0x00002c1e      0x9ec CMakeFiles/emWin_Test_F407.elf.dir/Core/Src/usart.c.obj
 .debug_info    0x0000360a       0x22 CMakeFiles/emWin_Test_F407.elf.dir/Core/Startup/startup_stm32f407zgtx.s.obj
 .debug_info    0x0000362c     0xa188 CMakeFiles/emWin_Test_F407.elf.dir/Drivers/BSP/LCD/lcd.c.obj
 .debug_info    0x0000d7b4      0x478 CMakeFiles/emWin_Test_F407.elf.dir/Drivers/BSP/LED/led.c.obj
 .debug_info    0x0000dc2c      0x9f0 CMakeFiles/emWin_Test_F407.elf.dir/Drivers/STM32F4xx_HAL_Driver/Src/stm32f4xx_hal.c.obj
 .debug_info    0x0000e61c     0x10de CMakeFiles/emWin_Test_F407.elf.dir/Drivers/STM32F4xx_HAL_Driver/Src/stm32f4xx_hal_cortex.c.obj
 .debug_info    0x0000f6fa      0xb3f CMakeFiles/emWin_Test_F407.elf.dir/Drivers/STM32F4xx_HAL_Driver/Src/stm32f4xx_hal_dma.c.obj
 .debug_info    0x00010239      0x7b0 CMakeFiles/emWin_Test_F407.elf.dir/Drivers/STM32F4xx_HAL_Driver/Src/stm32f4xx_hal_gpio.c.obj
 .debug_info    0x000109e9      0xb03 CMakeFiles/emWin_Test_F407.elf.dir/Drivers/STM32F4xx_HAL_Driver/Src/stm32f4xx_hal_rcc.c.obj
 .debug_info    0x000114ec      0xf70 CMakeFiles/emWin_Test_F407.elf.dir/Drivers/STM32F4xx_HAL_Driver/Src/stm32f4xx_hal_sram.c.obj
 .debug_info    0x0001245c     0x418f CMakeFiles/emWin_Test_F407.elf.dir/Drivers/STM32F4xx_HAL_Driver/Src/stm32f4xx_hal_uart.c.obj
 .debug_info    0x000165eb      0xace CMakeFiles/emWin_Test_F407.elf.dir/Drivers/STM32F4xx_HAL_Driver/Src/stm32f4xx_ll_fsmc.c.obj
 .debug_info    0x000170b9      0x22f CMakeFiles/emWin_Test_F407.elf.dir/Drivers/SYSTEM/delay/delay.c.obj
 .debug_info    0x000172e8      0x90c CMakeFiles/emWin_Test_F407.elf.dir/Drivers/SYSTEM/sys/sys.c.obj
 .debug_info    0x00017bf4     0x1093 CMakeFiles/emWin_Test_F407.elf.dir/Drivers/SYSTEM/usart/usart.c.obj

.debug_abbrev   0x00000000     0x29e4
 .debug_abbrev  0x00000000      0x1da CMakeFiles/emWin_Test_F407.elf.dir/Core/Src/fsmc.c.obj
 .debug_abbrev  0x000001da      0x14e CMakeFiles/emWin_Test_F407.elf.dir/Core/Src/gpio.c.obj
 .debug_abbrev  0x00000328      0x203 CMakeFiles/emWin_Test_F407.elf.dir/Core/Src/main.c.obj
 .debug_abbrev  0x0000052b       0xd1 CMakeFiles/emWin_Test_F407.elf.dir/Core/Src/stm32f4xx_hal_msp.c.obj
 .debug_abbrev  0x000005fc       0x7e CMakeFiles/emWin_Test_F407.elf.dir/Core/Src/stm32f4xx_it.c.obj
 .debug_abbrev  0x0000067a      0x1a3 CMakeFiles/emWin_Test_F407.elf.dir/Core/Src/syscalls.c.obj
 .debug_abbrev  0x0000081d       0xe7 CMakeFiles/emWin_Test_F407.elf.dir/Core/Src/sysmem.c.obj
 .debug_abbrev  0x00000904      0x119 CMakeFiles/emWin_Test_F407.elf.dir/Core/Src/system_stm32f4xx.c.obj
 .debug_abbrev  0x00000a1d      0x1da CMakeFiles/emWin_Test_F407.elf.dir/Core/Src/usart.c.obj
 .debug_abbrev  0x00000bf7       0x12 CMakeFiles/emWin_Test_F407.elf.dir/Core/Startup/startup_stm32f407zgtx.s.obj
 .debug_abbrev  0x00000c09      0x2fb CMakeFiles/emWin_Test_F407.elf.dir/Drivers/BSP/LCD/lcd.c.obj
 .debug_abbrev  0x00000f04      0x14e CMakeFiles/emWin_Test_F407.elf.dir/Drivers/BSP/LED/led.c.obj
 .debug_abbrev  0x00001052      0x206 CMakeFiles/emWin_Test_F407.elf.dir/Drivers/STM32F4xx_HAL_Driver/Src/stm32f4xx_hal.c.obj
 .debug_abbrev  0x00001258      0x361 CMakeFiles/emWin_Test_F407.elf.dir/Drivers/STM32F4xx_HAL_Driver/Src/stm32f4xx_hal_cortex.c.obj
 .debug_abbrev  0x000015b9      0x2c2 CMakeFiles/emWin_Test_F407.elf.dir/Drivers/STM32F4xx_HAL_Driver/Src/stm32f4xx_hal_dma.c.obj
 .debug_abbrev  0x0000187b      0x1ef CMakeFiles/emWin_Test_F407.elf.dir/Drivers/STM32F4xx_HAL_Driver/Src/stm32f4xx_hal_gpio.c.obj
 .debug_abbrev  0x00001a6a      0x28a CMakeFiles/emWin_Test_F407.elf.dir/Drivers/STM32F4xx_HAL_Driver/Src/stm32f4xx_hal_rcc.c.obj
 .debug_abbrev  0x00001cf4      0x207 CMakeFiles/emWin_Test_F407.elf.dir/Drivers/STM32F4xx_HAL_Driver/Src/stm32f4xx_hal_sram.c.obj
 .debug_abbrev  0x00001efb      0x2fd CMakeFiles/emWin_Test_F407.elf.dir/Drivers/STM32F4xx_HAL_Driver/Src/stm32f4xx_hal_uart.c.obj
 .debug_abbrev  0x000021f8      0x19b CMakeFiles/emWin_Test_F407.elf.dir/Drivers/STM32F4xx_HAL_Driver/Src/stm32f4xx_ll_fsmc.c.obj
 .debug_abbrev  0x00002393      0x13d CMakeFiles/emWin_Test_F407.elf.dir/Drivers/SYSTEM/delay/delay.c.obj