Archive member included to satisfy reference by file (symbol)

d:/progra~2/gnuarm~1/102021~1.10/bin/../lib/gcc/arm-none-eabi/10.3.1/thumb/v7e-m/nofp\libgcc.a(_aeabi_uldivmod.o)
                              CMakeFiles/emWin_Test_F407.elf.dir/Drivers/STM32F4xx_HAL_Driver/Src/stm32f4xx_hal_rcc.c.obj (__aeabi_uldivmod)
d:/progra~2/gnuarm~1/102021~1.10/bin/../lib/gcc/arm-none-eabi/10.3.1/thumb/v7e-m/nofp\libgcc.a(_udivmoddi4.o)
                              d:/progra~2/gnuarm~1/102021~1.10/bin/../lib/gcc/arm-none-eabi/10.3.1/thumb/v7e-m/nofp\libgcc.a(_aeabi_uldivmod.o) (__udivmoddi4)
d:/progra~2/gnuarm~1/102021~1.10/bin/../lib/gcc/arm-none-eabi/10.3.1/thumb/v7e-m/nofp\libgcc.a(_dvmd_tls.o)
                              d:/progra~2/gnuarm~1/102021~1.10/bin/../lib/gcc/arm-none-eabi/10.3.1/thumb/v7e-m/nofp\libgcc.a(_aeabi_uldivmod.o) (__aeabi_ldiv0)
d:/progra~2/gnuarm~1/102021~1.10/bin/../lib/gcc/arm-none-eabi/10.3.1/../../../../arm-none-eabi/lib/thumb/v7e-m/nofp\libg.a(lib_a-errno.o)
                              CMakeFiles/emWin_Test_F407.elf.dir/Core/Src/syscalls.c.obj (__errno)
d:/progra~2/gnuarm~1/102021~1.10/bin/../lib/gcc/arm-none-eabi/10.3.1/../../../../arm-none-eabi/lib/thumb/v7e-m/nofp\libg.a(lib_a-exit.o)
                              d:/progra~2/gnuarm~1/102021~1.10/bin/../lib/gcc/arm-none-eabi/10.3.1/../../../../arm-none-eabi/lib/thumb/v7e-m/nofp/crt0.o (exit)
d:/progra~2/gnuarm~1/102021~1.10/bin/../lib/gcc/arm-none-eabi/10.3.1/../../../../arm-none-eabi/lib/thumb/v7e-m/nofp\libg.a(lib_a-impure.o)
                              d:/progra~2/gnuarm~1/102021~1.10/bin/../lib/gcc/arm-none-eabi/10.3.1/../../../../arm-none-eabi/lib/thumb/v7e-m/nofp\libg.a(lib_a-exit.o) (_global_impure_ptr)
d:/progra~2/gnuarm~1/102021~1.10/bin/../lib/gcc/arm-none-eabi/10.3.1/../../../../arm-none-eabi/lib/thumb/v7e-m/nofp\libg.a(lib_a-init.o)
                              d:/progra~2/gnuarm~1/102021~1.10/bin/../lib/gcc/arm-none-eabi/10.3.1/../../../../arm-none-eabi/lib/thumb/v7e-m/nofp/crt0.o (__libc_init_array)
d:/progra~2/gnuarm~1/102021~1.10/bin/../lib/gcc/arm-none-eabi/10.3.1/../../../../arm-none-eabi/lib/thumb/v7e-m/nofp\libg.a(lib_a-memset.o)
                              d:/progra~2/gnuarm~1/102021~1.10/bin/../lib/gcc/arm-none-eabi/10.3.1/../../../../arm-none-eabi/lib/thumb/v7e-m/nofp/crt0.o (memset)
d:/progra~2/gnuarm~1/102021~1.10/bin/../lib/gcc/arm-none-eabi/10.3.1/../../../../arm-none-eabi/lib/thumb/v7e-m/nofp\libg.a(lib_a-__call_atexit.o)
                              d:/progra~2/gnuarm~1/102021~1.10/bin/../lib/gcc/arm-none-eabi/10.3.1/../../../../arm-none-eabi/lib/thumb/v7e-m/nofp\libg.a(lib_a-exit.o) (__call_exitprocs)
d:/progra~2/gnuarm~1/102021~1.10/bin/../lib/gcc/arm-none-eabi/10.3.1/../../../../arm-none-eabi/lib/thumb/v7e-m/nofp\libg.a(lib_a-atexit.o)
                              d:/progra~2/gnuarm~1/102021~1.10/bin/../lib/gcc/arm-none-eabi/10.3.1/../../../../arm-none-eabi/lib/thumb/v7e-m/nofp\libg.a(lib_a-__call_atexit.o) (atexit)
d:/progra~2/gnuarm~1/102021~1.10/bin/../lib/gcc/arm-none-eabi/10.3.1/../../../../arm-none-eabi/lib/thumb/v7e-m/nofp\libg.a(lib_a-fini.o)
                              d:/progra~2/gnuarm~1/102021~1.10/bin/../lib/gcc/arm-none-eabi/10.3.1/../../../../arm-none-eabi/lib/thumb/v7e-m/nofp\libg.a(lib_a-__call_atexit.o) (__libc_fini_array)
d:/progra~2/gnuarm~1/102021~1.10/bin/../lib/gcc/arm-none-eabi/10.3.1/../../../../arm-none-eabi/lib/thumb/v7e-m/nofp\libg.a(lib_a-lock.o)
                              d:/progra~2/gnuarm~1/102021~1.10/bin/../lib/gcc/arm-none-eabi/10.3.1/../../../../arm-none-eabi/lib/thumb/v7e-m/nofp\libg.a(lib_a-__call_atexit.o) (__retarget_lock_acquire_recursive)
d:/progra~2/gnuarm~1/102021~1.10/bin/../lib/gcc/arm-none-eabi/10.3.1/../../../../arm-none-eabi/lib/thumb/v7e-m/nofp\libg.a(lib_a-__atexit.o)
                              d:/progra~2/gnuarm~1/102021~1.10/bin/../lib/gcc/arm-none-eabi/10.3.1/../../../../arm-none-eabi/lib/thumb/v7e-m/nofp\libg.a(lib_a-atexit.o) (__register_exitproc)

Discarded input sections

 .text          0x00000000        0x0 d:/progra~2/gnuarm~1/102021~1.10/bin/../lib/gcc/arm-none-eabi/10.3.1/thumb/v7e-m/nofp/crti.o
 .data          0x00000000        0x0 d:/progra~2/gnuarm~1/102021~1.10/bin/../lib/gcc/arm-none-eabi/10.3.1/thumb/v7e-m/nofp/crti.o
 .bss           0x00000000        0x0 d:/progra~2/gnuarm~1/102021~1.10/bin/../lib/gcc/arm-none-eabi/10.3.1/thumb/v7e-m/nofp/crti.o
 .data          0x00000000        0x4 d:/progra~2/gnuarm~1/102021~1.10/bin/../lib/gcc/arm-none-eabi/10.3.1/thumb/v7e-m/nofp/crtbegin.o
 .rodata        0x00000000       0x24 d:/progra~2/gnuarm~1/102021~1.10/bin/../lib/gcc/arm-none-eabi/10.3.1/thumb/v7e-m/nofp/crtbegin.o
 .text          0x00000000       0x7c d:/progra~2/gnuarm~1/102021~1.10/bin/../lib/gcc/arm-none-eabi/10.3.1/../../../../arm-none-eabi/lib/thumb/v7e-m/nofp/crt0.o
[...]
Memory Configuration

Name             Origin             Length             Attributes
RAM              0x20000000         0x00020000         xrw
CCMRAM           0x10000000         0x00010000         xrw
FLASH            0x08000000         0x00100000         xr
*default*        0x00000000         0xffffffff

Linker script and memory map

LOAD d:/progra~2/gnuarm~1/102021~1.10/bin/../lib/gcc/arm-none-eabi/10.3.1/thumb/v7e-m/nofp/crti.o
LOAD d:/progra~2/gnuarm~1/102021~1.10/bin/../lib/gcc/arm-none-eabi/10.3.1/thumb/v7e-m/nofp/crtbegin.o
LOAD d:/progra~2/gnuarm~1/102021~1.10/bin/../lib/gcc/arm-none-eabi/10.3.1/../../../../arm-none-eabi/lib/thumb/v7e-m/nofp/crt0.o
LOAD CMakeFiles/emWin_Test_F407.elf.dir/Core/Src/fsmc.c.obj
LOAD CMakeFiles/emWin_Test_F407.elf.dir/Core/Src/gpio.c.obj
LOAD CMakeFiles/emWin_Test_F407.elf.dir/Core/Src/main.c.obj
LOAD CMakeFiles/emWin_Test_F407.elf.dir/Core/Src/stm32f4xx_hal_msp.c.obj
LOAD CMakeFiles/emWin_Test_F407.elf.dir/Core/Src/stm32f4xx_it.c.obj
LOAD CMakeFiles/emWin_Test_F407.elf.dir/Core/Src/syscalls.c.obj
LOAD CMakeFiles/emWin_Test_F407.elf.dir/Core/Src/sysmem.c.obj
LOAD CMakeFiles/emWin_Test_F407.elf.dir/Core/Src/system_stm32f4xx.c.obj
LOAD CMakeFiles/emWin_Test_F407.elf.dir/Core/Src/usart.c.obj
LOAD CMakeFiles/emWin_Test_F407.elf.dir/Core/Startup/startup_stm32f407zgtx.s.obj
LOAD CMakeFiles/emWin_Test_F407.elf.dir/Drivers/STM32F4xx_HAL_Driver/Src/stm32f4xx_hal.c.obj
LOAD CMakeFiles/emWin_Test_F407.elf.dir/Drivers/STM32F4xx_HAL_Driver/Src/stm32f4xx_hal_cortex.c.obj
LOAD CMakeFiles/emWin_Test_F407.elf.dir/Drivers/STM32F4xx_HAL_Driver/Src/stm32f4xx_hal_dma.c.obj
LOAD CMakeFiles/emWin_Test_F407.elf.dir/Drivers/STM32F4xx_HAL_Driver/Src/stm32f4xx_hal_dma_ex.c.obj
LOAD CMakeFiles/emWin_Test_F407.elf.dir/Drivers/STM32F4xx_HAL_Driver/Src/stm32f4xx_hal_exti.c.obj
LOAD CMakeFiles/emWin_Test_F407.elf.dir/Drivers/STM32F4xx_HAL_Driver/Src/stm32f4xx_hal_flash.c.obj
LOAD CMakeFiles/emWin_Test_F407.elf.dir/Drivers/STM32F4xx_HAL_Driver/Src/stm32f4xx_hal_flash_ex.c.obj
LOAD CMakeFiles/emWin_Test_F407.elf.dir/Drivers/STM32F4xx_HAL_Driver/Src/stm32f4xx_hal_flash_ramfunc.c.obj
LOAD CMakeFiles/emWin_Test_F407.elf.dir/Drivers/STM32F4xx_HAL_Driver/Src/stm32f4xx_hal_gpio.c.obj
LOAD CMakeFiles/emWin_Test_F407.elf.dir/Drivers/STM32F4xx_HAL_Driver/Src/stm32f4xx_hal_nand.c.obj
LOAD CMakeFiles/emWin_Test_F407.elf.dir/Drivers/STM32F4xx_HAL_Driver/Src/stm32f4xx_hal_nor.c.obj
LOAD CMakeFiles/emWin_Test_F407.elf.dir/Drivers/STM32F4xx_HAL_Driver/Src/stm32f4xx_hal_pccard.c.obj
LOAD CMakeFiles/emWin_Test_F407.elf.dir/Drivers/STM32F4xx_HAL_Driver/Src/stm32f4xx_hal_pwr.c.obj
LOAD CMakeFiles/emWin_Test_F407.elf.dir/Drivers/STM32F4xx_HAL_Driver/Src/stm32f4xx_hal_pwr_ex.c.obj
LOAD CMakeFiles/emWin_Test_F407.elf.dir/Drivers/STM32F4xx_HAL_Driver/Src/stm32f4xx_hal_rcc.c.obj
LOAD CMakeFiles/emWin_Test_F407.elf.dir/Drivers/STM32F4xx_HAL_Driver/Src/stm32f4xx_hal_rcc_ex.c.obj
LOAD CMakeFiles/emWin_Test_F407.elf.dir/Drivers/STM32F4xx_HAL_Driver/Src/stm32f4xx_hal_sram.c.obj
LOAD CMakeFiles/emWin_Test_F407.elf.dir/Drivers/STM32F4xx_HAL_Driver/Src/stm32f4xx_hal_uart.c.obj
LOAD CMakeFiles/emWin_Test_F407.elf.dir/Drivers/STM32F4xx_HAL_Driver/Src/stm32f4xx_ll_fsmc.c.obj
START GROUP
LOAD d:/progra~2/gnuarm~1/102021~1.10/bin/../lib/gcc/arm-none-eabi/10.3.1/thumb/v7e-m/nofp\libgcc.a
LOAD d:/progra~2/gnuarm~1/102021~1.10/bin/../lib/gcc/arm-none-eabi/10.3.1/../../../../arm-none-eabi/lib/thumb/v7e-m/nofp\libg.a
LOAD d:/progra~2/gnuarm~1/102021~1.10/bin/../lib/gcc/arm-none-eabi/10.3.1/../../../../arm-none-eabi/lib/thumb/v7e-m/nofp\libc.a
END GROUP
LOAD d:/progra~2/gnuarm~1/102021~1.10/bin/../lib/gcc/arm-none-eabi/10.3.1/thumb/v7e-m/nofp/crtend.o
LOAD d:/progra~2/gnuarm~1/102021~1.10/bin/../lib/gcc/arm-none-eabi/10.3.1/thumb/v7e-m/nofp/crtn.o
                0x20020000                _estack = (ORIGIN (RAM) + LENGTH (RAM))
                0x00000200                _Min_Heap_Size = 0x200
                0x00000400                _Min_Stack_Size = 0x400

.isr_vector     0x08000000      0x188
                0x08000000                . = ALIGN (0x4)
 *(.isr_vector)
 .isr_vector    0x08000000      0x188 CMakeFiles/emWin_Test_F407.elf.dir/Core/Startup/startup_stm32f407zgtx.s.obj
                0x08000000                g_pfnVectors
                0x08000188                . = ALIGN (0x4)

.text           0x08000188     0x1690
                0x08000188                . = ALIGN (0x4)
 *(.text)
 .text          0x08000188       0x40 d:/progra~2/gnuarm~1/102021~1.10/bin/../lib/gcc/arm-none-eabi/10.3.1/thumb/v7e-m/nofp/crtbegin.o
 .text          0x080001c8       0x30 d:/progra~2/gnuarm~1/102021~1.10/bin/../lib/gcc/arm-none-eabi/10.3.1/thumb/v7e-m/nofp\libgcc.a(_aeabi_uldivmod.o)
                0x080001c8                __aeabi_uldivmod
 .text          0x080001f8      0x2d0 d:/progra~2/gnuarm~1/102021~1.10/bin/../lib/gcc/arm-none-eabi/10.3.1/thumb/v7e-m/nofp\libgcc.a(_udivmoddi4.o)
                0x080001f8                __udivmoddi4
 .text          0x080004c8        0x4 d:/progra~2/gnuarm~1/102021~1.10/bin/../lib/gcc/arm-none-eabi/10.3.1/thumb/v7e-m/nofp\libgcc.a(_dvmd_tls.o)
                0x080004c8                __aeabi_idiv0
                0x080004c8                __aeabi_ldiv0
 *(.text*)
 .text.HAL_FSMC_MspInit
                0x080004cc       0xb4 CMakeFiles/emWin_Test_F407.elf.dir/Core/Src/fsmc.c.obj
 .text.MX_FSMC_Init
                0x08000580       0x90 CMakeFiles/emWin_Test_F407.elf.dir/Core/Src/fsmc.c.obj
                0x08000580                MX_FSMC_Init
 .text.HAL_SRAM_MspInit
                0x08000610        0x8 CMakeFiles/emWin_Test_F407.elf.dir/Core/Src/fsmc.c.obj
                0x08000610                HAL_SRAM_MspInit
 .text.MX_GPIO_Init
                0x08000618      0x114 CMakeFiles/emWin_Test_F407.elf.dir/Core/Src/gpio.c.obj
                0x08000618                MX_GPIO_Init
 .text.Error_Handler
                0x0800072c        0x4 CMakeFiles/emWin_Test_F407.elf.dir/Core/Src/main.c.obj
                0x0800072c                Error_Handler
 .text.SystemClock_Config
                0x08000730       0xa8 CMakeFiles/emWin_Test_F407.elf.dir/Core/Src/main.c.obj
                0x08000730                SystemClock_Config
 .text.main     0x080007d8       0x44 CMakeFiles/emWin_Test_F407.elf.dir/Core/Src/main.c.obj
                0x080007d8                main
 .text.HAL_MspInit
                0x0800081c       0x38 CMakeFiles/emWin_Test_F407.elf.dir/Core/Src/stm32f4xx_hal_msp.c.obj
                0x0800081c                HAL_MspInit
 .text.NMI_Handler
                0x08000854        0x2 CMakeFiles/emWin_Test_F407.elf.dir/Core/Src/stm32f4xx_it.c.obj
                0x08000854                NMI_Handler
 .text.HardFault_Handler
                0x08000856        0x2 CMakeFiles/emWin_Test_F407.elf.dir/Core/Src/stm32f4xx_it.c.obj
                0x08000856                HardFault_Handler
 .text.MemManage_Handler
                0x08000858        0x2 CMakeFiles/emWin_Test_F407.elf.dir/Core/Src/stm32f4xx_it.c.obj
                0x08000858                MemManage_Handler
 .text.BusFault_Handler
                0x0800085a        0x2 CMakeFiles/emWin_Test_F407.elf.dir/Core/Src/stm32f4xx_it.c.obj
                0x0800085a                BusFault_Handler
 .text.UsageFault_Handler
                0x0800085c        0x2 CMakeFiles/emWin_Test_F407.elf.dir/Core/Src/stm32f4xx_it.c.obj
                0x0800085c                UsageFault_Handler
 .text.SVC_Handler
                0x0800085e        0x2 CMakeFiles/emWin_Test_F407.elf.dir/Core/Src/stm32f4xx_it.c.obj
                0x0800085e                SVC_Handler
 .text.DebugMon_Handler
                0x08000860        0x2 CMakeFiles/emWin_Test_F407.elf.dir/Core/Src/stm32f4xx_it.c.obj
                0x08000860                DebugMon_Handler
 .text.PendSV_Handler
                0x08000862        0x2 CMakeFiles/emWin_Test_F407.elf.dir/Core/Src/stm32f4xx_it.c.obj
                0x08000862                PendSV_Handler
 .text.SysTick_Handler
                0x08000864        0x8 CMakeFiles/emWin_Test_F407.elf.dir/Core/Src/stm32f4xx_it.c.obj
                0x08000864                SysTick_Handler
 .text.SystemInit
                0x0800086c        0x2 CMakeFiles/emWin_Test_F407.elf.dir/Core/Src/system_stm32f4xx.c.obj
                0x0800086c                SystemInit
 *fill*         0x0800086e        0x2 
 .text.MX_USART1_UART_Init
                0x08000870       0x34 CMakeFiles/emWin_Test_F407.elf.dir/Core/Src/usart.c.obj
                0x08000870                MX_USART1_UART_Init
 .text.HAL_UART_MspInit
                0x080008a4       0x74 CMakeFiles/emWin_Test_F407.elf.dir/Core/Src/usart.c.obj
                0x080008a4                HAL_UART_MspInit
 .text.Reset_Handler
                0x08000918       0x50 CMakeFiles/emWin_Test_F407.elf.dir/Core/Startup/startup_stm32f407zgtx.s.obj
                0x08000918                Reset_Handler
 .text.Default_Handler
                0x08000968        0x2 CMakeFiles/emWin_Test_F407.elf.dir/Core/Startup/startup_stm32f407zgtx.s.obj
                0x08000968                RTC_Alarm_IRQHandler
                0x08000968                HASH_RNG_IRQHandler
                0x08000968                EXTI2_IRQHandler
                0x08000968                TIM8_CC_IRQHandler
                0x08000968                TIM1_CC_IRQHandler
                0x08000968                DMA2_Stream5_IRQHandler
                0x08000968                DMA1_Stream5_IRQHandler
                0x08000968                PVD_IRQHandler
                0x08000968                SDIO_IRQHandler
                0x08000968                TAMP_STAMP_IRQHandler
                0x08000968                CAN2_RX1_IRQHandler
                0x08000968                EXTI3_IRQHandler
                0x08000968                TIM8_TRG_COM_TIM14_IRQHandler
                0x08000968                TIM1_UP_TIM10_IRQHandler
                0x08000968                TIM8_UP_TIM13_IRQHandler
                0x08000968                I2C3_ER_IRQHandler
                0x08000968                EXTI0_IRQHandler
                0x08000968                I2C2_EV_IRQHandler
                0x08000968                DMA1_Stream2_IRQHandler
                0x08000968                CAN1_RX0_IRQHandler
                0x08000968                FPU_IRQHandler
                0x08000968                OTG_HS_WKUP_IRQHandler
                0x08000968                CAN2_SCE_IRQHandler
                0x08000968                DMA2_Stream2_IRQHandler
                0x08000968                SPI1_IRQHandler
                0x08000968                TIM6_DAC_IRQHandler
                0x08000968                TIM1_BRK_TIM9_IRQHandler
                0x08000968                DCMI_IRQHandler
                0x08000968                CAN2_RX0_IRQHandler
                0x08000968                DMA2_Stream3_IRQHandler
                0x08000968                USART6_IRQHandler
                0x08000968                USART3_IRQHandler
                0x08000968                CAN1_RX1_IRQHandler
                0x08000968                UART5_IRQHandler
                0x08000968                DMA2_Stream0_IRQHandler
                0x08000968                TIM4_IRQHandler
                0x08000968                I2C1_EV_IRQHandler
                0x08000968                DMA1_Stream6_IRQHandler
                0x08000968                DMA1_Stream1_IRQHandler
                0x08000968                UART4_IRQHandler
                0x08000968                TIM3_IRQHandler
                0x08000968                RCC_IRQHandler
                0x08000968                TIM8_BRK_TIM12_IRQHandler
                0x08000968                Default_Handler
                0x08000968                EXTI15_10_IRQHandler
                0x08000968                ADC_IRQHandler
                0x08000968                DMA1_Stream7_IRQHandler
                0x08000968                TIM7_IRQHandler
                0x08000968                CAN2_TX_IRQHandler
                0x08000968                TIM5_IRQHandler
                0x08000968                DMA2_Stream7_IRQHandler
                0x08000968                I2C3_EV_IRQHandler
                0x08000968                EXTI9_5_IRQHandler
                0x08000968                RTC_WKUP_IRQHandler
                0x08000968                ETH_WKUP_IRQHandler
                0x08000968                SPI2_IRQHandler
                0x08000968                OTG_HS_EP1_IN_IRQHandler
                0x08000968                DMA1_Stream0_IRQHandler
                0x08000968                CAN1_TX_IRQHandler
                0x08000968                EXTI4_IRQHandler
                0x08000968                FSMC_IRQHandler
                0x08000968                ETH_IRQHandler
                0x08000968                OTG_HS_EP1_OUT_IRQHandler
                0x08000968                WWDG_IRQHandler
                0x08000968                TIM2_IRQHandler
                0x08000968                OTG_FS_WKUP_IRQHandler
                0x08000968                TIM1_TRG_COM_TIM11_IRQHandler
                0x08000968                OTG_HS_IRQHandler
                0x08000968                EXTI1_IRQHandler
                0x08000968                USART2_IRQHandler
                0x08000968                I2C2_ER_IRQHandler
                0x08000968                DMA2_Stream1_IRQHandler
                0x08000968                CAN1_SCE_IRQHandler
                0x08000968                FLASH_IRQHandler
                0x08000968                DMA2_Stream4_IRQHandler
                0x08000968                USART1_IRQHandler
                0x08000968                OTG_FS_IRQHandler
                0x08000968                SPI3_IRQHandler
                0x08000968                DMA1_Stream4_IRQHandler
                0x08000968                I2C1_ER_IRQHandler
                0x08000968                DMA2_Stream6_IRQHandler
                0x08000968                DMA1_Stream3_IRQHandler
 *fill*         0x0800096a        0x2 
 .text.HAL_InitTick
                0x0800096c       0x4c CMakeFiles/emWin_Test_F407.elf.dir/Drivers/STM32F4xx_HAL_Driver/Src/stm32f4xx_hal.c.obj
                0x0800096c                HAL_InitTick
 .text.HAL_Init
                0x080009b8       0x34 CMakeFiles/emWin_Test_F407.elf.dir/Drivers/STM32F4xx_HAL_Driver/Src/stm32f4xx_hal.c.obj
                0x080009b8                HAL_Init
 .text.HAL_IncTick
                0x080009ec       0x18 CMakeFiles/emWin_Test_F407.elf.dir/Drivers/STM32F4xx_HAL_Driver/Src/stm32f4xx_hal.c.obj
                0x080009ec                HAL_IncTick
 .text.HAL_GetTick
                0x08000a04        0xc CMakeFiles/emWin_Test_F407.elf.dir/Drivers/STM32F4xx_HAL_Driver/Src/stm32f4xx_hal.c.obj
                0x08000a04                HAL_GetTick
 .text.HAL_Delay
                0x08000a10       0x28 CMakeFiles/emWin_Test_F407.elf.dir/Drivers/STM32F4xx_HAL_Driver/Src/stm32f4xx_hal.c.obj
                0x08000a10                HAL_Delay
 .text.HAL_NVIC_SetPriorityGrouping
                0x08000a38       0x24 CMakeFiles/emWin_Test_F407.elf.dir/Drivers/STM32F4xx_HAL_Driver/Src/stm32f4xx_hal_cortex.c.obj
                0x08000a38                HAL_NVIC_SetPriorityGrouping
 .text.HAL_NVIC_SetPriority
                0x08000a5c       0x70 CMakeFiles/emWin_Test_F407.elf.dir/Drivers/STM32F4xx_HAL_Driver/Src/stm32f4xx_hal_cortex.c.obj
                0x08000a5c                HAL_NVIC_SetPriority
 .text.HAL_SYSTICK_Config
                0x08000acc       0x28 CMakeFiles/emWin_Test_F407.elf.dir/Drivers/STM32F4xx_HAL_Driver/Src/stm32f4xx_hal_cortex.c.obj
                0x08000acc                HAL_SYSTICK_Config
 .text.HAL_GPIO_Init
                0x08000af4      0x1e4 CMakeFiles/emWin_Test_F407.elf.dir/Drivers/STM32F4xx_HAL_Driver/Src/stm32f4xx_hal_gpio.c.obj
                0x08000af4                HAL_GPIO_Init
 .text.HAL_GPIO_WritePin
                0x08000cd8        0xc CMakeFiles/emWin_Test_F407.elf.dir/Drivers/STM32F4xx_HAL_Driver/Src/stm32f4xx_hal_gpio.c.obj
                0x08000cd8                HAL_GPIO_WritePin
 .text.HAL_GPIO_TogglePin
                0x08000ce4       0x12 CMakeFiles/emWin_Test_F407.elf.dir/Drivers/STM32F4xx_HAL_Driver/Src/stm32f4xx_hal_gpio.c.obj
                0x08000ce4                HAL_GPIO_TogglePin
 *fill*         0x08000cf6        0x2 
 .text.HAL_RCC_OscConfig
                0x08000cf8      0x3f8 CMakeFiles/emWin_Test_F407.elf.dir/Drivers/STM32F4xx_HAL_Driver/Src/stm32f4xx_hal_rcc.c.obj
                0x08000cf8                HAL_RCC_OscConfig
 .text.HAL_RCC_GetSysClockFreq
                0x080010f0       0xd4 CMakeFiles/emWin_Test_F407.elf.dir/Drivers/STM32F4xx_HAL_Driver/Src/stm32f4xx_hal_rcc.c.obj
                0x080010f0                HAL_RCC_GetSysClockFreq
 .text.HAL_RCC_ClockConfig
                0x080011c4      0x160 CMakeFiles/emWin_Test_F407.elf.dir/Drivers/STM32F4xx_HAL_Driver/Src/stm32f4xx_hal_rcc.c.obj
                0x080011c4                HAL_RCC_ClockConfig
 .text.HAL_RCC_GetHCLKFreq
                0x08001324        0xc CMakeFiles/emWin_Test_F407.elf.dir/Drivers/STM32F4xx_HAL_Driver/Src/stm32f4xx_hal_rcc.c.obj
                0x08001324                HAL_RCC_GetHCLKFreq
 .text.HAL_RCC_GetPCLK1Freq
                0x08001330       0x20 CMakeFiles/emWin_Test_F407.elf.dir/Drivers/STM32F4xx_HAL_Driver/Src/stm32f4xx_hal_rcc.c.obj
                0x08001330                HAL_RCC_GetPCLK1Freq
 .text.HAL_RCC_GetPCLK2Freq
                0x08001350       0x20 CMakeFiles/emWin_Test_F407.elf.dir/Drivers/STM32F4xx_HAL_Driver/Src/stm32f4xx_hal_rcc.c.obj
                0x08001350                HAL_RCC_GetPCLK2Freq
 .text.HAL_SRAM_Init
                0x08001370       0x58 CMakeFiles/emWin_Test_F407.elf.dir/Drivers/STM32F4xx_HAL_Driver/Src/stm32f4xx_hal_sram.c.obj
                0x08001370                HAL_SRAM_Init
 .text.UART_SetConfig
                0x080013c8      0x110 CMakeFiles/emWin_Test_F407.elf.dir/Drivers/STM32F4xx_HAL_Driver/Src/stm32f4xx_hal_uart.c.obj
 .text.HAL_UART_Init
                0x080014d8       0x60 CMakeFiles/emWin_Test_F407.elf.dir/Drivers/STM32F4xx_HAL_Driver/Src/stm32f4xx_hal_uart.c.obj
                0x080014d8                HAL_UART_Init
 .text.FSMC_NORSRAM_Init
                0x08001538       0x68 CMakeFiles/emWin_Test_F407.elf.dir/Drivers/STM32F4xx_HAL_Driver/Src/stm32f4xx_ll_fsmc.c.obj
                0x08001538                FSMC_NORSRAM_Init
 .text.FSMC_NORSRAM_Timing_Init
                0x080015a0       0x50 CMakeFiles/emWin_Test_F407.elf.dir/Drivers/STM32F4xx_HAL_Driver/Src/stm32f4xx_ll_fsmc.c.obj
                0x080015a0                FSMC_NORSRAM_Timing_Init
 .text.FSMC_NORSRAM_Extended_Timing_Init
                0x080015f0       0x44 CMakeFiles/emWin_Test_F407.elf.dir/Drivers/STM32F4xx_HAL_Driver/Src/stm32f4xx_ll_fsmc.c.obj
                0x080015f0                FSMC_NORSRAM_Extended_Timing_Init
 .text.__libc_init_array
                0x08001634       0x48 d:/progra~2/gnuarm~1/102021~1.10/bin/../lib/gcc/arm-none-eabi/10.3.1/../../../../arm-none-eabi/lib/thumb/v7e-m/nofp\libg.a(lib_a-init.o)
                0x08001634                __libc_init_array
 .text.memset   0x0800167c       0xa4 d:/progra~2/gnuarm~1/102021~1.10/bin/../lib/gcc/arm-none-eabi/10.3.1/../../../../arm-none-eabi/lib/thumb/v7e-m/nofp\libg.a(lib_a-memset.o)
                0x0800167c                memset
 .text.startup.register_fini
                0x08001720       0x14 d:/progra~2/gnuarm~1/102021~1.10/bin/../lib/gcc/arm-none-eabi/10.3.1/../../../../arm-none-eabi/lib/thumb/v7e-m/nofp\libg.a(lib_a-__call_atexit.o)
 .text.atexit   0x08001734        0xc d:/progra~2/gnuarm~1/102021~1.10/bin/../lib/gcc/arm-none-eabi/10.3.1/../../../../arm-none-eabi/lib/thumb/v7e-m/nofp\libg.a(lib_a-atexit.o)
                0x08001734                atexit
 .text.__libc_fini_array
                0x08001740       0x2c d:/progra~2/gnuarm~1/102021~1.10/bin/../lib/gcc/arm-none-eabi/10.3.1/../../../../arm-none-eabi/lib/thumb/v7e-m/nofp\libg.a(lib_a-fini.o)
                0x08001740                __libc_fini_array
 .text.__retarget_lock_acquire_recursive
                0x0800176c        0x4 d:/progra~2/gnuarm~1/102021~1.10/bin/../lib/gcc/arm-none-eabi/10.3.1/../../../../arm-none-eabi/lib/thumb/v7e-m/nofp\libg.a(lib_a-lock.o)
                0x0800176c                __retarget_lock_acquire_recursive
 .text.__retarget_lock_release_recursive
                0x08001770        0x4 d:/progra~2/gnuarm~1/102021~1.10/bin/../lib/gcc/arm-none-eabi/10.3.1/../../../../arm-none-eabi/lib/thumb/v7e-m/nofp\libg.a(lib_a-lock.o)
                0x08001770                __retarget_lock_release_recursive
 .text.__register_exitproc
                0x08001774       0x8c d:/progra~2/gnuarm~1/102021~1.10/bin/../lib/gcc/arm-none-eabi/10.3.1/../../../../arm-none-eabi/lib/thumb/v7e-m/nofp\libg.a(lib_a-__atexit.o)
                0x08001774                __register_exitproc
 *(.glue_7)
 .glue_7        0x08001800        0x0 linker stubs
 *(.glue_7t)
 .glue_7t       0x08001800        0x0 linker stubs
 *(.eh_frame)
 .eh_frame      0x08001800        0x0 d:/progra~2/gnuarm~1/102021~1.10/bin/../lib/gcc/arm-none-eabi/10.3.1/thumb/v7e-m/nofp/crtbegin.o
 *(.init)
 .init          0x08001800        0x4 d:/progra~2/gnuarm~1/102021~1.10/bin/../lib/gcc/arm-none-eabi/10.3.1/thumb/v7e-m/nofp/crti.o
                0x08001800                _init
 .init          0x08001804        0x8 d:/progra~2/gnuarm~1/102021~1.10/bin/../lib/gcc/arm-none-eabi/10.3.1/thumb/v7e-m/nofp/crtn.o
 *(.fini)
 .fini          0x0800180c        0x4 d:/progra~2/gnuarm~1/102021~1.10/bin/../lib/gcc/arm-none-eabi/10.3.1/thumb/v7e-m/nofp/crti.o
                0x0800180c                _fini
 .fini          0x08001810        0x8 d:/progra~2/gnuarm~1/102021~1.10/bin/../lib/gcc/arm-none-eabi/10.3.1/thumb/v7e-m/nofp/crtn.o
                0x08001818                . = ALIGN (0x4)
                0x08001818                _etext = .

.vfp11_veneer   0x08001818        0x0
 .vfp11_veneer  0x08001818        0x0 linker stubs

.v4_bx          0x08001818        0x0
 .v4_bx         0x08001818        0x0 linker stubs

.iplt           0x08001818        0x0
 .iplt          0x08001818        0x0 d:/progra~2/gnuarm~1/102021~1.10/bin/../lib/gcc/arm-none-eabi/10.3.1/thumb/v7e-m/nofp/crtbegin.o

.rodata         0x08001818       0x1c
                0x08001818                . = ALIGN (0x4)
 *(.rodata)
 *(.rodata*)
 .rodata.AHBPrescTable
                0x08001818       0x10 CMakeFiles/emWin_Test_F407.elf.dir/Core/Src/system_stm32f4xx.c.obj
                0x08001818                AHBPrescTable
 .rodata.APBPrescTable
                0x08001828        0x8 CMakeFiles/emWin_Test_F407.elf.dir/Core/Src/system_stm32f4xx.c.obj
                0x08001828                APBPrescTable
 .rodata._global_impure_ptr
                0x08001830        0x4 d:/progra~2/gnuarm~1/102021~1.10/bin/../lib/gcc/arm-none-eabi/10.3.1/../../../../arm-none-eabi/lib/thumb/v7e-m/nofp\libg.a(lib_a-impure.o)
                0x08001830                _global_impure_ptr
                0x08001834                . = ALIGN (0x4)

.ARM.extab
 *(.ARM.extab* .gnu.linkonce.armextab.*)

.ARM            0x08001834        0x8
                0x08001834                __exidx_start = .
 *(.ARM.exidx*)
 .ARM.exidx     0x08001834        0x8 d:/progra~2/gnuarm~1/102021~1.10/bin/../lib/gcc/arm-none-eabi/10.3.1/thumb/v7e-m/nofp\libgcc.a(_udivmoddi4.o)
                0x0800183c                __exidx_end = .

.rel.dyn        0x0800183c        0x0
 .rel.iplt      0x0800183c        0x0 d:/progra~2/gnuarm~1/102021~1.10/bin/../lib/gcc/arm-none-eabi/10.3.1/thumb/v7e-m/nofp/crtbegin.o

.preinit_array  0x0800183c        0x0
                0x0800183c                PROVIDE (__preinit_array_start = .)
 *(.preinit_array*)
                0x0800183c                PROVIDE (__preinit_array_end = .)

.init_array     0x0800183c        0x8
                0x0800183c                PROVIDE (__init_array_start = .)
 *(SORT_BY_NAME(.init_array.*))
 .init_array.00000
                0x0800183c        0x4 d:/progra~2/gnuarm~1/102021~1.10/bin/../lib/gcc/arm-none-eabi/10.3.1/../../../../arm-none-eabi/lib/thumb/v7e-m/nofp\libg.a(lib_a-__call_atexit.o)
 *(.init_array*)
 .init_array    0x08001840        0x4 d:/progra~2/gnuarm~1/102021~1.10/bin/../lib/gcc/arm-none-eabi/10.3.1/thumb/v7e-m/nofp/crtbegin.o
                0x08001844                PROVIDE (__init_array_end = .)

.fini_array     0x08001844        0x4
                0x08001844                PROVIDE (__fini_array_start = .)
 *(SORT_BY_NAME(.fini_array.*))
 *(.fini_array*)
 .fini_array    0x08001844        0x4 d:/progra~2/gnuarm~1/102021~1.10/bin/../lib/gcc/arm-none-eabi/10.3.1/thumb/v7e-m/nofp/crtbegin.o
                0x08001848                PROVIDE (__fini_array_end = .)
                0x08001848                _sidata = LOADADDR (.data)

.data           0x20000000      0x43c load address 0x08001848
                0x20000000                . = ALIGN (0x4)
                0x20000000                _sdata = .
 *(.data)
 *(.data*)
 .data.SystemCoreClock
                0x20000000        0x4 CMakeFiles/emWin_Test_F407.elf.dir/Core/Src/system_stm32f4xx.c.obj
                0x20000000                SystemCoreClock
 .data.uwTickFreq
                0x20000004        0x1 CMakeFiles/emWin_Test_F407.elf.dir/Drivers/STM32F4xx_HAL_Driver/Src/stm32f4xx_hal.c.obj
                0x20000004                uwTickFreq
 *fill*         0x20000005        0x3 
 .data.uwTickPrio
                0x20000008        0x4 CMakeFiles/emWin_Test_F407.elf.dir/Drivers/STM32F4xx_HAL_Driver/Src/stm32f4xx_hal.c.obj
                0x20000008                uwTickPrio
 *fill*         0x2000000c        0x4 
 .data.impure_data
                0x20000010      0x428 d:/progra~2/gnuarm~1/102021~1.10/bin/../lib/gcc/arm-none-eabi/10.3.1/../../../../arm-none-eabi/lib/thumb/v7e-m/nofp\libg.a(lib_a-impure.o)
 .data.__atexit_recursive_mutex
                0x20000438        0x4 d:/progra~2/gnuarm~1/102021~1.10/bin/../lib/gcc/arm-none-eabi/10.3.1/../../../../arm-none-eabi/lib/thumb/v7e-m/nofp\libg.a(lib_a-__call_atexit.o)
                0x20000438                __atexit_recursive_mutex
                0x2000043c                . = ALIGN (0x4)
                0x2000043c                _edata = .
                0x08001c84                _siccmram = LOADADDR (.ccmram)

.igot.plt       0x2000043c        0x0 load address 0x08001c84
 .igot.plt      0x2000043c        0x0 d:/progra~2/gnuarm~1/102021~1.10/bin/../lib/gcc/arm-none-eabi/10.3.1/thumb/v7e-m/nofp/crtbegin.o

.ccmram         0x10000000        0x0 load address 0x08001c84
                0x10000000                . = ALIGN (0x4)
                0x10000000                _sccmram = .
 *(.ccmram)
 *(.ccmram*)
                0x10000000                . = ALIGN (0x4)
                0x10000000                _eccmram = .
                0x10000000                . = ALIGN (0x4)

.bss            0x2000043c       0xc0
                0x2000043c                _sbss = .
                0x2000043c                __bss_start__ = _sbss
 *(.bss)
 .bss           0x2000043c       0x1c d:/progra~2/gnuarm~1/102021~1.10/bin/../lib/gcc/arm-none-eabi/10.3.1/thumb/v7e-m/nofp/crtbegin.o
 *(.bss*)
 .bss.FSMC_Initialized
                0x20000458        0x4 CMakeFiles/emWin_Test_F407.elf.dir/Core/Src/fsmc.c.obj
 .bss.hsram1    0x2000045c       0x50 CMakeFiles/emWin_Test_F407.elf.dir/Core/Src/fsmc.c.obj
                0x2000045c                hsram1
 .bss.huart1    0x200004ac       0x48 CMakeFiles/emWin_Test_F407.elf.dir/Core/Src/usart.c.obj
                0x200004ac                huart1
 .bss.uwTick    0x200004f4        0x4 CMakeFiles/emWin_Test_F407.elf.dir/Drivers/STM32F4xx_HAL_Driver/Src/stm32f4xx_hal.c.obj
                0x200004f4                uwTick
 .bss.__lock___atexit_recursive_mutex
                0x200004f8        0x1 d:/progra~2/gnuarm~1/102021~1.10/bin/../lib/gcc/arm-none-eabi/10.3.1/../../../../arm-none-eabi/lib/thumb/v7e-m/nofp\libg.a(lib_a-lock.o)
                0x200004f8                __lock___atexit_recursive_mutex
 *(COMMON)
                0x200004fc                . = ALIGN (0x4)
 *fill*         0x200004f9        0x3 
                0x200004fc                _ebss = .
                0x200004fc                __bss_end__ = _ebss

._user_heap_stack
                0x200004fc      0x604
                0x20000500                . = ALIGN (0x8)
 *fill*         0x200004fc        0x4 
                [!provide]                PROVIDE (end = .)
                0x20000500                PROVIDE (_end = .)
                0x20000700                . = (. + _Min_Heap_Size)
 *fill*         0x20000500      0x200 
                0x20000b00                . = (. + _Min_Stack_Size)
 *fill*         0x20000700      0x400 
                0x20000b00                . = ALIGN (0x8)

/DISCARD/
 libc.a(*)
 libm.a(*)
 libgcc.a(*)
OUTPUT(emWin_Test_F407.elf elf32-littlearm)
LOAD linker stubs
LOAD d:/progra~2/gnuarm~1/102021~1.10/bin/../lib/gcc/arm-none-eabi/10.3.1/../../../../arm-none-eabi/lib/thumb/v7e-m/nofp\libc.a
LOAD d:/progra~2/gnuarm~1/102021~1.10/bin/../lib/gcc/arm-none-eabi/10.3.1/../../../../arm-none-eabi/lib/thumb/v7e-m/nofp\libm.a
LOAD d:/progra~2/gnuarm~1/102021~1.10/bin/../lib/gcc/arm-none-eabi/10.3.1/thumb/v7e-m/nofp\libgcc.a

.ARM.attributes
                0x00000000       0x2a
 .ARM.attributes
                0x00000000       0x1e d:/progra~2/gnuarm~1/102021~1.10/bin/../lib/gcc/arm-none-eabi/10.3.1/thumb/v7e-m/nofp/crti.o
 .ARM.attributes
                0x0000001e       0x2e d:/progra~2/gnuarm~1/102021~1.10/bin/../lib/gcc/arm-none-eabi/10.3.1/thumb/v7e-m/nofp/crtbegin.o
 .ARM.attributes
                0x0000004c       0x2e CMakeFiles/emWin_Test_F407.elf.dir/Core/Src/fsmc.c.obj
 .ARM.attributes
                0x0000007a       0x2e CMakeFiles/emWin_Test_F407.elf.dir/Core/Src/gpio.c.obj
 .ARM.attributes
                0x000000a8       0x2e CMakeFiles/emWin_Test_F407.elf.dir/Core/Src/main.c.obj
 .ARM.attributes
                0x000000d6       0x2e CMakeFiles/emWin_Test_F407.elf.dir/Core/Src/stm32f4xx_hal_msp.c.obj
 .ARM.attributes
                0x00000104       0x2e CMakeFiles/emWin_Test_F407.elf.dir/Core/Src/stm32f4xx_it.c.obj
 .ARM.attributes
                0x00000132       0x2e CMakeFiles/emWin_Test_F407.elf.dir/Core/Src/system_stm32f4xx.c.obj
 .ARM.attributes
                0x00000160       0x2e CMakeFiles/emWin_Test_F407.elf.dir/Core/Src/usart.c.obj
 .ARM.attributes
                0x0000018e       0x21 CMakeFiles/emWin_Test_F407.elf.dir/Core/Startup/startup_stm32f407zgtx.s.obj
 .ARM.attributes
                0x000001af       0x2e CMakeFiles/emWin_Test_F407.elf.dir/Drivers/STM32F4xx_HAL_Driver/Src/stm32f4xx_hal.c.obj
 .ARM.attributes
                0x000001dd       0x2e CMakeFiles/emWin_Test_F407.elf.dir/Drivers/STM32F4xx_HAL_Driver/Src/stm32f4xx_hal_cortex.c.obj
 .ARM.attributes
                0x0000020b       0x2e CMakeFiles/emWin_Test_F407.elf.dir/Drivers/STM32F4xx_HAL_Driver/Src/stm32f4xx_hal_gpio.c.obj
 .ARM.attributes
                0x00000239       0x2e CMakeFiles/emWin_Test_F407.elf.dir/Drivers/STM32F4xx_HAL_Driver/Src/stm32f4xx_hal_rcc.c.obj
 .ARM.attributes
                0x00000267       0x2e CMakeFiles/emWin_Test_F407.elf.dir/Drivers/STM32F4xx_HAL_Driver/Src/stm32f4xx_hal_sram.c.obj
 .ARM.attributes
                0x00000295       0x2e CMakeFiles/emWin_Test_F407.elf.dir/Drivers/STM32F4xx_HAL_Driver/Src/stm32f4xx_hal_uart.c.obj
 .ARM.attributes
                0x000002c3       0x2e CMakeFiles/emWin_Test_F407.elf.dir/Drivers/STM32F4xx_HAL_Driver/Src/stm32f4xx_ll_fsmc.c.obj
 .ARM.attributes
                0x000002f1       0x1e d:/progra~2/gnuarm~1/102021~1.10/bin/../lib/gcc/arm-none-eabi/10.3.1/thumb/v7e-m/nofp\libgcc.a(_aeabi_uldivmod.o)
 .ARM.attributes
                0x0000030f       0x2e d:/progra~2/gnuarm~1/102021~1.10/bin/../lib/gcc/arm-none-eabi/10.3.1/thumb/v7e-m/nofp\libgcc.a(_udivmoddi4.o)
 .ARM.attributes
                0x0000033d       0x1e d:/progra~2/gnuarm~1/102021~1.10/bin/../lib/gcc/arm-none-eabi/10.3.1/thumb/v7e-m/nofp\libgcc.a(_dvmd_tls.o)
 .ARM.attributes
                0x0000035b       0x2e d:/progra~2/gnuarm~1/102021~1.10/bin/../lib/gcc/arm-none-eabi/10.3.1/../../../../arm-none-eabi/lib/thumb/v7e-m/nofp\libg.a(lib_a-impure.o)
 .ARM.attributes
                0x00000389       0x2e d:/progra~2/gnuarm~1/102021~1.10/bin/../lib/gcc/arm-none-eabi/10.3.1/../../../../arm-none-eabi/lib/thumb/v7e-m/nofp\libg.a(lib_a-init.o)
 .ARM.attributes
                0x000003b7       0x2e d:/progra~2/gnuarm~1/102021~1.10/bin/../lib/gcc/arm-none-eabi/10.3.1/../../../../arm-none-eabi/lib/thumb/v7e-m/nofp\libg.a(lib_a-memset.o)
 .ARM.attributes
                0x000003e5       0x2e d:/progra~2/gnuarm~1/102021~1.10/bin/../lib/gcc/arm-none-eabi/10.3.1/../../../../arm-none-eabi/lib/thumb/v7e-m/nofp\libg.a(lib_a-__call_atexit.o)
 .ARM.attributes
                0x00000413       0x2e d:/progra~2/gnuarm~1/102021~1.10/bin/../lib/gcc/arm-none-eabi/10.3.1/../../../../arm-none-eabi/lib/thumb/v7e-m/nofp\libg.a(lib_a-atexit.o)
 .ARM.attributes
                0x00000441       0x2e d:/progra~2/gnuarm~1/102021~1.10/bin/../lib/gcc/arm-none-eabi/10.3.1/../../../../arm-none-eabi/lib/thumb/v7e-m/nofp\libg.a(lib_a-fini.o)
 .ARM.attributes
                0x0000046f       0x2e d:/progra~2/gnuarm~1/102021~1.10/bin/../lib/gcc/arm-none-eabi/10.3.1/../../../../arm-none-eabi/lib/thumb/v7e-m/nofp\libg.a(lib_a-lock.o)
 .ARM.attributes
                0x0000049d       0x2e d:/progra~2/gnuarm~1/102021~1.10/bin/../lib/gcc/arm-none-eabi/10.3.1/../../../../arm-none-eabi/lib/thumb/v7e-m/nofp\libg.a(lib_a-__atexit.o)
 .ARM.attributes
                0x000004cb       0x1e d:/progra~2/gnuarm~1/102021~1.10/bin/../lib/gcc/arm-none-eabi/10.3.1/thumb/v7e-m/nofp/crtn.o

.comment        0x00000000       0x49
 .comment       0x00000000       0x49 CMakeFiles/emWin_Test_F407.elf.dir/Core/Src/fsmc.c.obj
                                 0x4a (size before relaxing)
 .comment       0x00000049       0x4a CMakeFiles/emWin_Test_F407.elf.dir/Core/Src/gpio.c.obj
 .comment       0x00000049       0x4a CMakeFiles/emWin_Test_F407.elf.dir/Core/Src/main.c.obj
 .comment       0x00000049       0x4a CMakeFiles/emWin_Test_F407.elf.dir/Core/Src/stm32f4xx_hal_msp.c.obj
 .comment       0x00000049       0x4a CMakeFiles/emWin_Test_F407.elf.dir/Core/Src/stm32f4xx_it.c.obj
 .comment       0x00000049       0x4a CMakeFiles/emWin_Test_F407.elf.dir/Core/Src/system_stm32f4xx.c.obj
 .comment       0x00000049       0x4a CMakeFiles/emWin_Test_F407.elf.dir/Core/Src/usart.c.obj
 .comment       0x00000049       0x4a CMakeFiles/emWin_Test_F407.elf.dir/Drivers/STM32F4xx_HAL_Driver/Src/stm32f4xx_hal.c.obj
 .comment       0x00000049       0x4a CMakeFiles/emWin_Test_F407.elf.dir/Drivers/STM32F4xx_HAL_Driver/Src/stm32f4xx_hal_cortex.c.obj
 .comment       0x00000049       0x4a CMakeFiles/emWin_Test_F407.elf.dir/Drivers/STM32F4xx_HAL_Driver/Src/stm32f4xx_hal_gpio.c.obj
 .comment       0x00000049       0x4a CMakeFiles/emWin_Test_F407.elf.dir/Drivers/STM32F4xx_HAL_Driver/Src/stm32f4xx_hal_rcc.c.obj
 .comment       0x00000049       0x4a CMakeFiles/emWin_Test_F407.elf.dir/Drivers/STM32F4xx_HAL_Driver/Src/stm32f4xx_hal_sram.c.obj
 .comment       0x00000049       0x4a CMakeFiles/emWin_Test_F407.elf.dir/Drivers/STM32F4xx_HAL_Driver/Src/stm32f4xx_hal_uart.c.obj
 .comment       0x00000049       0x4a CMakeFiles/emWin_Test_F407.elf.dir/Drivers/STM32F4xx_HAL_Driver/Src/stm32f4xx_ll_fsmc.c.obj

.debug_info     0x00000000     0xb1e1
 .debug_info    0x00000000      0xb2b CMakeFiles/emWin_Test_F407.elf.dir/Core/Src/fsmc.c.obj
 .debug_info    0x00000b2b      0x549 CMakeFiles/emWin_Test_F407.elf.dir/Core/Src/gpio.c.obj
 .debug_info    0x00001074      0x6c1 CMakeFiles/emWin_Test_F407.elf.dir/Core/Src/main.c.obj
 .debug_info    0x00001735      0x2a4 CMakeFiles/emWin_Test_F407.elf.dir/Core/Src/stm32f4xx_hal_msp.c.obj
 .debug_info    0x000019d9      0x12f CMakeFiles/emWin_Test_F407.elf.dir/Core/Src/stm32f4xx_it.c.obj
 .debug_info    0x00001b08      0x37d CMakeFiles/emWin_Test_F407.elf.dir/Core/Src/system_stm32f4xx.c.obj
 .debug_info    0x00001e85      0x9ec CMakeFiles/emWin_Test_F407.elf.dir/Core/Src/usart.c.obj
 .debug_info    0x00002871       0x22 CMakeFiles/emWin_Test_F407.elf.dir/Core/Startup/startup_stm32f407zgtx.s.obj
 .debug_info    0x00002893      0x9f0 CMakeFiles/emWin_Test_F407.elf.dir/Drivers/STM32F4xx_HAL_Driver/Src/stm32f4xx_hal.c.obj
 .debug_info    0x00003283     0x10de CMakeFiles/emWin_Test_F407.elf.dir/Drivers/STM32F4xx_HAL_Driver/Src/stm32f4xx_hal_cortex.c.obj
 .debug_info    0x00004361      0x7b0 CMakeFiles/emWin_Test_F407.elf.dir/Drivers/STM32F4xx_HAL_Driver/Src/stm32f4xx_hal_gpio.c.obj
 .debug_info    0x00004b11      0xb03 CMakeFiles/emWin_Test_F407.elf.dir/Drivers/STM32F4xx_HAL_Driver/Src/stm32f4xx_hal_rcc.c.obj
 .debug_info    0x00005614      0xf70 CMakeFiles/emWin_Test_F407.elf.dir/Drivers/STM32F4xx_HAL_Driver/Src/stm32f4xx_hal_sram.c.obj
 .debug_info    0x00006584     0x418f CMakeFiles/emWin_Test_F407.elf.dir/Drivers/STM32F4xx_HAL_Driver/Src/stm32f4xx_hal_uart.c.obj
 .debug_info    0x0000a713      0xace CMakeFiles/emWin_Test_F407.elf.dir/Drivers/STM32F4xx_HAL_Driver/Src/stm32f4xx_ll_fsmc.c.obj

.debug_abbrev   0x00000000     0x19bd
 .debug_abbrev  0x00000000      0x1da CMakeFiles/emWin_Test_F407.elf.dir/Core/Src/fsmc.c.obj
 .debug_abbrev  0x000001da      0x14e CMakeFiles/emWin_Test_F407.elf.dir/Core/Src/gpio.c.obj
 .debug_abbrev  0x00000328      0x1c2 CMakeFiles/emWin_Test_F407.elf.dir/Core/Src/main.c.obj
 .debug_abbrev  0x000004ea       0xd1 CMakeFiles/emWin_Test_F407.elf.dir/Core/Src/stm32f4xx_hal_msp.c.obj
 .debug_abbrev  0x000005bb       0x7e CMakeFiles/emWin_Test_F407.elf.dir/Core/Src/stm32f4xx_it.c.obj
 .debug_abbrev  0x00000639      0x119 CMakeFiles/emWin_Test_F407.elf.dir/Core/Src/system_stm32f4xx.c.obj
 .debug_abbrev  0x00000752      0x1da CMakeFiles/emWin_Test_F407.elf.dir/Core/Src/usart.c.obj
 .debug_abbrev  0x0000092c       0x12 CMakeFiles/emWin_Test_F407.elf.dir/Core/Startup/startup_stm32f407zgtx.s.obj
 .debug_abbrev  0x0000093e      0x206 CMakeFiles/emWin_Test_F407.elf.dir/Drivers/STM32F4xx_HAL_Driver/Src/stm32f4xx_hal.c.obj
 .debug_abbrev  0x00000b44      0x361 CMakeFiles/emWin_Test_F407.elf.dir/Drivers/STM32F4xx_HAL_Driver/Src/stm32f4xx_hal_cortex.c.obj
 .debug_abbrev  0x00000ea5      0x1ef CMakeFiles/emWin_Test_F407.elf.dir/Drivers/STM32F4xx_HAL_Driver/Src/stm32f4xx_hal_gpio.c.obj
 .debug_abbrev  0x00001094      0x28a CMakeFiles/emWin_Test_F407.elf.dir/Drivers/STM32F4xx_HAL_Driver/Src/stm32f4xx_hal_rcc.c.obj
 .debug_abbrev  0x0000131e      0x207 CMakeFiles/emWin_Test_F407.elf.dir/Drivers/STM32F4xx_HAL_Driver/Src/stm32f4xx_hal_sram.c.obj
 .debug_abbrev  0x00001525      0x2fd CMakeFiles/emWin_Test_F407.elf.dir/Drivers/STM32F4xx_HAL_Driver/Src/stm32f4xx_hal_uart.c.obj
 .debug_abbrev  0x00001822      0x19b CMakeFiles/emWin_Test_F407.elf.dir/Drivers/STM32F4xx_HAL_Driver/Src/stm32f4xx_ll_fsmc.c.obj

.debug_loc      0x00000000     0x708a
 .debug_loc     0x00000000       0x4a CMakeFiles/emWin_Test_F407.elf.dir/Core/Src/fsmc.c.obj
 .debug_loc     0x0000004a      0x158 CMakeFiles/emWin_Test_F407.elf.dir/Core/Src/system_stm32f4xx.c.obj
 .debug_loc     0x000001a2       0x84 CMakeFiles/emWin_Test_F407.elf.dir/Core/Src/usart.c.obj
 .debug_loc     0x00000226      0x141 CMakeFiles/emWin_Test_F407.elf.dir/Drivers/STM32F4xx_HAL_Driver/Src/stm32f4xx_hal.c.obj
 .debug_loc     0x00000367      0x744 CMakeFiles/emWin_Test_F407.elf.dir/Drivers/STM32F4xx_HAL_Driver/Src/stm32f4xx_hal_cortex.c.obj
 .debug_loc     0x00000aab      0x520 CMakeFiles/emWin_Test_F407.elf.dir/Drivers/STM32F4xx_HAL_Driver/Src/stm32f4xx_hal_gpio.c.obj
 .debug_loc     0x00000fcb      0x58c CMakeFiles/emWin_Test_F407.elf.dir/Drivers/STM32F4xx_HAL_Driver/Src/stm32f4xx_hal_rcc.c.obj
 .debug_loc     0x00001557      0xe92 CMakeFiles/emWin_Test_F407.elf.dir/Drivers/STM32F4xx_HAL_Driver/Src/stm32f4xx_hal_sram.c.obj
 .debug_loc     0x000023e9     0x46c8 CMakeFiles/emWin_Test_F407.elf.dir/Drivers/STM32F4xx_HAL_Driver/Src/stm32f4xx_hal_uart.c.obj
 .debug_loc     0x00006ab1      0x5d9 CMakeFiles/emWin_Test_F407.elf.dir/Drivers/STM32F4xx_HAL_Driver/Src/stm32f4xx_ll_fsmc.c.obj

.debug_aranges  0x00000000      0x788
 .debug_aranges
                0x00000000       0x40 CMakeFiles/emWin_Test_F407.elf.dir/Core/Src/fsmc.c.obj
 .debug_aranges
                0x00000040       0x20 CMakeFiles/emWin_Test_F407.elf.dir/Core/Src/gpio.c.obj
 .debug_aranges
                0x00000060       0x30 CMakeFiles/emWin_Test_F407.elf.dir/Core/Src/main.c.obj
 .debug_aranges
                0x00000090       0x20 CMakeFiles/emWin_Test_F407.elf.dir/Core/Src/stm32f4xx_hal_msp.c.obj
 .debug_aranges
                0x000000b0       0x60 CMakeFiles/emWin_Test_F407.elf.dir/Core/Src/stm32f4xx_it.c.obj
 .debug_aranges
                0x00000110       0x28 CMakeFiles/emWin_Test_F407.elf.dir/Core/Src/system_stm32f4xx.c.obj
 .debug_aranges
                0x00000138       0x30 CMakeFiles/emWin_Test_F407.elf.dir/Core/Src/usart.c.obj
 .debug_aranges
                0x00000168       0x28 CMakeFiles/emWin_Test_F407.elf.dir/Core/Startup/startup_stm32f407zgtx.s.obj
 .debug_aranges
                0x00000190       0xf0 CMakeFiles/emWin_Test_F407.elf.dir/Drivers/STM32F4xx_HAL_Driver/Src/stm32f4xx_hal.c.obj
 .debug_aranges
                0x00000280       0xc0 CMakeFiles/emWin_Test_F407.elf.dir/Drivers/STM32F4xx_HAL_Driver/Src/stm32f4xx_hal_cortex.c.obj
 .debug_aranges
                0x00000340       0x58 CMakeFiles/emWin_Test_F407.elf.dir/Drivers/STM32F4xx_HAL_Driver/Src/stm32f4xx_hal_gpio.c.obj
 .debug_aranges
                0x00000398       0x88 CMakeFiles/emWin_Test_F407.elf.dir/Drivers/STM32F4xx_HAL_Driver/Src/stm32f4xx_hal_rcc.c.obj
 .debug_aranges
                0x00000420       0xb8 CMakeFiles/emWin_Test_F407.elf.dir/Drivers/STM32F4xx_HAL_Driver/Src/stm32f4xx_hal_sram.c.obj
 .debug_aranges
                0x000004d8      0x208 CMakeFiles/emWin_Test_F407.elf.dir/Drivers/STM32F4xx_HAL_Driver/Src/stm32f4xx_hal_uart.c.obj
 .debug_aranges
                0x000006e0       0xa8 CMakeFiles/emWin_Test_F407.elf.dir/Drivers/STM32F4xx_HAL_Driver/Src/stm32f4xx_ll_fsmc.c.obj

.debug_ranges   0x00000000      0x730
 .debug_ranges  0x00000000       0x30 CMakeFiles/emWin_Test_F407.elf.dir/Core/Src/fsmc.c.obj
 .debug_ranges  0x00000030       0x10 CMakeFiles/emWin_Test_F407.elf.dir/Core/Src/gpio.c.obj
 .debug_ranges  0x00000040       0x20 CMakeFiles/emWin_Test_F407.elf.dir/Core/Src/main.c.obj
 .debug_ranges  0x00000060       0x10 CMakeFiles/emWin_Test_F407.elf.dir/Core/Src/stm32f4xx_hal_msp.c.obj
 .debug_ranges  0x00000070       0x50 CMakeFiles/emWin_Test_F407.elf.dir/Core/Src/stm32f4xx_it.c.obj
 .debug_ranges  0x000000c0       0x18 CMakeFiles/emWin_Test_F407.elf.dir/Core/Src/system_stm32f4xx.c.obj
 .debug_ranges  0x000000d8       0x20 CMakeFiles/emWin_Test_F407.elf.dir/Core/Src/usart.c.obj
 .debug_ranges  0x000000f8       0x20 CMakeFiles/emWin_Test_F407.elf.dir/Core/Startup/startup_stm32f407zgtx.s.obj
 .debug_ranges  0x00000118       0xe0 CMakeFiles/emWin_Test_F407.elf.dir/Drivers/STM32F4xx_HAL_Driver/Src/stm32f4xx_hal.c.obj
 .debug_ranges  0x000001f8      0x110 CMakeFiles/emWin_Test_F407.elf.dir/Drivers/STM32F4xx_HAL_Driver/Src/stm32f4xx_hal_cortex.c.obj
 .debug_ranges  0x00000308       0x48 CMakeFiles/emWin_Test_F407.elf.dir/Drivers/STM32F4xx_HAL_Driver/Src/stm32f4xx_hal_gpio.c.obj
 .debug_ranges  0x00000350       0x90 CMakeFiles/emWin_Test_F407.elf.dir/Drivers/STM32F4xx_HAL_Driver/Src/stm32f4xx_hal_rcc.c.obj
 .debug_ranges  0x000003e0       0xa8 CMakeFiles/emWin_Test_F407.elf.dir/Drivers/STM32F4xx_HAL_Driver/Src/stm32f4xx_hal_sram.c.obj
 .debug_ranges  0x00000488      0x210 CMakeFiles/emWin_Test_F407.elf.dir/Drivers/STM32F4xx_HAL_Driver/Src/stm32f4xx_hal_uart.c.obj
 .debug_ranges  0x00000698       0x98 CMakeFiles/emWin_Test_F407.elf.dir/Drivers/STM32F4xx_HAL_Driver/Src/stm32f4xx_ll_fsmc.c.obj

.debug_line     0x00000000     0x8b39
 .debug_line    0x00000000      0x4ce CMakeFiles/emWin_Test_F407.elf.dir/Core/Src/fsmc.c.obj
 .debug_line    0x000004ce      0x25d CMakeFiles/emWin_Test_F407.elf.dir/Core/Src/gpio.c.obj
 .debug_line    0x0000072b      0x40c CMakeFiles/emWin_Test_F407.elf.dir/Core/Src/main.c.obj
 .debug_line    0x00000b37      0x192 CMakeFiles/emWin_Test_F407.elf.dir/Core/Src/stm32f4xx_hal_msp.c.obj
 .debug_line    0x00000cc9      0x1d5 CMakeFiles/emWin_Test_F407.elf.dir/Core/Src/stm32f4xx_it.c.obj
 .debug_line    0x00000e9e      0x25b CMakeFiles/emWin_Test_F407.elf.dir/Core/Src/system_stm32f4xx.c.obj
 .debug_line    0x000010f9      0x35b CMakeFiles/emWin_Test_F407.elf.dir/Core/Src/usart.c.obj
 .debug_line    0x00001454       0xb3 CMakeFiles/emWin_Test_F407.elf.dir/Core/Startup/startup_stm32f407zgtx.s.obj
 .debug_line    0x00001507      0x5f9 CMakeFiles/emWin_Test_F407.elf.dir/Drivers/STM32F4xx_HAL_Driver/Src/stm32f4xx_hal.c.obj
 .debug_line    0x00001b00      0x840 CMakeFiles/emWin_Test_F407.elf.dir/Drivers/STM32F4xx_HAL_Driver/Src/stm32f4xx_hal_cortex.c.obj
 .debug_line    0x00002340      0x747 CMakeFiles/emWin_Test_F407.elf.dir/Drivers/STM32F4xx_HAL_Driver/Src/stm32f4xx_hal_gpio.c.obj
 .debug_line    0x00002a87      0xbaf CMakeFiles/emWin_Test_F407.elf.dir/Drivers/STM32F4xx_HAL_Driver/Src/stm32f4xx_hal_rcc.c.obj
 .debug_line    0x00003636      0xb28 CMakeFiles/emWin_Test_F407.elf.dir/Drivers/STM32F4xx_HAL_Driver/Src/stm32f4xx_hal_sram.c.obj
 .debug_line    0x0000415e     0x434f CMakeFiles/emWin_Test_F407.elf.dir/Drivers/STM32F4xx_HAL_Driver/Src/stm32f4xx_hal_uart.c.obj
 .debug_line    0x000084ad      0x68c CMakeFiles/emWin_Test_F407.elf.dir/Drivers/STM32F4xx_HAL_Driver/Src/stm32f4xx_ll_fsmc.c.obj

.debug_str      0x00000000     0x2c53
 .debug_str     0x00000000      0x848 CMakeFiles/emWin_Test_F407.elf.dir/Core/Src/fsmc.c.obj
                                0x904 (size before relaxing)
 .debug_str     0x00000848       0x79 CMakeFiles/emWin_Test_F407.elf.dir/Core/Src/gpio.c.obj
                                0x3b4 (size before relaxing)
 .debug_str     0x000008c1      0x1fe CMakeFiles/emWin_Test_F407.elf.dir/Core/Src/main.c.obj
                                0x557 (size before relaxing)
 .debug_str     0x00000abf       0x57 CMakeFiles/emWin_Test_F407.elf.dir/Core/Src/stm32f4xx_hal_msp.c.obj
                                0x303 (size before relaxing)
 .debug_str     0x00000b16       0xe2 CMakeFiles/emWin_Test_F407.elf.dir/Core/Src/stm32f4xx_it.c.obj
                                0x277 (size before relaxing)
 .debug_str     0x00000bf8       0xb2 CMakeFiles/emWin_Test_F407.elf.dir/Core/Src/system_stm32f4xx.c.obj
                                0x369 (size before relaxing)
 .debug_str     0x00000caa      0x261 CMakeFiles/emWin_Test_F407.elf.dir/Core/Src/usart.c.obj
                                0x86c (size before relaxing)
 .debug_str     0x00000f0b       0x61 CMakeFiles/emWin_Test_F407.elf.dir/Core/Startup/startup_stm32f407zgtx.s.obj
                                 0xa1 (size before relaxing)
 .debug_str     0x00000f6c      0x876 CMakeFiles/emWin_Test_F407.elf.dir/Drivers/STM32F4xx_HAL_Driver/Src/stm32f4xx_hal.c.obj
                                0xba2 (size before relaxing)
 .debug_str     0x000017e2      0x51b CMakeFiles/emWin_Test_F407.elf.dir/Drivers/STM32F4xx_HAL_Driver/Src/stm32f4xx_hal_cortex.c.obj
                                0xcbd (size before relaxing)
 .debug_str     0x00001cfd      0x140 CMakeFiles/emWin_Test_F407.elf.dir/Drivers/STM32F4xx_HAL_Driver/Src/stm32f4xx_hal_gpio.c.obj
                                0x528 (size before relaxing)
 .debug_str     0x00001e3d      0x1cf CMakeFiles/emWin_Test_F407.elf.dir/Drivers/STM32F4xx_HAL_Driver/Src/stm32f4xx_hal_rcc.c.obj
                                0x74e (size before relaxing)
 .debug_str     0x0000200c      0x2da CMakeFiles/emWin_Test_F407.elf.dir/Drivers/STM32F4xx_HAL_Driver/Src/stm32f4xx_hal_sram.c.obj
                                0x9bb (size before relaxing)
 .debug_str     0x000022e6      0x684 CMakeFiles/emWin_Test_F407.elf.dir/Drivers/STM32F4xx_HAL_Driver/Src/stm32f4xx_hal_uart.c.obj
                                0xde3 (size before relaxing)
 .debug_str     0x0000296a      0x2e9 CMakeFiles/emWin_Test_F407.elf.dir/Drivers/STM32F4xx_HAL_Driver/Src/stm32f4xx_ll_fsmc.c.obj
                                0x781 (size before relaxing)

.debug_frame    0x00000000     0x13d0
 .debug_frame   0x00000000       0xa4 CMakeFiles/emWin_Test_F407.elf.dir/Core/Src/fsmc.c.obj
 .debug_frame   0x000000a4       0x34 CMakeFiles/emWin_Test_F407.elf.dir/Core/Src/gpio.c.obj
 .debug_frame   0x000000d8       0x58 CMakeFiles/emWin_Test_F407.elf.dir/Core/Src/main.c.obj
 .debug_frame   0x00000130       0x28 CMakeFiles/emWin_Test_F407.elf.dir/Core/Src/stm32f4xx_hal_msp.c.obj
 .debug_frame   0x00000158       0xa8 CMakeFiles/emWin_Test_F407.elf.dir/Core/Src/stm32f4xx_it.c.obj
 .debug_frame   0x00000200       0x30 CMakeFiles/emWin_Test_F407.elf.dir/Core/Src/system_stm32f4xx.c.obj
 .debug_frame   0x00000230       0x60 CMakeFiles/emWin_Test_F407.elf.dir/Core/Src/usart.c.obj
 .debug_frame   0x00000290      0x1ec CMakeFiles/emWin_Test_F407.elf.dir/Drivers/STM32F4xx_HAL_Driver/Src/stm32f4xx_hal.c.obj
 .debug_frame   0x0000047c      0x178 CMakeFiles/emWin_Test_F407.elf.dir/Drivers/STM32F4xx_HAL_Driver/Src/stm32f4xx_hal_cortex.c.obj
 .debug_frame   0x000005f4       0xd8 CMakeFiles/emWin_Test_F407.elf.dir/Drivers/STM32F4xx_HAL_Driver/Src/stm32f4xx_hal_gpio.c.obj
 .debug_frame   0x000006cc      0x16c CMakeFiles/emWin_Test_F407.elf.dir/Drivers/STM32F4xx_HAL_Driver/Src/stm32f4xx_hal_rcc.c.obj
 .debug_frame   0x00000838      0x1f8 CMakeFiles/emWin_Test_F407.elf.dir/Drivers/STM32F4xx_HAL_Driver/Src/stm32f4xx_hal_sram.c.obj
 .debug_frame   0x00000a30      0x5e4 CMakeFiles/emWin_Test_F407.elf.dir/Drivers/STM32F4xx_HAL_Driver/Src/stm32f4xx_hal_uart.c.obj
 .debug_frame   0x00001014      0x170 CMakeFiles/emWin_Test_F407.elf.dir/Drivers/STM32F4xx_HAL_Driver/Src/stm32f4xx_ll_fsmc.c.obj
 .debug_frame   0x00001184       0x2c d:/progra~2/gnuarm~1/102021~1.10/bin/../lib/gcc/arm-none-eabi/10.3.1/thumb/v7e-m/nofp\libgcc.a(_aeabi_uldivmod.o)
 .debug_frame   0x000011b0       0x34 d:/progra~2/gnuarm~1/102021~1.10/bin/../lib/gcc/arm-none-eabi/10.3.1/thumb/v7e-m/nofp\libgcc.a(_udivmoddi4.o)
 .debug_frame   0x000011e4       0x2c d:/progra~2/gnuarm~1/102021~1.10/bin/../lib/gcc/arm-none-eabi/10.3.1/../../../../arm-none-eabi/lib/thumb/v7e-m/nofp\libg.a(lib_a-init.o)
 .debug_frame   0x00001210       0x2c d:/progra~2/gnuarm~1/102021~1.10/bin/../lib/gcc/arm-none-eabi/10.3.1/../../../../arm-none-eabi/lib/thumb/v7e-m/nofp\libg.a(lib_a-memset.o)
 .debug_frame   0x0000123c       0x5c d:/progra~2/gnuarm~1/102021~1.10/bin/../lib/gcc/arm-none-eabi/10.3.1/../../../../arm-none-eabi/lib/thumb/v7e-m/nofp\libg.a(lib_a-__call_atexit.o)
 .debug_frame   0x00001298       0x20 d:/progra~2/gnuarm~1/102021~1.10/bin/../lib/gcc/arm-none-eabi/10.3.1/../../../../arm-none-eabi/lib/thumb/v7e-m/nofp\libg.a(lib_a-atexit.o)
 .debug_frame   0x000012b8       0x34 d:/progra~2/gnuarm~1/102021~1.10/bin/../lib/gcc/arm-none-eabi/10.3.1/../../../../arm-none-eabi/lib/thumb/v7e-m/nofp\libg.a(lib_a-fini.o)
 .debug_frame   0x000012ec       0xb0 d:/progra~2/gnuarm~1/102021~1.10/bin/../lib/gcc/arm-none-eabi/10.3.1/../../../../arm-none-eabi/lib/thumb/v7e-m/nofp\libg.a(lib_a-lock.o)
 .debug_frame   0x0000139c       0x34 d:/progra~2/gnuarm~1/102021~1.10/bin/../lib/gcc/arm-none-eabi/10.3.1/../../../../arm-none-eabi/lib/thumb/v7e-m/nofp\libg.a(lib_a-__atexit.o)
